Component: ARM Compiler 5.06 update 7 (build 960) Tool: armlink [4d3601]

==============================================================================

Section Cross References

    startup_stm32f407xx.o(RESET) refers to startup_stm32f407xx.o(STACK) for __initial_sp
    startup_stm32f407xx.o(RESET) refers to startup_stm32f407xx.o(.text) for Reset_Handler
    startup_stm32f407xx.o(RESET) refers to stm32f4xx_it.o(i.NMI_Handler) for NMI_Handler
    startup_stm32f407xx.o(RESET) refers to stm32f4xx_it.o(i.HardFault_Handler) for HardFault_Handler
    startup_stm32f407xx.o(RESET) refers to stm32f4xx_it.o(i.MemManage_Handler) for MemManage_Handler
    startup_stm32f407xx.o(RESET) refers to stm32f4xx_it.o(i.BusFault_Handler) for BusFault_Handler
    startup_stm32f407xx.o(RESET) refers to stm32f4xx_it.o(i.UsageFault_Handler) for UsageFault_Handler
    startup_stm32f407xx.o(RESET) refers to port.o(.emb_text) for SVC_Handler
    startup_stm32f407xx.o(RESET) refers to stm32f4xx_it.o(i.DebugMon_Handler) for DebugMon_Handler
    startup_stm32f407xx.o(RESET) refers to port.o(i.SysTick_Handler) for SysTick_Handler
    startup_stm32f407xx.o(RESET) refers to stm32f4xx_it.o(i.TIM1_UP_TIM10_IRQHandler) for TIM1_UP_TIM10_IRQHandler
    startup_stm32f407xx.o(RESET) refers to stm32f4xx_it.o(i.USART3_IRQHandler) for USART3_IRQHandler
    startup_stm32f407xx.o(RESET) refers to stm32f4xx_it.o(i.DMA2_Stream0_IRQHandler) for DMA2_Stream0_IRQHandler
    startup_stm32f407xx.o(.text) refers to system_stm32f4xx.o(i.SystemInit) for SystemInit
    startup_stm32f407xx.o(.text) refers to entry.o(.ARM.Collect$$$$00000000) for __main
    main.o(i.Error_Handler) refers to led.o(i.LED_Toggle) for LED_Toggle
    main.o(i.Error_Handler) refers to stm32f4xx_hal.o(i.HAL_Delay) for HAL_Delay
    main.o(i.HAL_TIM_PeriodElapsedCallback) refers to stm32f4xx_hal.o(i.HAL_IncTick) for HAL_IncTick
    main.o(i.SystemClock_Config) refers to memseta.o(.text) for __aeabi_memclr4
    main.o(i.SystemClock_Config) refers to stm32f4xx_hal_rcc.o(i.HAL_RCC_OscConfig) for HAL_RCC_OscConfig
    main.o(i.SystemClock_Config) refers to stm32f4xx_hal_rcc.o(i.HAL_RCC_ClockConfig) for HAL_RCC_ClockConfig
    main.o(i.SystemClock_Config) refers to main.o(i.Error_Handler) for Error_Handler
    main.o(i.main) refers to stm32f4xx_hal.o(i.HAL_Init) for HAL_Init
    main.o(i.main) refers to main.o(i.SystemClock_Config) for SystemClock_Config
    main.o(i.main) refers to gpio.o(i.MX_GPIO_Init) for MX_GPIO_Init
    main.o(i.main) refers to dma.o(i.MX_DMA_Init) for MX_DMA_Init
    main.o(i.main) refers to tim.o(i.MX_TIM2_Init) for MX_TIM2_Init
    main.o(i.main) refers to tim.o(i.MX_TIM3_Init) for MX_TIM3_Init
    main.o(i.main) refers to usart.o(i.MX_USART1_UART_Init) for MX_USART1_UART_Init
    main.o(i.main) refers to adc.o(i.MX_ADC1_Init) for MX_ADC1_Init
    main.o(i.main) refers to i2c.o(i.MX_I2C1_Init) for MX_I2C1_Init
    main.o(i.main) refers to usart.o(i.MX_USART2_UART_Init) for MX_USART2_UART_Init
    main.o(i.main) refers to usart.o(i.MX_USART3_UART_Init) for MX_USART3_UART_Init
    main.o(i.main) refers to stm32f4xx_hal.o(i.HAL_Delay) for HAL_Delay
    main.o(i.main) refers to stm32f4xx_hal_uart.o(i.HAL_UART_Transmit) for HAL_UART_Transmit
    main.o(i.main) refers to stm32f4xx_hal_adc.o(i.HAL_ADC_Start_DMA) for HAL_ADC_Start_DMA
    main.o(i.main) refers to my_usart.o(i.USART_Init) for USART_Init
    main.o(i.main) refers to freertos.o(i.MX_FREERTOS_Init) for MX_FREERTOS_Init
    main.o(i.main) refers to cmsis_os.o(i.osKernelStart) for osKernelStart
    main.o(i.main) refers to usart.o(.bss) for huart2
    main.o(i.main) refers to main.o(.data) for .data
    main.o(i.main) refers to adc.o(.bss) for hadc1
    gpio.o(i.MX_GPIO_Init) refers to memseta.o(.text) for __aeabi_memclr4
    gpio.o(i.MX_GPIO_Init) refers to stm32f4xx_hal_gpio.o(i.HAL_GPIO_WritePin) for HAL_GPIO_WritePin
    gpio.o(i.MX_GPIO_Init) refers to stm32f4xx_hal_gpio.o(i.HAL_GPIO_Init) for HAL_GPIO_Init
    freertos.o(i.MX_FREERTOS_Init) refers to queue.o(i.xQueueGenericCreate) for xQueueGenericCreate
    freertos.o(i.MX_FREERTOS_Init) refers to main.o(i.Error_Handler) for Error_Handler
    freertos.o(i.MX_FREERTOS_Init) refers to my_usart.o(i.PID_Queue_Init) for PID_Queue_Init
    freertos.o(i.MX_FREERTOS_Init) refers to memcpya.o(.text) for __aeabi_memcpy4
    freertos.o(i.MX_FREERTOS_Init) refers to cmsis_os.o(i.osThreadCreate) for osThreadCreate
    freertos.o(i.MX_FREERTOS_Init) refers to my_usart.o(i.PID_Task_Init) for PID_Task_Init
    freertos.o(i.MX_FREERTOS_Init) refers to angle_sensor.o(.data) for xSensorQueue
    freertos.o(i.MX_FREERTOS_Init) refers to motor.o(.data) for xMotorCmdQueue
    freertos.o(i.MX_FREERTOS_Init) refers to freertos.o(.constdata) for .constdata
    freertos.o(i.MX_FREERTOS_Init) refers to freertos.o(.data) for .data
    freertos.o(i.vApplicationGetIdleTaskMemory) refers to freertos.o(.bss) for .bss
[...]
    prvIdleTask                              0x08005659   Thumb Code    82  tasks.o(i.prvIdleTask)
    i.prvInitialiseNewQueue                  0x080056b8   Section        0  queue.o(i.prvInitialiseNewQueue)
    prvInitialiseNewQueue                    0x080056b9   Thumb Code    34  queue.o(i.prvInitialiseNewQueue)
    i.prvInitialiseNewTask                   0x080056da   Section        0  tasks.o(i.prvInitialiseNewTask)
    prvInitialiseNewTask                     0x080056db   Thumb Code   178  tasks.o(i.prvInitialiseNewTask)
    i.prvInsertBlockIntoFreeList             0x0800578c   Section        0  heap_4.o(i.prvInsertBlockIntoFreeList)
    prvInsertBlockIntoFreeList               0x0800578d   Thumb Code    72  heap_4.o(i.prvInsertBlockIntoFreeList)
    i.prvIsQueueEmpty                        0x080057d8   Section        0  queue.o(i.prvIsQueueEmpty)
    prvIsQueueEmpty                          0x080057d9   Thumb Code    28  queue.o(i.prvIsQueueEmpty)
    i.prvResetNextTaskUnblockTime            0x080057f4   Section        0  tasks.o(i.prvResetNextTaskUnblockTime)
    prvResetNextTaskUnblockTime              0x080057f5   Thumb Code    26  tasks.o(i.prvResetNextTaskUnblockTime)
    i.prvTaskExitError                       0x08005814   Section        0  port.o(i.prvTaskExitError)
    prvTaskExitError                         0x08005815   Thumb Code    36  port.o(i.prvTaskExitError)
    i.prvUnlockQueue                         0x0800583c   Section        0  queue.o(i.prvUnlockQueue)
    prvUnlockQueue                           0x0800583d   Thumb Code   106  queue.o(i.prvUnlockQueue)
    i.pvPortMalloc                           0x080058a8   Section        0  heap_4.o(i.pvPortMalloc)
    i.pxPortInitialiseStack                  0x08005990   Section        0  port.o(i.pxPortInitialiseStack)
    i.sensor_filter                          0x080059bc   Section        0  angle_sensor.o(i.sensor_filter)
    sensor_filter                            0x080059bd   Thumb Code    22  angle_sensor.o(i.sensor_filter)
    i.usart2_tx_f                            0x080059dc   Section        0  my_usart.o(i.usart2_tx_f)
    i.usart3_rx_f                            0x08005a90   Section        0  my_usart.o(i.usart3_rx_f)
    i.uxListRemove                           0x08005b20   Section        0  list.o(i.uxListRemove)
    i.vApplicationGetIdleTaskMemory          0x08005b48   Section        0  freertos.o(i.vApplicationGetIdleTaskMemory)
    i.vApplicationMallocFailedHook           0x08005b5c   Section        0  freertos.o(i.vApplicationMallocFailedHook)
    i.vApplicationStackOverflowHook          0x08005b5e   Section        0  freertos.o(i.vApplicationStackOverflowHook)
    i.vListInitialise                        0x08005b60   Section        0  list.o(i.vListInitialise)
    i.vListInitialiseItem                    0x08005b76   Section        0  list.o(i.vListInitialiseItem)
    i.vListInsert                            0x08005b7c   Section        0  list.o(i.vListInsert)
    i.vListInsertEnd                         0x08005bac   Section        0  list.o(i.vListInsertEnd)
    i.vPortEnterCritical                     0x08005bc4   Section        0  port.o(i.vPortEnterCritical)
    i.vPortExitCritical                      0x08005c04   Section        0  port.o(i.vPortExitCritical)
    i.vPortFree                              0x08005c2c   Section        0  heap_4.o(i.vPortFree)
    i.vPortSetupTimerInterrupt               0x08005c90   Section        0  port.o(i.vPortSetupTimerInterrupt)
    i.vPortValidateInterruptPriority         0x08005cb4   Section        0  port.o(i.vPortValidateInterruptPriority)
    i.vTaskDelay                             0x08005d08   Section        0  tasks.o(i.vTaskDelay)
    i.vTaskInternalSetTimeOutState           0x08005d54   Section        0  tasks.o(i.vTaskInternalSetTimeOutState)
    i.vTaskMissedYield                       0x08005d64   Section        0  tasks.o(i.vTaskMissedYield)
    i.vTaskPlaceOnEventList                  0x08005d70   Section        0  tasks.o(i.vTaskPlaceOnEventList)
    i.vTaskStartScheduler                    0x08005da0   Section        0  tasks.o(i.vTaskStartScheduler)
    i.vTaskSuspendAll                        0x08005e10   Section        0  tasks.o(i.vTaskSuspendAll)
    i.vTaskSwitchContext                     0x08005e20   Section        0  tasks.o(i.vTaskSwitchContext)
    i.xPortStartScheduler                    0x08005ec0   Section        0  port.o(i.xPortStartScheduler)
    i.xQueueGenericCreate                    0x08005fb4   Section        0  queue.o(i.xQueueGenericCreate)
    i.xQueueGenericReset                     0x08005ff8   Section        0  queue.o(i.xQueueGenericReset)
    i.xQueueGenericSend                      0x08006080   Section        0  queue.o(i.xQueueGenericSend)
    i.xQueueGenericSendFromISR               0x080061e0   Section        0  queue.o(i.xQueueGenericSendFromISR)
    i.xQueuePeek                             0x080062a0   Section        0  queue.o(i.xQueuePeek)
    i.xQueueReceive                          0x080063d4   Section        0  queue.o(i.xQueueReceive)
    i.xTaskCheckForTimeOut                   0x0800650c   Section        0  tasks.o(i.xTaskCheckForTimeOut)
    i.xTaskCreate                            0x08006580   Section        0  tasks.o(i.xTaskCreate)
    i.xTaskCreateStatic                      0x080065da   Section        0  tasks.o(i.xTaskCreateStatic)
    i.xTaskGetSchedulerState                 0x08006630   Section        0  tasks.o(i.xTaskGetSchedulerState)
    i.xTaskIncrementTick                     0x0800664c   Section        0  tasks.o(i.xTaskIncrementTick)
    i.xTaskPriorityDisinherit                0x08006718   Section        0  tasks.o(i.xTaskPriorityDisinherit)
    i.xTaskRemoveFromEventList               0x080067b0   Section        0  tasks.o(i.xTaskRemoveFromEventList)
    i.xTaskResumeAll                         0x08006824   Section        0  tasks.o(i.xTaskResumeAll)
    .constdata                               0x080068e8   Section      168  freertos.o(.constdata)
    .constdata                               0x08006990   Section        8  stm32f4xx_hal_dma.o(.constdata)
    flagBitshiftOffset                       0x08006990   Data           8  stm32f4xx_hal_dma.o(.constdata)
    .constdata                               0x08006998   Section       16  system_stm32f4xx.o(.constdata)
    .constdata                               0x080069a8   Section        8  system_stm32f4xx.o(.constdata)
    .constdata                               0x080069b0   Section      129  ctype_o.o(.constdata)
    .constdata                               0x08006a34   Section        4  ctype_o.o(.constdata)
    table                                    0x08006a34   Data           4  ctype_o.o(.constdata)
    .conststring                             0x08006a38   Section       74  freertos.o(.conststring)
    .data                                    0x20000000   Section        4  main.o(.data)
    .data                                    0x20000004   Section       24  freertos.o(.data)
    .data                                    0x2000001c   Section       32  angle_sensor.o(.data)
    first_run                                0x2000001c   Data           1  angle_sensor.o(.data)
    last_adc1                                0x20000024   Data           4  angle_sensor.o(.data)
    last_adc2                                0x20000028   Data           4  angle_sensor.o(.data)
    last_angle1                              0x2000002c   Data           4  angle_sensor.o(.data)
    last_angle2                              0x20000030   Data           4  angle_sensor.o(.data)
    filtered_vel1                            0x20000034   Data           4  angle_sensor.o(.data)
    filtered_vel2                            0x20000038   Data           4  angle_sensor.o(.data)
    .data                                    0x2000003c   Section       96  balance.o(.data)
    key_last                                 0x2000003d   Data           1  balance.o(.data)
    Count1                                   0x20000040   Data           2  balance.o(.data)
    Count2                                   0x20000042   Data           2  balance.o(.data)
    .data                                    0x2000009c   Section        8  motor.o(.data)
    .data                                    0x200000a4   Section       12  my_usart.o(.data)
    uart3_rx_byte                            0x200000a4   Data           1  my_usart.o(.data)
    uart1_rx_idx                             0x200000a6   Data           2  my_usart.o(.data)
    xUart3RxQueue                            0x200000a8   Data           4  my_usart.o(.data)
    xPIDQueue                                0x200000ac   Data           4  my_usart.o(.data)
    .data                                    0x200000b0   Section       32  stm32f4xx_hal_flash.o(.data)
    .data                                    0x200000d0   Section       12  stm32f4xx_hal.o(.data)
    .data                                    0x200000dc   Section        4  system_stm32f4xx.o(.data)
    .data                                    0x200000e0   Section       68  tasks.o(.data)
    uxDeletedTasksWaitingCleanUp             0x200000e4   Data           4  tasks.o(.data)
    uxCurrentNumberOfTasks                   0x200000e8   Data           4  tasks.o(.data)
    xTickCount                               0x200000ec   Data           4  tasks.o(.data)
    uxTopReadyPriority                       0x200000f0   Data           4  tasks.o(.data)
    xSchedulerRunning                        0x200000f4   Data           4  tasks.o(.data)
    xPendedTicks                             0x200000f8   Data           4  tasks.o(.data)
    xYieldPending                            0x200000fc   Data           4  tasks.o(.data)
    xNumOfOverflows                          0x20000100   Data           4  tasks.o(.data)
    uxTaskNumber                             0x20000104   Data           4  tasks.o(.data)
    xNextTaskUnblockTime                     0x20000108   Data           4  tasks.o(.data)
    xIdleTaskHandle                          0x2000010c   Data           4  tasks.o(.data)
    uxSchedulerSuspended                     0x20000110   Data           4  tasks.o(.data)
    ulTaskSwitchedInTime                     0x20000114   Data           4  tasks.o(.data)
    ulTotalRunTime                           0x20000118   Data           4  tasks.o(.data)
    pxDelayedTaskList                        0x2000011c   Data           4  tasks.o(.data)
    pxOverflowDelayedTaskList                0x20000120   Data           4  tasks.o(.data)
    .data                                    0x20000124   Section       32  heap_4.o(.data)
    pxEnd                                    0x20000124   Data           4  heap_4.o(.data)
    xFreeBytesRemaining                      0x20000128   Data           4  heap_4.o(.data)
    xMinimumEverFreeBytesRemaining           0x2000012c   Data           4  heap_4.o(.data)
    xNumberOfSuccessfulAllocations           0x20000130   Data           4  heap_4.o(.data)
    xNumberOfSuccessfulFrees                 0x20000134   Data           4  heap_4.o(.data)
    xBlockAllocatedBit                       0x20000138   Data           4  heap_4.o(.data)
    xStart                                   0x2000013c   Data           8  heap_4.o(.data)
    .data                                    0x20000144   Section       12  port.o(.data)
    ucMaxSysCallPriority                     0x20000144   Data           1  port.o(.data)
    uxCriticalNesting                        0x20000148   Data           4  port.o(.data)
    ulMaxPRIGROUPValue                       0x2000014c   Data           4  port.o(.data)
    .bss                                     0x20000150   Section      612  freertos.o(.bss)
    xIdleTaskTCBBuffer                       0x20000150   Data         100  freertos.o(.bss)
    xIdleStack                               0x200001b4   Data         512  freertos.o(.bss)
    .bss                                     0x200003b4   Section      168  adc.o(.bss)
    .bss                                     0x2000045c   Section       84  i2c.o(.bss)
    .bss                                     0x200004b0   Section      144  tim.o(.bss)
    .bss                                     0x20000540   Section      216  usart.o(.bss)
    .bss                                     0x20000618   Section       72  stm32f4xx_hal_timebase_tim.o(.bss)
    .bss                                     0x20000660   Section      240  tasks.o(.bss)
    pxReadyTasksLists                        0x20000660   Data         140  tasks.o(.bss)
    xDelayedTaskList1                        0x200006ec   Data          20  tasks.o(.bss)
    xDelayedTaskList2                        0x20000700   Data          20  tasks.o(.bss)
    xPendingReadyList                        0x20000714   Data          20  tasks.o(.bss)
    xTasksWaitingTermination                 0x20000728   Data          20  tasks.o(.bss)
    xSuspendedTaskList                       0x2000073c   Data          20  tasks.o(.bss)
    .bss                                     0x20000750   Section    15360  heap_4.o(.bss)
    ucHeap                                   0x20000750   Data       15360  heap_4.o(.bss)
    STACK                                    0x20004350   Section     1024  startup_stm32f407xx.o(STACK)

    Global Symbols

    Symbol Name                              Value     Ov Type        Size  Object(Section)

    BuildAttributes$$THM_ISAv4$E$P$D$K$B$S$7EM$VFPi3$EXTD16$VFPS$VFMA$PE$A:L22UL41UL21$X:L11$S22US41US21$IEEE1$IW$USESV6$~STKCKD$USESV7$~SHL$OTIME$ROPI$EBA8$MICROLIB$REQ8$PRES8$EABIv2 0x00000000   Number         0  anon$$obj.o ABSOLUTE
    __ARM_use_no_argv                        0x00000000   Number         0  main.o ABSOLUTE
    _printf_a                                0x00000000   Number         0  stubs.o ABSOLUTE
    _printf_c                                0x00000000   Number         0  stubs.o ABSOLUTE
    _printf_charcount                        0x00000000   Number         0  stubs.o ABSOLUTE
    _printf_d                                0x00000000   Number         0  stubs.o ABSOLUTE
    _printf_e                                0x00000000   Number         0  stubs.o ABSOLUTE
    _printf_f                                0x00000000   Number         0  stubs.o ABSOLUTE
    _printf_flags                            0x00000000   Number         0  stubs.o ABSOLUTE
    _printf_fp_dec                           0x00000000   Number         0  stubs.o ABSOLUTE
    _printf_fp_hex                           0x00000000   Number         0  stubs.o ABSOLUTE
    _printf_g                                0x00000000   Number         0  stubs.o ABSOLUTE
    _printf_i                                0x00000000   Number         0  stubs.o ABSOLUTE
    _printf_int_dec                          0x00000000   Number         0  stubs.o ABSOLUTE
    _printf_l                                0x00000000   Number         0  stubs.o ABSOLUTE
    _printf_lc                               0x00000000   Number         0  stubs.o ABSOLUTE
    _printf_ll                               0x00000000   Number         0  stubs.o ABSOLUTE
    _printf_lld                              0x00000000   Number         0  stubs.o ABSOLUTE
    _printf_lli                              0x00000000   Number         0  stubs.o ABSOLUTE
    _printf_llo                              0x00000000   Number         0  stubs.o ABSOLUTE
    _printf_llu                              0x00000000   Number         0  stubs.o ABSOLUTE
    _printf_llx                              0x00000000   Number         0  stubs.o ABSOLUTE
    _printf_longlong_dec                     0x00000000   Number         0  stubs.o ABSOLUTE
    _printf_longlong_hex                     0x00000000   Number         0  stubs.o ABSOLUTE
    _printf_longlong_oct                     0x00000000   Number         0  stubs.o ABSOLUTE
    _printf_ls                               0x00000000   Number         0  stubs.o ABSOLUTE
    _printf_mbtowc                           0x00000000   Number         0  stubs.o ABSOLUTE
    _printf_n                                0x00000000   Number         0  stubs.o ABSOLUTE
    _printf_o                                0x00000000   Number         0  stubs.o ABSOLUTE
    _printf_p                                0x00000000   Number         0  stubs.o ABSOLUTE
    _printf_percent                          0x00000000   Number         0  stubs.o ABSOLUTE
    _printf_pre_padding                      0x00000000   Number         0  stubs.o ABSOLUTE
    _printf_return_value                     0x00000000   Number         0  stubs.o ABSOLUTE
    _printf_s                                0x00000000   Number         0  stubs.o ABSOLUTE
    _printf_sizespec                         0x00000000   Number         0  stubs.o ABSOLUTE
    _printf_str                              0x00000000   Number         0  stubs.o ABSOLUTE
    _printf_truncate_signed                  0x00000000   Number         0  stubs.o ABSOLUTE
    _printf_truncate_unsigned                0x00000000   Number         0  stubs.o ABSOLUTE
    _printf_u                                0x00000000   Number         0  stubs.o ABSOLUTE
    _printf_wc                               0x00000000   Number         0  stubs.o ABSOLUTE
    _printf_wctomb                           0x00000000   Number         0  stubs.o ABSOLUTE
    _printf_widthprec                        0x00000000   Number         0  stubs.o ABSOLUTE
    _printf_x                                0x00000000   Number         0  stubs.o ABSOLUTE
    __arm_fini_                               - Undefined Weak Reference
    __cpp_initialize__aeabi_                  - Undefined Weak Reference
    __cxa_finalize                            - Undefined Weak Reference
    _clock_init                               - Undefined Weak Reference
    _microlib_exit                            - Undefined Weak Reference
    _scanf_int                                - Undefined Weak Reference
    _scanf_longlong                           - Undefined Weak Reference
    _scanf_string                             - Undefined Weak Reference
    __Vectors_Size                           0x00000188   Number         0  startup_stm32f407xx.o ABSOLUTE
    __Vectors                                0x08000000   Data           4  startup_stm32f407xx.o(RESET)
    __Vectors_End                            0x08000188   Data           0  startup_stm32f407xx.o(RESET)
    __main                                   0x08000189   Thumb Code     0  entry.o(.ARM.Collect$$$$00000000)
    _main_stk                                0x08000189   Thumb Code     0  entry2.o(.ARM.Collect$$$$00000001)
    _main_scatterload                        0x0800018d   Thumb Code     0  entry5.o(.ARM.Collect$$$$00000004)
    __main_after_scatterload                 0x08000191   Thumb Code     0  entry5.o(.ARM.Collect$$$$00000004)
    _main_clock                              0x08000191   Thumb Code     0  entry7b.o(.ARM.Collect$$$$00000008)
    _main_cpp_init                           0x08000191   Thumb Code     0  entry8b.o(.ARM.Collect$$$$0000000A)
    _main_init                               0x08000191   Thumb Code     0  entry9a.o(.ARM.Collect$$$$0000000B)
    __rt_lib_shutdown_fini                   0x08000199   Thumb Code     0  entry12b.o(.ARM.Collect$$$$0000000E)
    __rt_final_cpp                           0x0800019d   Thumb Code     0  entry10a.o(.ARM.Collect$$$$0000000F)
    __rt_final_exit                          0x0800019d   Thumb Code     0  entry11a.o(.ARM.Collect$$$$00000011)
    SVC_Handler                              0x080001a1   Thumb Code    28  port.o(.emb_text)
    __asm___6_port_c_39a90d8d__prvStartFirstTask 0x080001c1   Thumb Code    36  port.o(.emb_text)
    __asm___6_port_c_39a90d8d__prvEnableVFP  0x080001e9   Thumb Code    16  port.o(.emb_text)
    PendSV_Handler                           0x080001fd   Thumb Code    88  port.o(.emb_text)
    vPortGetIPSR                             0x08000259   Thumb Code     6  port.o(.emb_text)
    Reset_Handler                            0x08000261   Thumb Code     8  startup_stm32f407xx.o(.text)
    ADC_IRQHandler                           0x0800027b   Thumb Code     0  startup_stm32f407xx.o(.text)
    CAN1_RX0_IRQHandler                      0x0800027b   Thumb Code     0  startup_stm32f407xx.o(.text)
    CAN1_RX1_IRQHandler                      0x0800027b   Thumb Code     0  startup_stm32f407xx.o(.text)
    CAN1_SCE_IRQHandler                      0x0800027b   Thumb Code     0  startup_stm32f407xx.o(.text)
    CAN1_TX_IRQHandler                       0x0800027b   Thumb Code     0  startup_stm32f407xx.o(.text)
    CAN2_RX0_IRQHandler                      0x0800027b   Thumb Code     0  startup_stm32f407xx.o(.text)
    CAN2_RX1_IRQHandler                      0x0800027b   Thumb Code     0  startup_stm32f407xx.o(.text)
    CAN2_SCE_IRQHandler                      0x0800027b   Thumb Code     0  startup_stm32f407xx.o(.text)
    CAN2_TX_IRQHandler                       0x0800027b   Thumb Code     0  startup_stm32f407xx.o(.text)
    DCMI_IRQHandler                          0x0800027b   Thumb Code     0  startup_stm32f407xx.o(.text)
    DMA1_Stream0_IRQHandler                  0x0800027b   Thumb Code     0  startup_stm32f407xx.o(.text)
    DMA1_Stream1_IRQHandler                  0x0800027b   Thumb Code     0  startup_stm32f407xx.o(.text)
    DMA1_Stream2_IRQHandler                  0x0800027b   Thumb Code     0  startup_stm32f407xx.o(.text)
    DMA1_Stream3_IRQHandler                  0x0800027b   Thumb Code     0  startup_stm32f407xx.o(.text)
    DMA1_Stream4_IRQHandler                  0x0800027b   Thumb Code     0  startup_stm32f407xx.o(.text)
    DMA1_Stream5_IRQHandler                  0x0800027b   Thumb Code     0  startup_stm32f407xx.o(.text)
    DMA1_Stream6_IRQHandler                  0x0800027b   Thumb Code     0  startup_stm32f407xx.o(.text)
    DMA1_Stream7_IRQHandler                  0x0800027b   Thumb Code     0  startup_stm32f407xx.o(.text)
    DMA2_Stream1_IRQHandler                  0x0800027b   Thumb Code     0  startup_stm32f407xx.o(.text)
    DMA2_Stream2_IRQHandler                  0x0800027b   Thumb Code     0  startup_stm32f407xx.o(.text)
    DMA2_Stream3_IRQHandler                  0x0800027b   Thumb Code     0  startup_stm32f407xx.o(.text)
    DMA2_Stream4_IRQHandler                  0x0800027b   Thumb Code     0  startup_stm32f407xx.o(.text)
    DMA2_Stream5_IRQHandler                  0x0800027b   Thumb Code     0  startup_stm32f407xx.o(.text)
    DMA2_Stream6_IRQHandler                  0x0800027b   Thumb Code     0  startup_stm32f407xx.o(.text)
    DMA2_Stream7_IRQHandler                  0x0800027b   Thumb Code     0  startup_stm32f407xx.o(.text)
    ETH_IRQHandler                           0x0800027b   Thumb Code     0  startup_stm32f407xx.o(.text)
    ETH_WKUP_IRQHandler                      0x0800027b   Thumb Code     0  startup_stm32f407xx.o(.text)
    EXTI0_IRQHandler                         0x0800027b   Thumb Code     0  startup_stm32f407xx.o(.text)
    EXTI15_10_IRQHandler                     0x0800027b   Thumb Code     0  startup_stm32f407xx.o(.text)
    EXTI1_IRQHandler                         0x0800027b   Thumb Code     0  startup_stm32f407xx.o(.text)
    EXTI2_IRQHandler                         0x0800027b   Thumb Code     0  startup_stm32f407xx.o(.text)
    EXTI3_IRQHandler                         0x0800027b   Thumb Code     0  startup_stm32f407xx.o(.text)
    EXTI4_IRQHandler                         0x0800027b   Thumb Code     0  startup_stm32f407xx.o(.text)
    EXTI9_5_IRQHandler                       0x0800027b   Thumb Code     0  startup_stm32f407xx.o(.text)
    FLASH_IRQHandler                         0x0800027b   Thumb Code     0  startup_stm32f407xx.o(.text)
    FMC_IRQHandler                           0x0800027b   Thumb Code     0  startup_stm32f407xx.o(.text)
    FPU_IRQHandler                           0x0800027b   Thumb Code     0  startup_stm32f407xx.o(.text)
    HASH_RNG_IRQHandler                      0x0800027b   Thumb Code     0  startup_stm32f407xx.o(.text)
    I2C1_ER_IRQHandler                       0x0800027b   Thumb Code     0  startup_stm32f407xx.o(.text)
    I2C1_EV_IRQHandler                       0x0800027b   Thumb Code     0  startup_stm32f407xx.o(.text)
    I2C2_ER_IRQHandler                       0x0800027b   Thumb Code     0  startup_stm32f407xx.o(.text)
    I2C2_EV_IRQHandler                       0x0800027b   Thumb Code     0  startup_stm32f407xx.o(.text)
    I2C3_ER_IRQHandler                       0x0800027b   Thumb Code     0  startup_stm32f407xx.o(.text)
    I2C3_EV_IRQHandler                       0x0800027b   Thumb Code     0  startup_stm32f407xx.o(.text)
    OTG_FS_IRQHandler                        0x0800027b   Thumb Code     0  startup_stm32f407xx.o(.text)
    OTG_FS_WKUP_IRQHandler                   0x0800027b   Thumb Code     0  startup_stm32f407xx.o(.text)
    OTG_HS_EP1_IN_IRQHandler                 0x0800027b   Thumb Code     0  startup_stm32f407xx.o(.text)
    OTG_HS_EP1_OUT_IRQHandler                0x0800027b   Thumb Code     0  startup_stm32f407xx.o(.text)
    OTG_HS_IRQHandler                        0x0800027b   Thumb Code     0  startup_stm32f407xx.o(.text)
    OTG_HS_WKUP_IRQHandler                   0x0800027b   Thumb Code     0  startup_stm32f407xx.o(.text)
    PVD_IRQHandler                           0x0800027b   Thumb Code     0  startup_stm32f407xx.o(.text)
    RCC_IRQHandler                           0x0800027b   Thumb Code     0  startup_stm32f407xx.o(.text)
    RTC_Alarm_IRQHandler                     0x0800027b   Thumb Code     0  startup_stm32f407xx.o(.text)
    RTC_WKUP_IRQHandler                      0x0800027b   Thumb Code     0  startup_stm32f407xx.o(.text)
    SDIO_IRQHandler                          0x0800027b   Thumb Code     0  startup_stm32f407xx.o(.text)
    SPI1_IRQHandler                          0x0800027b   Thumb Code     0  startup_stm32f407xx.o(.text)
    SPI2_IRQHandler                          0x0800027b   Thumb Code     0  startup_stm32f407xx.o(.text)
    SPI3_IRQHandler                          0x0800027b   Thumb Code     0  startup_stm32f407xx.o(.text)
    TAMP_STAMP_IRQHandler                    0x0800027b   Thumb Code     0  startup_stm32f407xx.o(.text)
    TIM1_BRK_TIM9_IRQHandler                 0x0800027b   Thumb Code     0  startup_stm32f407xx.o(.text)
    TIM1_CC_IRQHandler                       0x0800027b   Thumb Code     0  startup_stm32f407xx.o(.text)
    TIM1_TRG_COM_TIM11_IRQHandler            0x0800027b   Thumb Code     0  startup_stm32f407xx.o(.text)
    TIM2_IRQHandler                          0x0800027b   Thumb Code     0  startup_stm32f407xx.o(.text)
    TIM3_IRQHandler                          0x0800027b   Thumb Code     0  startup_stm32f407xx.o(.text)
    TIM4_IRQHandler                          0x0800027b   Thumb Code     0  startup_stm32f407xx.o(.text)
    TIM5_IRQHandler                          0x0800027b   Thumb Code     0  startup_stm32f407xx.o(.text)
    TIM6_DAC_IRQHandler                      0x0800027b   Thumb Code     0  startup_stm32f407xx.o(.text)
    TIM7_IRQHandler                          0x0800027b   Thumb Code     0  startup_stm32f407xx.o(.text)
    TIM8_BRK_TIM12_IRQHandler                0x0800027b   Thumb Code     0  startup_stm32f407xx.o(.text)
    TIM8_CC_IRQHandler                       0x0800027b   Thumb Code     0  startup_stm32f407xx.o(.text)
    TIM8_TRG_COM_TIM14_IRQHandler            0x0800027b   Thumb Code     0  startup_stm32f407xx.o(.text)
    TIM8_UP_TIM13_IRQHandler                 0x0800027b   Thumb Code     0  startup_stm32f407xx.o(.text)
    UART4_IRQHandler                         0x0800027b   Thumb Code     0  startup_stm32f407xx.o(.text)
    UART5_IRQHandler                         0x0800027b   Thumb Code     0  startup_stm32f407xx.o(.text)
    USART1_IRQHandler                        0x0800027b   Thumb Code     0  startup_stm32f407xx.o(.text)
    USART2_IRQHandler                        0x0800027b   Thumb Code     0  startup_stm32f407xx.o(.text)
    USART6_IRQHandler                        0x0800027b   Thumb Code     0  startup_stm32f407xx.o(.text)
    WWDG_IRQHandler                          0x0800027b   Thumb Code     0  startup_stm32f407xx.o(.text)
    __aeabi_uldivmod                         0x08000285   Thumb Code    98  uldiv.o(.text)
    __aeabi_memcpy                           0x080002e7   Thumb Code    36  memcpya.o(.text)
    __aeabi_memcpy4                          0x080002e7   Thumb Code     0  memcpya.o(.text)
    __aeabi_memcpy8                          0x080002e7   Thumb Code     0  memcpya.o(.text)
    __aeabi_memset                           0x0800030b   Thumb Code    14  memseta.o(.text)
    __aeabi_memset4                          0x0800030b   Thumb Code     0  memseta.o(.text)
    __aeabi_memset8                          0x0800030b   Thumb Code     0  memseta.o(.text)
    __aeabi_memclr                           0x08000319   Thumb Code     4  memseta.o(.text)
    __aeabi_memclr4                          0x08000319   Thumb Code     0  memseta.o(.text)
    __aeabi_memclr8                          0x08000319   Thumb Code     0  memseta.o(.text)
    memset                                   0x0800031d   Thumb Code    18  memseta.o(.text)
    __0sscanf                                0x08000331   Thumb Code    48  __0sscanf.o(.text)
    _scanf_real                              0x08000491   Thumb Code     0  scanf_fp.o(.text)
    _scanf_really_real                       0x08000491   Thumb Code   556  scanf_fp.o(.text)
    __aeabi_f2d                              0x080006c9   Thumb Code    38  f2d.o(.text)
    __aeabi_uidiv                            0x080006ef   Thumb Code     0  uidiv.o(.text)
    __aeabi_uidivmod                         0x080006ef   Thumb Code    44  uidiv.o(.text)
    __aeabi_llsl                             0x0800071b   Thumb Code    30  llshl.o(.text)
    _ll_shift_l                              0x0800071b   Thumb Code     0  llshl.o(.text)
    __aeabi_llsr                             0x08000739   Thumb Code    32  llushr.o(.text)
    _ll_ushift_r                             0x08000739   Thumb Code     0  llushr.o(.text)
    __vfscanf_char                           0x08000765   Thumb Code    20  scanf_char.o(.text)
    _sgetc                                   0x08000781   Thumb Code    30  _sgetc.o(.text)
    _sbackspace                              0x0800079f   Thumb Code    34  _sgetc.o(.text)
    __I$use$fp                               0x080007c1   Thumb Code     0  iusefp.o(.text)
    __aeabi_dadd                             0x080007c1   Thumb Code   322  dadd.o(.text)
    __aeabi_dsub                             0x08000903   Thumb Code     6  dadd.o(.text)
    __aeabi_drsub                            0x08000909   Thumb Code     6  dadd.o(.text)
    __aeabi_dmul                             0x0800090f   Thumb Code   228  dmul.o(.text)
    __aeabi_ddiv                             0x080009f3   Thumb Code   222  ddiv.o(.text)
    __aeabi_ul2d                             0x08000ad1   Thumb Code    24  dfltul.o(.text)
    __aeabi_d2ulz                            0x08000ae9   Thumb Code    48  dfixul.o(.text)
    __aeabi_cdrcmple                         0x08000b19   Thumb Code    48  cdrcmple.o(.text)
    __aeabi_d2f                              0x08000b49   Thumb Code    56  d2f.o(.text)
    __scatterload                            0x08000b81   Thumb Code    28  init.o(.text)
    __scatterload_rt2                        0x08000b81   Thumb Code     0  init.o(.text)
    __aeabi_lasr                             0x08000ba5   Thumb Code    36  llsshr.o(.text)
    _ll_sshift_r                             0x08000ba5   Thumb Code     0  llsshr.o(.text)
    __rt_ctype_table                         0x08000bc9   Thumb Code     4  ctype_o.o(.text)
    isspace                                  0x08000bd1   Thumb Code    18  isspace_o.o(.text)
    __vfscanf                                0x08000be5   Thumb Code   810  _scanf.o(.text)
    _float_round                             0x08000f15   Thumb Code    18  fepilogue.o(.text)
    _float_epilogue                          0x08000f27   Thumb Code    92  fepilogue.o(.text)
    _double_round                            0x08000f83   Thumb Code    30  depilogue.o(.text)
    _double_epilogue                         0x08000fa1   Thumb Code   156  depilogue.o(.text)
    __decompress                             0x0800103d   Thumb Code     0  __dczerorl2.o(.text)
    __decompress1                            0x0800103d   Thumb Code    86  __dczerorl2.o(.text)
    ADC_Sensor_Read                          0x08001249   Thumb Code   224  angle_sensor.o(i.ADC_Sensor_Read)
    BusFault_Handler                         0x0800134d   Thumb Code     2  stm32f4xx_it.o(i.BusFault_Handler)
    DMA2_Stream0_IRQHandler                  0x08001351   Thumb Code     6  stm32f4xx_it.o(i.DMA2_Stream0_IRQHandler)
    DebugMon_Handler                         0x08001401   Thumb Code     2  stm32f4xx_it.o(i.DebugMon_Handler)
    Error_Handler                            0x08001403   Thumb Code    20  main.o(i.Error_Handler)
    FLASH_Erase_Sector                       0x08001419   Thumb Code    74  stm32f4xx_hal_flash_ex.o(i.FLASH_Erase_Sector)
    FLASH_FlushCaches                        0x08001469   Thumb Code    80  stm32f4xx_hal_flash_ex.o(i.FLASH_FlushCaches)
    FLASH_WaitForLastOperation               0x080015e1   Thumb Code    72  stm32f4xx_hal_flash.o(i.FLASH_WaitForLastOperation)
    HAL_ADC_ConfigChannel                    0x08001631   Thumb Code   316  stm32f4xx_hal_adc.o(i.HAL_ADC_ConfigChannel)
    HAL_ADC_ConvCpltCallback                 0x0800177d   Thumb Code     2  stm32f4xx_hal_adc.o(i.HAL_ADC_ConvCpltCallback)
    HAL_ADC_ConvHalfCpltCallback             0x0800177f   Thumb Code     2  stm32f4xx_hal_adc.o(i.HAL_ADC_ConvHalfCpltCallback)
    HAL_ADC_ErrorCallback                    0x08001781   Thumb Code     2  stm32f4xx_hal_adc.o(i.HAL_ADC_ErrorCallback)
    HAL_ADC_Init                             0x08001783   Thumb Code    84  stm32f4xx_hal_adc.o(i.HAL_ADC_Init)
    HAL_ADC_MspInit                          0x080017d9   Thumb Code   132  adc.o(i.HAL_ADC_MspInit)
    HAL_ADC_Start_DMA                        0x08001871   Thumb Code   306  stm32f4xx_hal_adc.o(i.HAL_ADC_Start_DMA)
    HAL_DMA_Abort                            0x080019c9   Thumb Code   146  stm32f4xx_hal_dma.o(i.HAL_DMA_Abort)
    HAL_DMA_Abort_IT                         0x08001a5b   Thumb Code    36  stm32f4xx_hal_dma.o(i.HAL_DMA_Abort_IT)
    HAL_DMA_IRQHandler                       0x08001a81   Thumb Code   412  stm32f4xx_hal_dma.o(i.HAL_DMA_IRQHandler)
    HAL_DMA_Init                             0x08001c21   Thumb Code   206  stm32f4xx_hal_dma.o(i.HAL_DMA_Init)
    HAL_DMA_Start_IT                         0x08001cf5   Thumb Code   110  stm32f4xx_hal_dma.o(i.HAL_DMA_Start_IT)
    HAL_Delay                                0x08001d65   Thumb Code    32  stm32f4xx_hal.o(i.HAL_Delay)
    HAL_FLASHEx_Erase                        0x08001d89   Thumb Code   144  stm32f4xx_hal_flash_ex.o(i.HAL_FLASHEx_Erase)
    HAL_FLASH_Lock                           0x08001e21   Thumb Code    14  stm32f4xx_hal_flash.o(i.HAL_FLASH_Lock)
    HAL_FLASH_Program                        0x08001e35   Thumb Code   116  stm32f4xx_hal_flash.o(i.HAL_FLASH_Program)
    HAL_FLASH_Unlock                         0x08001eb1   Thumb Code    32  stm32f4xx_hal_flash.o(i.HAL_FLASH_Unlock)
    HAL_GPIO_DeInit                          0x08001edd   Thumb Code   320  stm32f4xx_hal_gpio.o(i.HAL_GPIO_DeInit)
    HAL_GPIO_Init                            0x08002045   Thumb Code   450  stm32f4xx_hal_gpio.o(i.HAL_GPIO_Init)
    HAL_GPIO_TogglePin                       0x08002235   Thumb Code    16  stm32f4xx_hal_gpio.o(i.HAL_GPIO_TogglePin)
    HAL_GPIO_WritePin                        0x08002245   Thumb Code    10  stm32f4xx_hal_gpio.o(i.HAL_GPIO_WritePin)
    HAL_GetTick                              0x08002251   Thumb Code     6  stm32f4xx_hal.o(i.HAL_GetTick)
    HAL_I2C_Init                             0x0800225d   Thumb Code   376  stm32f4xx_hal_i2c.o(i.HAL_I2C_Init)
    HAL_I2C_MspInit                          0x080023e5   Thumb Code    94  i2c.o(i.HAL_I2C_MspInit)
    HAL_IncTick                              0x08002451   Thumb Code    12  stm32f4xx_hal.o(i.HAL_IncTick)
    HAL_Init                                 0x08002461   Thumb Code    48  stm32f4xx_hal.o(i.HAL_Init)
    HAL_InitTick                             0x08002495   Thumb Code   120  stm32f4xx_hal_timebase_tim.o(i.HAL_InitTick)
    HAL_MspInit                              0x08002521   Thumb Code    52  stm32f4xx_hal_msp.o(i.HAL_MspInit)
    HAL_NVIC_EnableIRQ                       0x08002559   Thumb Code    26  stm32f4xx_hal_cortex.o(i.HAL_NVIC_EnableIRQ)
    HAL_NVIC_SetPriority                     0x08002575   Thumb Code    60  stm32f4xx_hal_cortex.o(i.HAL_NVIC_SetPriority)
    HAL_NVIC_SetPriorityGrouping             0x080025b5   Thumb Code    26  stm32f4xx_hal_cortex.o(i.HAL_NVIC_SetPriorityGrouping)
    HAL_RCC_ClockConfig                      0x080025d9   Thumb Code   288  stm32f4xx_hal_rcc.o(i.HAL_RCC_ClockConfig)
    HAL_RCC_GetClockConfig                   0x0800270d   Thumb Code    54  stm32f4xx_hal_rcc.o(i.HAL_RCC_GetClockConfig)
    HAL_RCC_GetPCLK1Freq                     0x0800274d   Thumb Code    20  stm32f4xx_hal_rcc.o(i.HAL_RCC_GetPCLK1Freq)
    HAL_RCC_GetPCLK2Freq                     0x0800276d   Thumb Code    20  stm32f4xx_hal_rcc.o(i.HAL_RCC_GetPCLK2Freq)
    HAL_RCC_GetSysClockFreq                  0x0800278d   Thumb Code    88  stm32f4xx_hal_rcc.o(i.HAL_RCC_GetSysClockFreq)
    HAL_RCC_OscConfig                        0x080027ed   Thumb Code   856  stm32f4xx_hal_rcc.o(i.HAL_RCC_OscConfig)
    HAL_TIMEx_BreakCallback                  0x08002b59   Thumb Code     2  stm32f4xx_hal_tim_ex.o(i.HAL_TIMEx_BreakCallback)
    HAL_TIMEx_CommutCallback                 0x08002b5b   Thumb Code     2  stm32f4xx_hal_tim_ex.o(i.HAL_TIMEx_CommutCallback)
    HAL_TIMEx_MasterConfigSynchronization    0x08002b5d   Thumb Code   116  stm32f4xx_hal_tim_ex.o(i.HAL_TIMEx_MasterConfigSynchronization)
    HAL_TIM_Base_Init                        0x08002bed   Thumb Code    90  stm32f4xx_hal_tim.o(i.HAL_TIM_Base_Init)
    HAL_TIM_Base_MspInit                     0x08002c49   Thumb Code    30  tim.o(i.HAL_TIM_Base_MspInit)
    HAL_TIM_Base_Start_IT                    0x08002c71   Thumb Code   100  stm32f4xx_hal_tim.o(i.HAL_TIM_Base_Start_IT)
    HAL_TIM_ConfigClockSource                0x08002cf1   Thumb Code   220  stm32f4xx_hal_tim.o(i.HAL_TIM_ConfigClockSource)
    HAL_TIM_Encoder_Init                     0x08002dcd   Thumb Code   164  stm32f4xx_hal_tim.o(i.HAL_TIM_Encoder_Init)
    HAL_TIM_Encoder_MspInit                  0x08002e71   Thumb Code    90  tim.o(i.HAL_TIM_Encoder_MspInit)
    HAL_TIM_Encoder_Start                    0x08002ed5   Thumb Code   142  stm32f4xx_hal_tim.o(i.HAL_TIM_Encoder_Start)
    HAL_TIM_IC_CaptureCallback               0x08002f63   Thumb Code     2  stm32f4xx_hal_tim.o(i.HAL_TIM_IC_CaptureCallback)
    HAL_TIM_IRQHandler                       0x08002f65   Thumb Code   304  stm32f4xx_hal_tim.o(i.HAL_TIM_IRQHandler)
    HAL_TIM_MspPostInit                      0x08003095   Thumb Code    68  tim.o(i.HAL_TIM_MspPostInit)
    HAL_TIM_OC_DelayElapsedCallback          0x080030e5   Thumb Code     2  stm32f4xx_hal_tim.o(i.HAL_TIM_OC_DelayElapsedCallback)
    HAL_TIM_PWM_ConfigChannel                0x080030e7   Thumb Code   204  stm32f4xx_hal_tim.o(i.HAL_TIM_PWM_ConfigChannel)
    HAL_TIM_PWM_Init                         0x080031b3   Thumb Code    90  stm32f4xx_hal_tim.o(i.HAL_TIM_PWM_Init)
    HAL_TIM_PWM_MspInit                      0x0800320d   Thumb Code     2  stm32f4xx_hal_tim.o(i.HAL_TIM_PWM_MspInit)
    HAL_TIM_PWM_PulseFinishedCallback        0x0800320f   Thumb Code     2  stm32f4xx_hal_tim.o(i.HAL_TIM_PWM_PulseFinishedCallback)
    HAL_TIM_PWM_Start                        0x08003211   Thumb Code   172  stm32f4xx_hal_tim.o(i.HAL_TIM_PWM_Start)
    HAL_TIM_PeriodElapsedCallback            0x080032d9   Thumb Code    14  main.o(i.HAL_TIM_PeriodElapsedCallback)
    HAL_TIM_TriggerCallback                  0x080032ed   Thumb Code     2  stm32f4xx_hal_tim.o(i.HAL_TIM_TriggerCallback)
    HAL_UARTEx_RxEventCallback               0x080032ef   Thumb Code     2  stm32f4xx_hal_uart.o(i.HAL_UARTEx_RxEventCallback)
    HAL_UART_ErrorCallback                   0x080032f1   Thumb Code     2  stm32f4xx_hal_uart.o(i.HAL_UART_ErrorCallback)
    HAL_UART_IRQHandler                      0x080032f5   Thumb Code   636  stm32f4xx_hal_uart.o(i.HAL_UART_IRQHandler)
    HAL_UART_Init                            0x08003575   Thumb Code   100  stm32f4xx_hal_uart.o(i.HAL_UART_Init)
    HAL_UART_MspInit                         0x080035d9   Thumb Code   230  usart.o(i.HAL_UART_MspInit)
    HAL_UART_Receive_IT                      0x080036dd   Thumb Code    28  stm32f4xx_hal_uart.o(i.HAL_UART_Receive_IT)
    HAL_UART_RxCpltCallback                  0x080036f9   Thumb Code    62  my_usart.o(i.HAL_UART_RxCpltCallback)
    HAL_UART_Transmit                        0x08003749   Thumb Code   160  stm32f4xx_hal_uart.o(i.HAL_UART_Transmit)
    HAL_UART_TxCpltCallback                  0x080037e9   Thumb Code     2  stm32f4xx_hal_uart.o(i.HAL_UART_TxCpltCallback)
    HardFault_Handler                        0x080037eb   Thumb Code     2  stm32f4xx_it.o(i.HardFault_Handler)
    LED_Off                                  0x080037ed   Thumb Code    38  led.o(i.LED_Off)
    LED_On                                   0x0800381d   Thumb Code    38  led.o(i.LED_On)
    LED_Toggle                               0x0800384d   Thumb Code    36  led.o(i.LED_Toggle)
    MX_ADC1_Init                             0x08003879   Thumb Code   110  adc.o(i.MX_ADC1_Init)
    MX_DMA_Init                              0x080038f5   Thumb Code    40  dma.o(i.MX_DMA_Init)
    MX_FREERTOS_Init                         0x08003921   Thumb Code   208  freertos.o(i.MX_FREERTOS_Init)
    MX_GPIO_Init                             0x08003a05   Thumb Code   182  gpio.o(i.MX_GPIO_Init)
    MX_I2C1_Init                             0x08003ac9   Thumb Code   170  i2c.o(i.MX_I2C1_Init)
    MX_TIM2_Init                             0x08003b89   Thumb Code    98  tim.o(i.MX_TIM2_Init)
    MX_TIM3_Init                             0x08003bf1   Thumb Code   162  tim.o(i.MX_TIM3_Init)
    MX_USART1_UART_Init                      0x08003c9d   Thumb Code    48  usart.o(i.MX_USART1_UART_Init)
    MX_USART2_UART_Init                      0x08003cd5   Thumb Code    48  usart.o(i.MX_USART2_UART_Init)
    MX_USART3_UART_Init                      0x08003d0d   Thumb Code    48  usart.o(i.MX_USART3_UART_Init)
    MemManage_Handler                        0x08003d45   Thumb Code     2  stm32f4xx_it.o(i.MemManage_Handler)
    NMI_Handler                              0x08003d47   Thumb Code     2  stm32f4xx_it.o(i.NMI_Handler)
    PID_Load_From_Flash                      0x08003da9   Thumb Code    78  my_usart.o(i.PID_Load_From_Flash)
    PID_Queue_Init                           0x08003e09   Thumb Code    38  my_usart.o(i.PID_Queue_Init)
    PID_Save_To_Flash                        0x08003e4d   Thumb Code   136  my_usart.o(i.PID_Save_To_Flash)
    PID_Task_Init                            0x08003ee5   Thumb Code    66  my_usart.o(i.PID_Task_Init)
    PID_Update                               0x08003f89   Thumb Code   186  balance.o(i.PID_Update)
    SysTick_Handler                          0x08004051   Thumb Code    38  port.o(i.SysTick_Handler)
    SystemClock_Config                       0x0800407d   Thumb Code   132  main.o(i.SystemClock_Config)
    SystemInit                               0x08004109   Thumb Code    12  system_stm32f4xx.o(i.SystemInit)
    TIM1_UP_TIM10_IRQHandler                 0x08004119   Thumb Code     6  stm32f4xx_it.o(i.TIM1_UP_TIM10_IRQHandler)
    TIM_Base_SetConfig                       0x08004125   Thumb Code   164  stm32f4xx_hal_tim.o(i.TIM_Base_SetConfig)
    TIM_CCxChannelCmd                        0x080041f5   Thumb Code    26  stm32f4xx_hal_tim.o(i.TIM_CCxChannelCmd)
    TIM_ETR_SetConfig                        0x0800420f   Thumb Code    20  stm32f4xx_hal_tim.o(i.TIM_ETR_SetConfig)
    TIM_OC2_SetConfig                        0x08004295   Thumb Code    98  stm32f4xx_hal_tim.o(i.TIM_OC2_SetConfig)
    UART_Start_Receive_IT                    0x08004629   Thumb Code    54  stm32f4xx_hal_uart.o(i.UART_Start_Receive_IT)
    USART3_IRQHandler                        0x080046d1   Thumb Code     6  stm32f4xx_it.o(i.USART3_IRQHandler)
    USART_Init                               0x080046dd   Thumb Code    44  my_usart.o(i.USART_Init)
    UsageFault_Handler                       0x08004715   Thumb Code     2  stm32f4xx_it.o(i.UsageFault_Handler)
    __0sprintf                               0x08004719   Thumb Code    34  printfa.o(i.__0sprintf)
    __1sprintf                               0x08004719   Thumb Code     0  printfa.o(i.__0sprintf)
    __2sprintf                               0x08004719   Thumb Code     0  printfa.o(i.__0sprintf)
    __c89sprintf                             0x08004719   Thumb Code     0  printfa.o(i.__0sprintf)
    sprintf                                  0x08004719   Thumb Code     0  printfa.o(i.__0sprintf)
    __scatterload_copy                       0x08004761   Thumb Code    14  handlers.o(i.__scatterload_copy)
    __scatterload_null                       0x0800476f   Thumb Code     2  handlers.o(i.__scatterload_null)
    __scatterload_zeroinit                   0x08004771   Thumb Code    14  handlers.o(i.__scatterload_zeroinit)
    _is_digit                                0x08004905   Thumb Code    14  scanf_fp.o(i._is_digit)
    angle_sensor_f                           0x08005025   Thumb Code    30  angle_sensor.o(i.angle_sensor_f)
    balance_f                                0x08005049   Thumb Code   222  balance.o(i.balance_f)
    configureTimerForRunTimeStats            0x08005141   Thumb Code     2  freertos.o(i.configureTimerForRunTimeStats)
    getRunTimeCounterValue                   0x08005143   Thumb Code     4  freertos.o(i.getRunTimeCounterValue)
    main                                     0x08005149   Thumb Code   112  main.o(i.main)
    motor_init                               0x08005211   Thumb Code    46  motor.o(i.motor_init)
    motor_run_f                              0x08005249   Thumb Code    36  motor.o(i.motor_run_f)
    motor_sensor_f                           0x08005271   Thumb Code   178  motor.o(i.motor_sensor_f)
    motor_set_speed                          0x08005339   Thumb Code    90  motor.o(i.motor_set_speed)
    osDelay                                  0x08005399   Thumb Code    14  cmsis_os.o(i.osDelay)
    osKernelStart                            0x080053a7   Thumb Code    10  cmsis_os.o(i.osKernelStart)
    osThreadCreate                           0x080053b1   Thumb Code    84  cmsis_os.o(i.osThreadCreate)
    pvPortMalloc                             0x080058a9   Thumb Code   226  heap_4.o(i.pvPortMalloc)
    pxPortInitialiseStack                    0x08005991   Thumb Code    40  port.o(i.pxPortInitialiseStack)
    usart2_tx_f                              0x080059dd   Thumb Code   150  my_usart.o(i.usart2_tx_f)
    usart3_rx_f                              0x08005a91   Thumb Code   120  my_usart.o(i.usart3_rx_f)
    uxListRemove                             0x08005b21   Thumb Code    38  list.o(i.uxListRemove)
    vApplicationGetIdleTaskMemory            0x08005b49   Thumb Code    16  freertos.o(i.vApplicationGetIdleTaskMemory)
    vApplicationMallocFailedHook             0x08005b5d   Thumb Code     2  freertos.o(i.vApplicationMallocFailedHook)
    vApplicationStackOverflowHook            0x08005b5f   Thumb Code     2  freertos.o(i.vApplicationStackOverflowHook)
    vListInitialise                          0x08005b61   Thumb Code    22  list.o(i.vListInitialise)
    vListInitialiseItem                      0x08005b77   Thumb Code     6  list.o(i.vListInitialiseItem)
    vListInsert                              0x08005b7d   Thumb Code    48  list.o(i.vListInsert)
    vListInsertEnd                           0x08005bad   Thumb Code    24  list.o(i.vListInsertEnd)
    vPortEnterCritical                       0x08005bc5   Thumb Code    54  port.o(i.vPortEnterCritical)
    vPortExitCritical                        0x08005c05   Thumb Code    34  port.o(i.vPortExitCritical)
    vPortFree                                0x08005c2d   Thumb Code    94  heap_4.o(i.vPortFree)
    vPortSetupTimerInterrupt                 0x08005c91   Thumb Code    32  port.o(i.vPortSetupTimerInterrupt)
    vPortValidateInterruptPriority           0x08005cb5   Thumb Code    74  port.o(i.vPortValidateInterruptPriority)
    vTaskDelay                               0x08005d09   Thumb Code    66  tasks.o(i.vTaskDelay)
    vTaskInternalSetTimeOutState             0x08005d55   Thumb Code    12  tasks.o(i.vTaskInternalSetTimeOutState)
    vTaskMissedYield                         0x08005d65   Thumb Code     8  tasks.o(i.vTaskMissedYield)
    vTaskPlaceOnEventList                    0x08005d71   Thumb Code    44  tasks.o(i.vTaskPlaceOnEventList)
    vTaskStartScheduler                      0x08005da1   Thumb Code    94  tasks.o(i.vTaskStartScheduler)
    vTaskSuspendAll                          0x08005e11   Thumb Code    10  tasks.o(i.vTaskSuspendAll)
    vTaskSwitchContext                       0x08005e21   Thumb Code   150  tasks.o(i.vTaskSwitchContext)
    xPortStartScheduler                      0x08005ec1   Thumb Code   222  port.o(i.xPortStartScheduler)
    xQueueGenericCreate                      0x08005fb5   Thumb Code    66  queue.o(i.xQueueGenericCreate)
    xQueueGenericReset                       0x08005ff9   Thumb Code   132  queue.o(i.xQueueGenericReset)
    xQueueGenericSend                        0x08006081   Thumb Code   346  queue.o(i.xQueueGenericSend)
    xQueueGenericSendFromISR                 0x080061e1   Thumb Code   190  queue.o(i.xQueueGenericSendFromISR)
    xQueuePeek                               0x080062a1   Thumb Code   302  queue.o(i.xQueuePeek)
    xQueueReceive                            0x080063d5   Thumb Code   308  queue.o(i.xQueueReceive)
    xTaskCheckForTimeOut                     0x0800650d   Thumb Code   112  tasks.o(i.xTaskCheckForTimeOut)
    xTaskCreate                              0x08006581   Thumb Code    90  tasks.o(i.xTaskCreate)
    xTaskCreateStatic                        0x080065db   Thumb Code    86  tasks.o(i.xTaskCreateStatic)
    xTaskGetSchedulerState                   0x08006631   Thumb Code    22  tasks.o(i.xTaskGetSchedulerState)
    xTaskIncrementTick                       0x0800664d   Thumb Code   194  tasks.o(i.xTaskIncrementTick)
    xTaskPriorityDisinherit                  0x08006719   Thumb Code   144  tasks.o(i.xTaskPriorityDisinherit)
    xTaskRemoveFromEventList                 0x080067b1   Thumb Code   108  tasks.o(i.xTaskRemoveFromEventList)
    xTaskResumeAll                           0x08006825   Thumb Code   182  tasks.o(i.xTaskResumeAll)
    AHBPrescTable                            0x08006998   Data          16  system_stm32f4xx.o(.constdata)
    APBPrescTable                            0x080069a8   Data           8  system_stm32f4xx.o(.constdata)
    __ctype_table                            0x080069b0   Data         129  ctype_o.o(.constdata)
    Region$$Table$$Base                      0x08006a84   Number         0  anon$$obj.o(Region$$Table)
    Region$$Table$$Limit                     0x08006aa4   Number         0  anon$$obj.o(Region$$Table)
    adc_raw                                  0x20000000   Data           4  main.o(.data)
    Usart2_txHandle                          0x20000004   Data           4  freertos.o(.data)
    Usart3_rxHandle                          0x20000008   Data           4  freertos.o(.data)
    Angle_sensorHandle                       0x2000000c   Data           4  freertos.o(.data)
    Motor_runHandle                          0x20000010   Data           4  freertos.o(.data)
    Motor_sensorHandle                       0x20000014   Data           4  freertos.o(.data)
    BalanceHandle                            0x20000018   Data           4  freertos.o(.data)
    xSensorQueue                             0x20000020   Data           4  angle_sensor.o(.data)
    RunState                                 0x2000003c   Data           1  balance.o(.data)
    g_last_motor_speed                       0x2000003e   Data           2  balance.o(.data)
    AnglePID                                 0x20000044   Data          44  balance.o(.data)
    LocationPID                              0x20000070   Data          44  balance.o(.data)
    xMotorCmdQueue                           0x2000009c   Data           4  motor.o(.data)
    xMotorFeedbackQueue                      0x200000a0   Data           4  motor.o(.data)
    pFlash                                   0x200000b0   Data          32  stm32f4xx_hal_flash.o(.data)
    uwTickFreq                               0x200000d0   Data           1  stm32f4xx_hal.o(.data)
    uwTickPrio                               0x200000d4   Data           4  stm32f4xx_hal.o(.data)
    uwTick                                   0x200000d8   Data           4  stm32f4xx_hal.o(.data)
    SystemCoreClock                          0x200000dc   Data           4  system_stm32f4xx.o(.data)
    pxCurrentTCB                             0x200000e0   Data           4  tasks.o(.data)
    hadc1                                    0x200003b4   Data          72  adc.o(.bss)
    hdma_adc1                                0x200003fc   Data          96  adc.o(.bss)
    hi2c1                                    0x2000045c   Data          84  i2c.o(.bss)
    htim2                                    0x200004b0   Data          72  tim.o(.bss)
    htim3                                    0x200004f8   Data          72  tim.o(.bss)
    huart1                                   0x20000540   Data          72  usart.o(.bss)
    huart2                                   0x20000588   Data          72  usart.o(.bss)
    huart3                                   0x200005d0   Data          72  usart.o(.bss)
    htim1                                    0x20000618   Data          72  stm32f4xx_hal_timebase_tim.o(.bss)
    __initial_sp                             0x20004750   Data           0  startup_stm32f407xx.o(STACK)



==============================================================================

Memory Map of the image

  Image Entry point : 0x08000189

  Load Region LR_IROM1 (Base: 0x08000000, Size: 0x00006bf4, Max: 0x00080000, ABSOLUTE, COMPRESSED[0x00006adc])

    Execution Region ER_IROM1 (Exec base: 0x08000000, Load base: 0x08000000, Size: 0x00006aa4, Max: 0x00080000, ABSOLUTE)

    Exec Addr    Load Addr    Size         Type   Attr      Idx    E Section Name        Object

    0x08000000   0x08000000   0x00000188   Data   RO            3    RESET               startup_stm32f407xx.o
    0x08000188   0x08000188   0x00000000   Code   RO         5841  * .ARM.Collect$$$$00000000  mc_w.l(entry.o)
    0x08000188   0x08000188   0x00000004   Code   RO         6135    .ARM.Collect$$$$00000001  mc_w.l(entry2.o)
    0x0800018c   0x0800018c   0x00000004   Code   RO         6138    .ARM.Collect$$$$00000004  mc_w.l(entry5.o)
    0x08000190   0x08000190   0x00000000   Code   RO         6140    .ARM.Collect$$$$00000008  mc_w.l(entry7b.o)
    0x08000190   0x08000190   0x00000000   Code   RO         6142    .ARM.Collect$$$$0000000A  mc_w.l(entry8b.o)
    0x08000190   0x08000190   0x00000008   Code   RO         6143    .ARM.Collect$$$$0000000B  mc_w.l(entry9a.o)
    0x08000198   0x08000198   0x00000004   Code   RO         6150    .ARM.Collect$$$$0000000E  mc_w.l(entry12b.o)
    0x0800019c   0x0800019c   0x00000000   Code   RO         6145    .ARM.Collect$$$$0000000F  mc_w.l(entry10a.o)
    0x0800019c   0x0800019c   0x00000000   Code   RO         6147    .ARM.Collect$$$$00000011  mc_w.l(entry11a.o)
    0x0800019c   0x0800019c   0x00000004   Code   RO         6136    .ARM.Collect$$$$00002712  mc_w.l(entry2.o)
    0x080001a0   0x080001a0   0x000000be   Code   RO         5764    .emb_text           port.o
    0x0800025e   0x0800025e   0x00000002   PAD
    0x08000260   0x08000260   0x00000024   Code   RO            4    .text               startup_stm32f407xx.o
    0x08000284   0x08000284   0x00000062   Code   RO         5844    .text               mc_w.l(uldiv.o)
    0x080002e6   0x080002e6   0x00000024   Code   RO         5850    .text               mc_w.l(memcpya.o)
    0x0800030a   0x0800030a   0x00000024   Code   RO         5854    .text               mc_w.l(memseta.o)
    0x0800032e   0x0800032e   0x00000002   PAD
    0x08000330   0x08000330   0x00000038   Code   RO         6125    .text               mc_w.l(__0sscanf.o)
    0x08000368   0x08000368   0x00000360   Code   RO         6127    .text               mc_w.l(scanf_fp.o)
    0x080006c8   0x080006c8   0x00000026   Code   RO         6133    .text               mf_w.l(f2d.o)
    0x080006ee   0x080006ee   0x0000002c   Code   RO         6154    .text               mc_w.l(uidiv.o)
    0x0800071a   0x0800071a   0x0000001e   Code   RO         6156    .text               mc_w.l(llshl.o)
    0x08000738   0x08000738   0x00000020   Code   RO         6158    .text               mc_w.l(llushr.o)
    0x08000758   0x08000758   0x00000028   Code   RO         6167    .text               mc_w.l(scanf_char.o)
    0x08000780   0x08000780   0x00000040   Code   RO         6169    .text               mc_w.l(_sgetc.o)
    0x080007c0   0x080007c0   0x00000000   Code   RO         6173    .text               mc_w.l(iusefp.o)
    0x080007c0   0x080007c0   0x0000014e   Code   RO         6174    .text               mf_w.l(dadd.o)
    0x0800090e   0x0800090e   0x000000e4   Code   RO         6176    .text               mf_w.l(dmul.o)
    0x080009f2   0x080009f2   0x000000de   Code   RO         6178    .text               mf_w.l(ddiv.o)
    0x08000ad0   0x08000ad0   0x00000018   Code   RO         6180    .text               mf_w.l(dfltul.o)
    0x08000ae8   0x08000ae8   0x00000030   Code   RO         6182    .text               mf_w.l(dfixul.o)
    0x08000b18   0x08000b18   0x00000030   Code   RO         6184    .text               mf_w.l(cdrcmple.o)
    0x08000b48   0x08000b48   0x00000038   Code   RO         6186    .text               mf_w.l(d2f.o)
    0x08000b80   0x08000b80   0x00000024   Code   RO         6188    .text               mc_w.l(init.o)
    0x08000ba4   0x08000ba4   0x00000024   Code   RO         6191    .text               mc_w.l(llsshr.o)
    0x08000bc8   0x08000bc8   0x00000008   Code   RO         6195    .text               mc_w.l(ctype_o.o)
    0x08000bd0   0x08000bd0   0x00000012   Code   RO         6217    .text               mc_w.l(isspace_o.o)
    0x08000be2   0x08000be2   0x00000002   PAD
    0x08000be4   0x08000be4   0x00000330   Code   RO         6223    .text               mc_w.l(_scanf.o)
    0x08000f14   0x08000f14   0x0000006e   Code   RO         6228    .text               mf_w.l(fepilogue.o)
    0x08000f82   0x08000f82   0x000000ba   Code   RO         6230    .text               mf_w.l(depilogue.o)
    0x0800103c   0x0800103c   0x00000056   Code   RO         6245    .text               mc_w.l(__dczerorl2.o)
    0x08001092   0x08001092   0x0000006e   Code   RO         2147    i.ADC_DMAConvCplt   stm32f4xx_hal_adc.o
    0x08001100   0x08001100   0x00000016   Code   RO         2148    i.ADC_DMAError      stm32f4xx_hal_adc.o
    0x08001116   0x08001116   0x0000000a   Code   RO         2149    i.ADC_DMAHalfConvCplt  stm32f4xx_hal_adc.o
    0x08001120   0x08001120   0x00000128   Code   RO         2150    i.ADC_Init          stm32f4xx_hal_adc.o
    0x08001248   0x08001248   0x00000104   Code   RO          730    i.ADC_Sensor_Read   angle_sensor.o
    0x0800134c   0x0800134c   0x00000002   Code   RO          591    i.BusFault_Handler  stm32f4xx_it.o
    0x0800134e   0x0800134e   0x00000002   PAD
    0x08001350   0x08001350   0x0000000c   Code   RO          592    i.DMA2_Stream0_IRQHandler  stm32f4xx_it.o
    0x0800135c   0x0800135c   0x00000028   Code   RO         2884    i.DMA_CalcBaseAndBitshift  stm32f4xx_hal_dma.o
    0x08001384   0x08001384   0x00000054   Code   RO         2885    i.DMA_CheckFifoParam  stm32f4xx_hal_dma.o
    0x080013d8   0x080013d8   0x00000028   Code   RO         2886    i.DMA_SetConfig     stm32f4xx_hal_dma.o
    0x08001400   0x08001400   0x00000002   Code   RO          593    i.DebugMon_Handler  stm32f4xx_it.o
    0x08001402   0x08001402   0x00000014   Code   RO           13    i.Error_Handler     main.o
    0x08001416   0x08001416   0x00000002   PAD
    0x08001418   0x08001418   0x00000050   Code   RO         2699    i.FLASH_Erase_Sector  stm32f4xx_hal_flash_ex.o
    0x08001468   0x08001468   0x00000054   Code   RO         2700    i.FLASH_FlushCaches  stm32f4xx_hal_flash_ex.o
    0x080014bc   0x080014bc   0x00000028   Code   RO         2701    i.FLASH_MassErase   stm32f4xx_hal_flash_ex.o
    0x080014e4   0x080014e4   0x00000020   Code   RO         2581    i.FLASH_Program_Byte  stm32f4xx_hal_flash.o
    0x08001504   0x08001504   0x0000002c   Code   RO         2582    i.FLASH_Program_DoubleWord  stm32f4xx_hal_flash.o
    0x08001530   0x08001530   0x00000024   Code   RO         2583    i.FLASH_Program_HalfWord  stm32f4xx_hal_flash.o
    0x08001554   0x08001554   0x00000024   Code   RO         2584    i.FLASH_Program_Word  stm32f4xx_hal_flash.o
    0x08001578   0x08001578   0x00000068   Code   RO         2585    i.FLASH_SetErrorCode  stm32f4xx_hal_flash.o
    0x080015e0   0x080015e0   0x00000050   Code   RO         2586    i.FLASH_WaitForLastOperation  stm32f4xx_hal_flash.o
    0x08001630   0x08001630   0x0000014c   Code   RO         2152    i.HAL_ADC_ConfigChannel  stm32f4xx_hal_adc.o
    0x0800177c   0x0800177c   0x00000002   Code   RO         2153    i.HAL_ADC_ConvCpltCallback  stm32f4xx_hal_adc.o
    0x0800177e   0x0800177e   0x00000002   Code   RO         2154    i.HAL_ADC_ConvHalfCpltCallback  stm32f4xx_hal_adc.o
    0x08001780   0x08001780   0x00000002   Code   RO         2156    i.HAL_ADC_ErrorCallback  stm32f4xx_hal_adc.o
    0x08001782   0x08001782   0x00000054   Code   RO         2161    i.HAL_ADC_Init      stm32f4xx_hal_adc.o
    0x080017d6   0x080017d6   0x00000002   PAD
    0x080017d8   0x080017d8   0x00000098   Code   RO          364    i.HAL_ADC_MspInit   adc.o
    0x08001870   0x08001870   0x00000158   Code   RO         2168    i.HAL_ADC_Start_DMA  stm32f4xx_hal_adc.o
    0x080019c8   0x080019c8   0x00000092   Code   RO         2887    i.HAL_DMA_Abort     stm32f4xx_hal_dma.o
    0x08001a5a   0x08001a5a   0x00000024   Code   RO         2888    i.HAL_DMA_Abort_IT  stm32f4xx_hal_dma.o
    0x08001a7e   0x08001a7e   0x00000002   PAD
    0x08001a80   0x08001a80   0x000001a0   Code   RO         2892    i.HAL_DMA_IRQHandler  stm32f4xx_hal_dma.o
    0x08001c20   0x08001c20   0x000000d4   Code   RO         2893    i.HAL_DMA_Init      stm32f4xx_hal_dma.o
    0x08001cf4   0x08001cf4   0x0000006e   Code   RO         2897    i.HAL_DMA_Start_IT  stm32f4xx_hal_dma.o
    0x08001d62   0x08001d62   0x00000002   PAD
    0x08001d64   0x08001d64   0x00000024   Code   RO         3324    i.HAL_Delay         stm32f4xx_hal.o
    0x08001d88   0x08001d88   0x00000098   Code   RO         2702    i.HAL_FLASHEx_Erase  stm32f4xx_hal_flash_ex.o
    0x08001e20   0x08001e20   0x00000014   Code   RO         2590    i.HAL_FLASH_Lock    stm32f4xx_hal_flash.o
    0x08001e34   0x08001e34   0x0000007c   Code   RO         2595    i.HAL_FLASH_Program  stm32f4xx_hal_flash.o
    0x08001eb0   0x08001eb0   0x0000002c   Code   RO         2597    i.HAL_FLASH_Unlock  stm32f4xx_hal_flash.o
    0x08001edc   0x08001edc   0x00000168   Code   RO         2777    i.HAL_GPIO_DeInit   stm32f4xx_hal_gpio.o
    0x08002044   0x08002044   0x000001f0   Code   RO         2780    i.HAL_GPIO_Init     stm32f4xx_hal_gpio.o
    0x08002234   0x08002234   0x00000010   Code   RO         2783    i.HAL_GPIO_TogglePin  stm32f4xx_hal_gpio.o
    0x08002244   0x08002244   0x0000000a   Code   RO         2784    i.HAL_GPIO_WritePin  stm32f4xx_hal_gpio.o
    0x0800224e   0x0800224e   0x00000002   PAD
    0x08002250   0x08002250   0x0000000c   Code   RO         3330    i.HAL_GetTick       stm32f4xx_hal.o
    0x0800225c   0x0800225c   0x00000188   Code   RO         3586    i.HAL_I2C_Init      stm32f4xx_hal_i2c.o
    0x080023e4   0x080023e4   0x0000006c   Code   RO          430    i.HAL_I2C_MspInit   i2c.o
    0x08002450   0x08002450   0x00000010   Code   RO         3336    i.HAL_IncTick       stm32f4xx_hal.o
    0x08002460   0x08002460   0x00000034   Code   RO         3337    i.HAL_Init          stm32f4xx_hal.o
    0x08002494   0x08002494   0x0000008c   Code   RO          691    i.HAL_InitTick      stm32f4xx_hal_timebase_tim.o
    0x08002520   0x08002520   0x00000038   Code   RO          667    i.HAL_MspInit       stm32f4xx_hal_msp.o
    0x08002558   0x08002558   0x0000001a   Code   RO         3172    i.HAL_NVIC_EnableIRQ  stm32f4xx_hal_cortex.o
    0x08002572   0x08002572   0x00000002   PAD
    0x08002574   0x08002574   0x00000040   Code   RO         3178    i.HAL_NVIC_SetPriority  stm32f4xx_hal_cortex.o
    0x080025b4   0x080025b4   0x00000024   Code   RO         3179    i.HAL_NVIC_SetPriorityGrouping  stm32f4xx_hal_cortex.o
    0x080025d8   0x080025d8   0x00000134   Code   RO         2426    i.HAL_RCC_ClockConfig  stm32f4xx_hal_rcc.o
    0x0800270c   0x0800270c   0x00000040   Code   RO         2430    i.HAL_RCC_GetClockConfig  stm32f4xx_hal_rcc.o
    0x0800274c   0x0800274c   0x00000020   Code   RO         2433    i.HAL_RCC_GetPCLK1Freq  stm32f4xx_hal_rcc.o
    0x0800276c   0x0800276c   0x00000020   Code   RO         2434    i.HAL_RCC_GetPCLK2Freq  stm32f4xx_hal_rcc.o
    0x0800278c   0x0800278c   0x00000060   Code   RO         2435    i.HAL_RCC_GetSysClockFreq  stm32f4xx_hal_rcc.o
    0x080027ec   0x080027ec   0x0000036c   Code   RO         2438    i.HAL_RCC_OscConfig  stm32f4xx_hal_rcc.o
    0x08002b58   0x08002b58   0x00000002   Code   RO         1880    i.HAL_TIMEx_BreakCallback  stm32f4xx_hal_tim_ex.o
    0x08002b5a   0x08002b5a   0x00000002   Code   RO         1881    i.HAL_TIMEx_CommutCallback  stm32f4xx_hal_tim_ex.o
    0x08002b5c   0x08002b5c   0x00000090   Code   RO         1899    i.HAL_TIMEx_MasterConfigSynchronization  stm32f4xx_hal_tim_ex.o
    0x08002bec   0x08002bec   0x0000005a   Code   RO         1176    i.HAL_TIM_Base_Init  stm32f4xx_hal_tim.o
    0x08002c46   0x08002c46   0x00000002   PAD
    0x08002c48   0x08002c48   0x00000028   Code   RO          472    i.HAL_TIM_Base_MspInit  tim.o
    0x08002c70   0x08002c70   0x00000080   Code   RO         1181    i.HAL_TIM_Base_Start_IT  stm32f4xx_hal_tim.o
    0x08002cf0   0x08002cf0   0x000000dc   Code   RO         1185    i.HAL_TIM_ConfigClockSource  stm32f4xx_hal_tim.o
    0x08002dcc   0x08002dcc   0x000000a4   Code   RO         1197    i.HAL_TIM_Encoder_Init  stm32f4xx_hal_tim.o
    0x08002e70   0x08002e70   0x00000064   Code   RO          474    i.HAL_TIM_Encoder_MspInit  tim.o
    0x08002ed4   0x08002ed4   0x0000008e   Code   RO         1200    i.HAL_TIM_Encoder_Start  stm32f4xx_hal_tim.o
    0x08002f62   0x08002f62   0x00000002   Code   RO         1210    i.HAL_TIM_IC_CaptureCallback  stm32f4xx_hal_tim.o
    0x08002f64   0x08002f64   0x00000130   Code   RO         1224    i.HAL_TIM_IRQHandler  stm32f4xx_hal_tim.o
    0x08003094   0x08003094   0x00000050   Code   RO          475    i.HAL_TIM_MspPostInit  tim.o
    0x080030e4   0x080030e4   0x00000002   Code   RO         1227    i.HAL_TIM_OC_DelayElapsedCallback  stm32f4xx_hal_tim.o
    0x080030e6   0x080030e6   0x000000cc   Code   RO         1248    i.HAL_TIM_PWM_ConfigChannel  stm32f4xx_hal_tim.o
    0x080031b2   0x080031b2   0x0000005a   Code   RO         1251    i.HAL_TIM_PWM_Init  stm32f4xx_hal_tim.o
    0x0800320c   0x0800320c   0x00000002   Code   RO         1253    i.HAL_TIM_PWM_MspInit  stm32f4xx_hal_tim.o
    0x0800320e   0x0800320e   0x00000002   Code   RO         1254    i.HAL_TIM_PWM_PulseFinishedCallback  stm32f4xx_hal_tim.o
    0x08003210   0x08003210   0x000000c8   Code   RO         1256    i.HAL_TIM_PWM_Start  stm32f4xx_hal_tim.o
    0x080032d8   0x080032d8   0x00000014   Code   RO           14    i.HAL_TIM_PeriodElapsedCallback  main.o
    0x080032ec   0x080032ec   0x00000002   Code   RO         1267    i.HAL_TIM_TriggerCallback  stm32f4xx_hal_tim.o
    0x080032ee   0x080032ee   0x00000002   Code   RO         4042    i.HAL_UARTEx_RxEventCallback  stm32f4xx_hal_uart.o
    0x080032f0   0x080032f0   0x00000002   Code   RO         4056    i.HAL_UART_ErrorCallback  stm32f4xx_hal_uart.o
    0x080032f2   0x080032f2   0x00000002   PAD
    0x080032f4   0x080032f4   0x00000280   Code   RO         4059    i.HAL_UART_IRQHandler  stm32f4xx_hal_uart.o
    0x08003574   0x08003574   0x00000064   Code   RO         4060    i.HAL_UART_Init     stm32f4xx_hal_uart.o
    0x080035d8   0x080035d8   0x00000104   Code   RO          538    i.HAL_UART_MspInit  usart.o
    0x080036dc   0x080036dc   0x0000001c   Code   RO         4065    i.HAL_UART_Receive_IT  stm32f4xx_hal_uart.o
    0x080036f8   0x080036f8   0x00000050   Code   RO          923    i.HAL_UART_RxCpltCallback  my_usart.o
    0x08003748   0x08003748   0x000000a0   Code   RO         4068    i.HAL_UART_Transmit  stm32f4xx_hal_uart.o
    0x080037e8   0x080037e8   0x00000002   Code   RO         4071    i.HAL_UART_TxCpltCallback  stm32f4xx_hal_uart.o
    0x080037ea   0x080037ea   0x00000002   Code   RO          594    i.HardFault_Handler  stm32f4xx_it.o
    0x080037ec   0x080037ec   0x00000030   Code   RO         1025    i.LED_Off           led.o
    0x0800381c   0x0800381c   0x00000030   Code   RO         1026    i.LED_On            led.o
    0x0800384c   0x0800384c   0x0000002c   Code   RO         1027    i.LED_Toggle        led.o
    0x08003878   0x08003878   0x0000007c   Code   RO          365    i.MX_ADC1_Init      adc.o
    0x080038f4   0x080038f4   0x0000002c   Code   RO          405    i.MX_DMA_Init       dma.o
    0x08003920   0x08003920   0x000000e4   Code   RO          267    i.MX_FREERTOS_Init  freertos.o
    0x08003a04   0x08003a04   0x000000c4   Code   RO          243    i.MX_GPIO_Init      gpio.o
    0x08003ac8   0x08003ac8   0x000000c0   Code   RO          431    i.MX_I2C1_Init      i2c.o
    0x08003b88   0x08003b88   0x00000068   Code   RO          476    i.MX_TIM2_Init      tim.o
    0x08003bf0   0x08003bf0   0x000000ac   Code   RO          477    i.MX_TIM3_Init      tim.o
    0x08003c9c   0x08003c9c   0x00000038   Code   RO          539    i.MX_USART1_UART_Init  usart.o
    0x08003cd4   0x08003cd4   0x00000038   Code   RO          540    i.MX_USART2_UART_Init  usart.o
    0x08003d0c   0x08003d0c   0x00000038   Code   RO          541    i.MX_USART3_UART_Init  usart.o
    0x08003d44   0x08003d44   0x00000002   Code   RO          595    i.MemManage_Handler  stm32f4xx_it.o
    0x08003d46   0x08003d46   0x00000002   Code   RO          596    i.NMI_Handler       stm32f4xx_it.o
    0x08003d48   0x08003d48   0x00000060   Code   RO          924    i.PIDUpdateTask     my_usart.o
    0x08003da8   0x08003da8   0x00000060   Code   RO          925    i.PID_Load_From_Flash  my_usart.o
    0x08003e08   0x08003e08   0x00000044   Code   RO          926    i.PID_Queue_Init    my_usart.o
    0x08003e4c   0x08003e4c   0x00000098   Code   RO          927    i.PID_Save_To_Flash  my_usart.o
    0x08003ee4   0x08003ee4   0x000000a4   Code   RO          928    i.PID_Task_Init     my_usart.o
    0x08003f88   0x08003f88   0x000000c8   Code   RO          775    i.PID_Update        balance.o
    0x08004050   0x08004050   0x0000002c   Code   RO         5765    i.SysTick_Handler   port.o
    0x0800407c   0x0800407c   0x0000008c   Code   RO           15    i.SystemClock_Config  main.o
    0x08004108   0x08004108   0x00000010   Code   RO         4394    i.SystemInit        system_stm32f4xx.o
    0x08004118   0x08004118   0x0000000c   Code   RO          597    i.TIM1_UP_TIM10_IRQHandler  stm32f4xx_it.o
    0x08004124   0x08004124   0x000000d0   Code   RO         1269    i.TIM_Base_SetConfig  stm32f4xx_hal_tim.o
    0x080041f4   0x080041f4   0x0000001a   Code   RO         1270    i.TIM_CCxChannelCmd  stm32f4xx_hal_tim.o
    0x0800420e   0x0800420e   0x00000014   Code   RO         1280    i.TIM_ETR_SetConfig  stm32f4xx_hal_tim.o
    0x08004222   0x08004222   0x00000010   Code   RO         1281    i.TIM_ITRx_SetConfig  stm32f4xx_hal_tim.o
    0x08004232   0x08004232   0x00000002   PAD
    0x08004234   0x08004234   0x00000060   Code   RO         1282    i.TIM_OC1_SetConfig  stm32f4xx_hal_tim.o
    0x08004294   0x08004294   0x0000006c   Code   RO         1283    i.TIM_OC2_SetConfig  stm32f4xx_hal_tim.o
    0x08004300   0x08004300   0x00000068   Code   RO         1284    i.TIM_OC3_SetConfig  stm32f4xx_hal_tim.o
    0x08004368   0x08004368   0x00000050   Code   RO         1285    i.TIM_OC4_SetConfig  stm32f4xx_hal_tim.o
    0x080043b8   0x080043b8   0x00000022   Code   RO         1287    i.TIM_TI1_ConfigInputStage  stm32f4xx_hal_tim.o
    0x080043da   0x080043da   0x00000024   Code   RO         1289    i.TIM_TI2_ConfigInputStage  stm32f4xx_hal_tim.o
    0x080043fe   0x080043fe   0x0000000e   Code   RO         4073    i.UART_DMAAbortOnError  stm32f4xx_hal_uart.o
    0x0800440c   0x0800440c   0x0000004e   Code   RO         4083    i.UART_EndRxTransfer  stm32f4xx_hal_uart.o
    0x0800445a   0x0800445a   0x000000c2   Code   RO         4085    i.UART_Receive_IT   stm32f4xx_hal_uart.o
    0x0800451c   0x0800451c   0x0000010c   Code   RO         4086    i.UART_SetConfig    stm32f4xx_hal_uart.o
    0x08004628   0x08004628   0x00000036   Code   RO         4088    i.UART_Start_Receive_IT  stm32f4xx_hal_uart.o
    0x0800465e   0x0800465e   0x00000072   Code   RO         4089    i.UART_WaitOnFlagUntilTimeout  stm32f4xx_hal_uart.o
    0x080046d0   0x080046d0   0x0000000c   Code   RO          598    i.USART3_IRQHandler  stm32f4xx_it.o
    0x080046dc   0x080046dc   0x00000038   Code   RO          929    i.USART_Init        my_usart.o
    0x08004714   0x08004714   0x00000002   Code   RO          599    i.UsageFault_Handler  stm32f4xx_it.o
    0x08004716   0x08004716   0x00000002   PAD
    0x08004718   0x08004718   0x00000028   Code   RO         6099    i.__0sprintf        mc_w.l(printfa.o)
    0x08004740   0x08004740   0x00000020   Code   RO         3185    i.__NVIC_SetPriority  stm32f4xx_hal_cortex.o
    0x08004760   0x08004760   0x0000000e   Code   RO         6239    i.__scatterload_copy  mc_w.l(handlers.o)
    0x0800476e   0x0800476e   0x00000002   Code   RO         6240    i.__scatterload_null  mc_w.l(handlers.o)
    0x08004770   0x08004770   0x0000000e   Code   RO         6241    i.__scatterload_zeroinit  mc_w.l(handlers.o)
    0x0800477e   0x0800477e   0x00000002   PAD
    0x08004780   0x08004780   0x00000184   Code   RO         6104    i._fp_digits        mc_w.l(printfa.o)
    0x08004904   0x08004904   0x0000000e   Code   RO         6129    i._is_digit         mc_w.l(scanf_fp.o)
    0x08004912   0x08004912   0x00000002   PAD
    0x08004914   0x08004914   0x000006b4   Code   RO         6105    i._printf_core      mc_w.l(printfa.o)
    0x08004fc8   0x08004fc8   0x00000024   Code   RO         6106    i._printf_post_padding  mc_w.l(printfa.o)
    0x08004fec   0x08004fec   0x0000002e   Code   RO         6107    i._printf_pre_padding  mc_w.l(printfa.o)
    0x0800501a   0x0800501a   0x0000000a   Code   RO         6109    i._sputc            mc_w.l(printfa.o)
    0x08005024   0x08005024   0x00000024   Code   RO          731    i.angle_sensor_f    angle_sensor.o
    0x08005048   0x08005048   0x000000f8   Code   RO          776    i.balance_f         balance.o
    0x08005140   0x08005140   0x00000002   Code   RO          268    i.configureTimerForRunTimeStats  freertos.o
    0x08005142   0x08005142   0x00000004   Code   RO          269    i.getRunTimeCounterValue  freertos.o
    0x08005146   0x08005146   0x00000002   PAD
    0x08005148   0x08005148   0x000000bc   Code   RO           16    i.main              main.o
    0x08005204   0x08005204   0x0000000c   Code   RO         5330    i.makeFreeRtosPriority  cmsis_os.o
    0x08005210   0x08005210   0x00000038   Code   RO          819    i.motor_init        motor.o
    0x08005248   0x08005248   0x00000028   Code   RO          820    i.motor_run_f       motor.o
    0x08005270   0x08005270   0x000000c8   Code   RO          821    i.motor_sensor_f    motor.o
    0x08005338   0x08005338   0x00000060   Code   RO          822    i.motor_set_speed   motor.o
    0x08005398   0x08005398   0x0000000e   Code   RO         5332    i.osDelay           cmsis_os.o
    0x080053a6   0x080053a6   0x0000000a   Code   RO         5335    i.osKernelStart     cmsis_os.o
    0x080053b0   0x080053b0   0x00000054   Code   RO         5369    i.osThreadCreate    cmsis_os.o
    0x08005404   0x08005404   0x00000070   Code   RO         4957    i.prvAddCurrentTaskToDelayedList  tasks.o
    0x08005474   0x08005474   0x000000d0   Code   RO         4958    i.prvAddNewTaskToReadyList  tasks.o
    0x08005544   0x08005544   0x00000026   Code   RO         4584    i.prvCopyDataFromQueue  queue.o
    0x0800556a   0x0800556a   0x0000006c   Code   RO         4585    i.prvCopyDataToQueue  queue.o
    0x080055d6   0x080055d6   0x00000034   Code   RO         4959    i.prvDeleteTCB      tasks.o
    0x0800560a   0x0800560a   0x00000002   PAD
    0x0800560c   0x0800560c   0x0000004c   Code   RO         5697    i.prvHeapInit       heap_4.o
    0x08005658   0x08005658   0x00000060   Code   RO         4960    i.prvIdleTask       tasks.o
    0x080056b8   0x080056b8   0x00000022   Code   RO         4587    i.prvInitialiseNewQueue  queue.o
    0x080056da   0x080056da   0x000000b2   Code   RO         4961    i.prvInitialiseNewTask  tasks.o
    0x0800578c   0x0800578c   0x0000004c   Code   RO         5698    i.prvInsertBlockIntoFreeList  heap_4.o
    0x080057d8   0x080057d8   0x0000001c   Code   RO         4588    i.prvIsQueueEmpty   queue.o
    0x080057f4   0x080057f4   0x00000020   Code   RO         4963    i.prvResetNextTaskUnblockTime  tasks.o
    0x08005814   0x08005814   0x00000028   Code   RO         5766    i.prvTaskExitError  port.o
    0x0800583c   0x0800583c   0x0000006a   Code   RO         4589    i.prvUnlockQueue    queue.o
    0x080058a6   0x080058a6   0x00000002   PAD
    0x080058a8   0x080058a8   0x000000e8   Code   RO         5699    i.pvPortMalloc      heap_4.o
    0x08005990   0x08005990   0x0000002c   Code   RO         5767    i.pxPortInitialiseStack  port.o
    0x080059bc   0x080059bc   0x00000020   Code   RO          732    i.sensor_filter     angle_sensor.o
    0x080059dc   0x080059dc   0x000000b4   Code   RO          933    i.usart2_tx_f       my_usart.o
    0x08005a90   0x08005a90   0x00000090   Code   RO          934    i.usart3_rx_f       my_usart.o
    0x08005b20   0x08005b20   0x00000026   Code   RO         4544    i.uxListRemove      list.o
    0x08005b46   0x08005b46   0x00000002   PAD
    0x08005b48   0x08005b48   0x00000014   Code   RO          270    i.vApplicationGetIdleTaskMemory  freertos.o
    0x08005b5c   0x08005b5c   0x00000002   Code   RO          271    i.vApplicationMallocFailedHook  freertos.o
    0x08005b5e   0x08005b5e   0x00000002   Code   RO          272    i.vApplicationStackOverflowHook  freertos.o
    0x08005b60   0x08005b60   0x00000016   Code   RO         4545    i.vListInitialise   list.o
    0x08005b76   0x08005b76   0x00000006   Code   RO         4546    i.vListInitialiseItem  list.o
    0x08005b7c   0x08005b7c   0x00000030   Code   RO         4547    i.vListInsert       list.o
    0x08005bac   0x08005bac   0x00000018   Code   RO         4548    i.vListInsertEnd    list.o
    0x08005bc4   0x08005bc4   0x00000040   Code   RO         5769    i.vPortEnterCritical  port.o
    0x08005c04   0x08005c04   0x00000028   Code   RO         5770    i.vPortExitCritical  port.o
    0x08005c2c   0x08005c2c   0x00000064   Code   RO         5700    i.vPortFree         heap_4.o
    0x08005c90   0x08005c90   0x00000024   Code   RO         5771    i.vPortSetupTimerInterrupt  port.o
    0x08005cb4   0x08005cb4   0x00000054   Code   RO         5772    i.vPortValidateInterruptPriority  port.o
    0x08005d08   0x08005d08   0x0000004c   Code   RO         4975    i.vTaskDelay        tasks.o
    0x08005d54   0x08005d54   0x00000010   Code   RO         4980    i.vTaskInternalSetTimeOutState  tasks.o
    0x08005d64   0x08005d64   0x0000000c   Code   RO         4982    i.vTaskMissedYield  tasks.o
    0x08005d70   0x08005d70   0x00000030   Code   RO         4984    i.vTaskPlaceOnEventList  tasks.o
    0x08005da0   0x08005da0   0x00000070   Code   RO         4992    i.vTaskStartScheduler  tasks.o
    0x08005e10   0x08005e10   0x00000010   Code   RO         4994    i.vTaskSuspendAll   tasks.o
    0x08005e20   0x08005e20   0x000000a0   Code   RO         4995    i.vTaskSwitchContext  tasks.o
    0x08005ec0   0x08005ec0   0x000000f4   Code   RO         5773    i.xPortStartScheduler  port.o
    0x08005fb4   0x08005fb4   0x00000042   Code   RO         4603    i.xQueueGenericCreate  queue.o
    0x08005ff6   0x08005ff6   0x00000002   PAD
    0x08005ff8   0x08005ff8   0x00000088   Code   RO         4605    i.xQueueGenericReset  queue.o
    0x08006080   0x08006080   0x00000160   Code   RO         4606    i.xQueueGenericSend  queue.o
    0x080061e0   0x080061e0   0x000000be   Code   RO         4607    i.xQueueGenericSendFromISR  queue.o
    0x0800629e   0x0800629e   0x00000002   PAD
    0x080062a0   0x080062a0   0x00000134   Code   RO         4611    i.xQueuePeek        queue.o
    0x080063d4   0x080063d4   0x00000138   Code   RO         4613    i.xQueueReceive     queue.o
    0x0800650c   0x0800650c   0x00000074   Code   RO         4997    i.xTaskCheckForTimeOut  tasks.o
    0x08006580   0x08006580   0x0000005a   Code   RO         4998    i.xTaskCreate       tasks.o
    0x080065da   0x080065da   0x00000056   Code   RO         4999    i.xTaskCreateStatic  tasks.o
    0x08006630   0x08006630   0x0000001c   Code   RO         5003    i.xTaskGetSchedulerState  tasks.o
    0x0800664c   0x0800664c   0x000000cc   Code   RO         5006    i.xTaskIncrementTick  tasks.o
    0x08006718   0x08006718   0x00000098   Code   RO         5009    i.xTaskPriorityDisinherit  tasks.o
    0x080067b0   0x080067b0   0x00000074   Code   RO         5011    i.xTaskRemoveFromEventList  tasks.o
    0x08006824   0x08006824   0x000000c4   Code   RO         5012    i.xTaskResumeAll    tasks.o
    0x080068e8   0x080068e8   0x000000a8   Data   RO          274    .constdata          freertos.o
    0x08006990   0x08006990   0x00000008   Data   RO         2899    .constdata          stm32f4xx_hal_dma.o
    0x08006998   0x08006998   0x00000010   Data   RO         4395    .constdata          system_stm32f4xx.o
    0x080069a8   0x080069a8   0x00000008   Data   RO         4396    .constdata          system_stm32f4xx.o
    0x080069b0   0x080069b0   0x00000081   Data   RO         6196    .constdata          mc_w.l(ctype_o.o)
    0x08006a31   0x08006a31   0x00000003   PAD
    0x08006a34   0x08006a34   0x00000004   Data   RO         6197    .constdata          mc_w.l(ctype_o.o)
    0x08006a38   0x08006a38   0x0000004a   Data   RO          275    .conststring        freertos.o
    0x08006a82   0x08006a82   0x00000002   PAD
    0x08006a84   0x08006a84   0x00000020   Data   RO         6237    Region$$Table       anon$$obj.o


    Execution Region RW_IRAM2 (Exec base: 0x10000000, Load base: 0x08006adc, Size: 0x00000000, Max: 0x00010000, ABSOLUTE)

    **** No section assigned to this execution region ****


    Execution Region RW_IRAM1 (Exec base: 0x20000000, Load base: 0x08006aa4, Size: 0x00004750, Max: 0x00020000, ABSOLUTE, COMPRESSED[0x00000038])

    Exec Addr    Load Addr    Size         Type   Attr      Idx    E Section Name        Object

    0x20000000   COMPRESSED   0x00000004   Data   RW           17    .data               main.o
    0x20000004   COMPRESSED   0x00000018   Data   RW          279    .data               freertos.o
    0x2000001c   COMPRESSED   0x00000020   Data   RW          733    .data               angle_sensor.o
    0x2000003c   COMPRESSED   0x00000060   Data   RW          780    .data               balance.o
    0x2000009c   COMPRESSED   0x00000008   Data   RW          823    .data               motor.o
    0x200000a4   COMPRESSED   0x0000000c   Data   RW          937    .data               my_usart.o
    0x200000b0   COMPRESSED   0x00000020   Data   RW         2598    .data               stm32f4xx_hal_flash.o
    0x200000d0   COMPRESSED   0x0000000c   Data   RW         3344    .data               stm32f4xx_hal.o
    0x200000dc   COMPRESSED   0x00000004   Data   RW         4397    .data               system_stm32f4xx.o
    0x200000e0   COMPRESSED   0x00000044   Data   RW         5015    .data               tasks.o
    0x20000124   COMPRESSED   0x00000020   Data   RW         5706    .data               heap_4.o
    0x20000144   COMPRESSED   0x0000000c   Data   RW         5774    .data               port.o
    0x20000150        -       0x00000264   Zero   RW          273    .bss                freertos.o
    0x200003b4        -       0x000000a8   Zero   RW          366    .bss                adc.o
    0x2000045c        -       0x00000054   Zero   RW          432    .bss                i2c.o
    0x200004b0        -       0x00000090   Zero   RW          478    .bss                tim.o
    0x20000540        -       0x000000d8   Zero   RW          542    .bss                usart.o
    0x20000618        -       0x00000048   Zero   RW          694    .bss                stm32f4xx_hal_timebase_tim.o
    0x20000660        -       0x000000f0   Zero   RW         5014    .bss                tasks.o
    0x20000750        -       0x00003c00   Zero   RW         5705    .bss                heap_4.o
    0x20004350        -       0x00000400   Zero   RW            1    STACK               startup_stm32f407xx.o


==============================================================================

Image component sizes


      Code (inc. data)   RO Data    RW Data    ZI Data      Debug   Object Name

       276         34          0          0        168       1863   adc.o
       328         52          0         32          0       3488   angle_sensor.o
       448         40          0         96          0       2917   balance.o
       120          0          0          0          0      23337   cmsis_os.o
        44          4          0          0          0        806   dma.o
         0          0          0          0          0      19996   event_groups.o
       258         24        242         24        612      11692   freertos.o
       196         14          0          0          0       1043   gpio.o
       484         26          0         32      15360       7575   heap_4.o
       300         36          0          0         84       1921   i2c.o
       140         28          0          0          0       1572   led.o
       138          0          0          0          0       3654   list.o
       368         90          0          4          0     752226   main.o
       392         42          0          8          0       3455   motor.o
      1036        258          0         12          0       7192   my_usart.o
       786         82          0         12          0      12021   port.o
      1678         20          0          0          0      17175   queue.o
        36          8        392          0       1024        848   startup_stm32f407xx.o
       116         18          0         12          0       8822   stm32f4xx_hal.o
      1204         66          0          0          0       7689   stm32f4xx_hal_adc.o
       158         14          0          0          0      33122   stm32f4xx_hal_cortex.o
      1084         16          8          0          0       7482   stm32f4xx_hal_dma.o
       520         66          0         32          0       6758   stm32f4xx_hal_flash.o
       356         24          0          0          0       4070   stm32f4xx_hal_flash_ex.o
       882         86          0          0          0       3863   stm32f4xx_hal_gpio.o
       392         16          0          0          0       3255   stm32f4xx_hal_i2c.o
        56          4          0          0          0        898   stm32f4xx_hal_msp.o
      1408         82          0          0          0       6021   stm32f4xx_hal_rcc.o
      2280        136          0          0          0      19405   stm32f4xx_hal_tim.o
       148         28          0          0          0       2545   stm32f4xx_hal_tim_ex.o
       140         20          0          0         72       1475   stm32f4xx_hal_timebase_tim.o
      1656         14          0          0          0      11648   stm32f4xx_hal_uart.o
        48         18          0          0          0       4346   stm32f4xx_it.o
         0          0          0          0          0        440   stream_buffer.o
        16          4         24          4          0       1175   system_stm32f4xx.o
      2106        148          0         68        240      26030   tasks.o
       496         48          0          0        144       3835   tim.o
       428         54          0          0        216       3224   usart.o

    ----------------------------------------------------------------------
     20558       1620        700        336      17920    1028884   Object Totals
         0          0         32          0          0          0   (incl. Generated)
        36          0          2          0          0          0   (incl. Padding)

    ----------------------------------------------------------------------

      Code (inc. data)   RO Data    RW Data    ZI Data      Debug   Library Member Name

        56          8          0          0          0         84   __0sscanf.o
        86          0          0          0          0          0   __dczerorl2.o
       816          6          0          0          0        112   _scanf.o
        64          0          0          0          0         84   _sgetc.o
         8          4        133          0          0         68   ctype_o.o
         0          0          0          0          0          0   entry.o
         0          0          0          0          0          0   entry10a.o
         0          0          0          0          0          0   entry11a.o
         4          0          0          0          0          0   entry12b.o
         8          4          0          0          0          0   entry2.o
         4          0          0          0          0          0   entry5.o
         0          0          0          0          0          0   entry7b.o
         0          0          0          0          0          0   entry8b.o
         8          4          0          0          0          0   entry9a.o
        30          0          0          0          0          0   handlers.o
        36          8          0          0          0         68   init.o
        18          0          0          0          0         76   isspace_o.o
         0          0          0          0          0          0   iusefp.o
        30          0          0          0          0         68   llshl.o
        36          0          0          0          0         68   llsshr.o
        32          0          0          0          0         68   llushr.o
        36          0          0          0          0         68   memcpya.o
        36          0          0          0          0        108   memseta.o
      2236         86          0          0          0        532   printfa.o
        40          8          0          0          0         84   scanf_char.o
       878         12          0          0          0        216   scanf_fp.o
        44          0          0          0          0         80   uidiv.o
        98          0          0          0          0         92   uldiv.o
        48          0          0          0          0         68   cdrcmple.o
        56          0          0          0          0         88   d2f.o
       334          0          0          0          0        148   dadd.o
       222          0          0          0          0        100   ddiv.o
       186          0          0          0          0        176   depilogue.o
        48          0          0          0          0         68   dfixul.o
        24          0          0          0          0         76   dfltul.o
       228          0          0          0          0         96   dmul.o
        38          0          0          0          0         68   f2d.o
       110          0          0          0          0        168   fepilogue.o

    ----------------------------------------------------------------------
      5906        140        136          0          0       2932   Library Totals
         8          0          3          0          0          0   (incl. Padding)

    ----------------------------------------------------------------------

      Code (inc. data)   RO Data    RW Data    ZI Data      Debug   Library Name

      4604        140        133          0          0       1876   mc_w.l
      1294          0          0          0          0       1056   mf_w.l

    ----------------------------------------------------------------------
      5906        140        136          0          0       2932   Library Totals

    ----------------------------------------------------------------------

==============================================================================


      Code (inc. data)   RO Data    RW Data    ZI Data      Debug   

     26464       1760        836        336      17920    1011244   Grand Totals
     26464       1760        836         56      17920    1011244   ELF Image Totals (compressed)
     26464       1760        836         56          0          0   ROM Totals

==============================================================================

    Total RO  Size (Code + RO Data)                27300 (  26.66kB)
    Total RW  Size (RW Data + ZI Data)             18256 (  17.83kB)
    Total ROM Size (Code + RO Data + RW Data)      27356 (  26.71kB)

==============================================================================

