Component: ARM Compiler 5.06 update 7 (build 960) Tool: armlink [4d3601]

==============================================================================

Section Cross References

    startup_stm32f407xx.o(RESET) refers to startup_stm32f407xx.o(STACK) for __initial_sp
    startup_stm32f407xx.o(RESET) refers to startup_stm32f407xx.o(.text) for Reset_Handler
    startup_stm32f407xx.o(RESET) refers to stm32f4xx_it.o(i.NMI_Handler) for NMI_Handler
    startup_stm32f407xx.o(RESET) refers to stm32f4xx_it.o(i.HardFault_Handler) for HardFault_Handler
    startup_stm32f407xx.o(RESET) refers to stm32f4xx_it.o(i.MemManage_Handler) for MemManage_Handler
    startup_stm32f407xx.o(RESET) refers to stm32f4xx_it.o(i.BusFault_Handler) for BusFault_Handler
    startup_stm32f407xx.o(RESET) refers to stm32f4xx_it.o(i.UsageFault_Handler) for UsageFault_Handler
    startup_stm32f407xx.o(RESET) refers to port.o(.emb_text) for SVC_Handler
    startup_stm32f407xx.o(RESET) refers to stm32f4xx_it.o(i.DebugMon_Handler) for DebugMon_Handler
    startup_stm32f407xx.o(RESET) refers to port.o(i.SysTick_Handler) for SysTick_Handler
    startup_stm32f407xx.o(RESET) refers to stm32f4xx_it.o(i.TIM1_UP_TIM10_IRQHandler) for TIM1_UP_TIM10_IRQHandler
    startup_stm32f407xx.o(RESET) refers to stm32f4xx_it.o(i.DMA2_Stream0_IRQHandler) for DMA2_Stream0_IRQHandler
    startup_stm32f407xx.o(.text) refers to system_stm32f4xx.o(i.SystemInit) for SystemInit
    startup_stm32f407xx.o(.text) refers to entry.o(.ARM.Collect$$$$00000000) for __main
    main.o(i.HAL_TIM_PeriodElapsedCallback) refers to stm32f4xx_hal.o(i.HAL_IncTick) for HAL_IncTick
    main.o(i.SystemClock_Config) refers to memseta.o(.text) for __aeabi_memclr4
    main.o(i.SystemClock_Config) refers to stm32f4xx_hal_rcc.o(i.HAL_RCC_OscConfig) for HAL_RCC_OscConfig
    main.o(i.SystemClock_Config) refers to stm32f4xx_hal_rcc.o(i.HAL_RCC_ClockConfig) for HAL_RCC_ClockConfig
    main.o(i.main) refers to stm32f4xx_hal.o(i.HAL_Init) for HAL_Init
    main.o(i.main) refers to main.o(i.SystemClock_Config) for SystemClock_Config
    main.o(i.main) refers to gpio.o(i.MX_GPIO_Init) for MX_GPIO_Init
    main.o(i.main) refers to dma.o(i.MX_DMA_Init) for MX_DMA_Init
    main.o(i.main) refers to tim.o(i.MX_TIM2_Init) for MX_TIM2_Init
    main.o(i.main) refers to tim.o(i.MX_TIM3_Init) for MX_TIM3_Init
    main.o(i.main) refers to usart.o(i.MX_USART1_UART_Init) for MX_USART1_UART_Init
    main.o(i.main) refers to adc.o(i.MX_ADC1_Init) for MX_ADC1_Init
    main.o(i.main) refers to i2c.o(i.MX_I2C1_Init) for MX_I2C1_Init
    main.o(i.main) refers to usart.o(i.MX_USART2_UART_Init) for MX_USART2_UART_Init
    main.o(i.main) refers to usart.o(i.MX_USART3_UART_Init) for MX_USART3_UART_Init
    main.o(i.main) refers to stm32f4xx_hal_adc.o(i.HAL_ADC_Start_DMA) for HAL_ADC_Start_DMA
    main.o(i.main) refers to freertos.o(i.MX_FREERTOS_Init) for MX_FREERTOS_Init
    main.o(i.main) refers to cmsis_os.o(i.osKernelStart) for osKernelStart
    main.o(i.main) refers to main.o(.data) for .data
    main.o(i.main) refers to adc.o(.bss) for hadc1
    gpio.o(i.MX_GPIO_Init) refers to memseta.o(.text) for __aeabi_memclr4
    gpio.o(i.MX_GPIO_Init) refers to stm32f4xx_hal_gpio.o(i.HAL_GPIO_WritePin) for HAL_GPIO_WritePin
    gpio.o(i.MX_GPIO_Init) refers to stm32f4xx_hal_gpio.o(i.HAL_GPIO_Init) for HAL_GPIO_Init
    freertos.o(i.MX_FREERTOS_Init) refers to memcpya.o(.text) for __aeabi_memcpy4
    freertos.o(i.MX_FREERTOS_Init) refers to cmsis_os.o(i.osThreadCreate) for osThreadCreate
    freertos.o(i.MX_FREERTOS_Init) refers to freertos.o(.constdata) for .constdata
    freertos.o(i.MX_FREERTOS_Init) refers to freertos.o(.data) for .data
    freertos.o(i.vApplicationGetIdleTaskMemory) refers to freertos.o(.bss) for .bss
    freertos.o(.constdata) refers to freertos.o(.conststring) for .conststring
    freertos.o(.constdata) refers to my_usart.o(i.usart1_tx_f) for usart1_tx_f
    freertos.o(.constdata) refers to my_usart.o(i.usart1_rx_f) for usart1_rx_f
    freertos.o(.constdata) refers to my_usart.o(i.usart2_tx_f) for usart2_tx_f
    freertos.o(.constdata) refers to my_usart.o(i.usart2_rx_f) for usart2_rx_f
    freertos.o(.constdata) refers to my_usart.o(i.usart3_tx_f) for usart3_tx_f
    freertos.o(.constdata) refers to my_usart.o(i.usart3_rx_f) for usart3_rx_f
    freertos.o(.constdata) refers to my_oled.o(i.oled_f) for oled_f
    freertos.o(.constdata) refers to angle_sensor.o(i.angle_sensor_f) for angle_sensor_f
    freertos.o(.constdata) refers to motor.o(i.motor_run_f) for motor_run_f
    freertos.o(.constdata) refers to motor.o(i.motor_sensor_f) for motor_sensor_f
    freertos.o(.constdata) refers to balance.o(i.balance_f) for balance_f
    adc.o(i.HAL_ADC_MspDeInit) refers to stm32f4xx_hal_gpio.o(i.HAL_GPIO_DeInit) for HAL_GPIO_DeInit
    adc.o(i.HAL_ADC_MspDeInit) refers to stm32f4xx_hal_dma.o(i.HAL_DMA_DeInit) for HAL_DMA_DeInit
    adc.o(i.HAL_ADC_MspInit) refers to memseta.o(.text) for __aeabi_memclr4
[...]
    ../clib/microlib/init/entry.s            0x00000000   Number         0  entry10b.o ABSOLUTE
    ../clib/microlib/longlong.c              0x00000000   Number         0  llshl.o ABSOLUTE
    ../clib/microlib/longlong.c              0x00000000   Number         0  llushr.o ABSOLUTE
    ../clib/microlib/longlong.c              0x00000000   Number         0  llsshr.o ABSOLUTE
    ../clib/microlib/printf/printf.c         0x00000000   Number         0  printf6.o ABSOLUTE
    ../clib/microlib/printf/printf.c         0x00000000   Number         0  printf5.o ABSOLUTE
    ../clib/microlib/printf/printf.c         0x00000000   Number         0  printf4.o ABSOLUTE
    ../clib/microlib/printf/printf.c         0x00000000   Number         0  printf3.o ABSOLUTE
    ../clib/microlib/printf/printf.c         0x00000000   Number         0  printf2.o ABSOLUTE
    ../clib/microlib/printf/printf.c         0x00000000   Number         0  printf0.o ABSOLUTE
    ../clib/microlib/printf/printf.c         0x00000000   Number         0  printfb.o ABSOLUTE
    ../clib/microlib/printf/printf.c         0x00000000   Number         0  printfa.o ABSOLUTE
    ../clib/microlib/printf/printf.c         0x00000000   Number         0  printf1.o ABSOLUTE
    ../clib/microlib/printf/printf.c         0x00000000   Number         0  printf8.o ABSOLUTE
    ../clib/microlib/printf/printf.c         0x00000000   Number         0  printf7.o ABSOLUTE
    ../clib/microlib/printf/stubs.s          0x00000000   Number         0  stubs.o ABSOLUTE
    ../clib/microlib/stdio/fputc.c           0x00000000   Number         0  fputc.o ABSOLUTE
    ../clib/microlib/stdio/semi.s            0x00000000   Number         0  semi.o ABSOLUTE
    ../clib/microlib/stdio/streams.c         0x00000000   Number         0  stdout.o ABSOLUTE
    ../clib/microlib/string/memcpy.c         0x00000000   Number         0  memcpya.o ABSOLUTE
    ../clib/microlib/string/memcpy.c         0x00000000   Number         0  memcpyb.o ABSOLUTE
    ../clib/microlib/string/memset.c         0x00000000   Number         0  memseta.o ABSOLUTE
    ../clib/microlib/string/memset.c         0x00000000   Number         0  memset.o ABSOLUTE
    ../clib/microlib/string/strcpy.c         0x00000000   Number         0  strcpy.o ABSOLUTE
    ../clib/microlib/string/strlen.c         0x00000000   Number         0  strlen.o ABSOLUTE
    ../clib/microlib/stubs.s                 0x00000000   Number         0  iusefp.o ABSOLUTE
    ../clib/microlib/stubs.s                 0x00000000   Number         0  iusesemip.o ABSOLUTE
    ../fplib/microlib/fpadd.c                0x00000000   Number         0  dadd.o ABSOLUTE
    ../fplib/microlib/fpdiv.c                0x00000000   Number         0  ddiv.o ABSOLUTE
    ../fplib/microlib/fpepilogue.c           0x00000000   Number         0  depilogue.o ABSOLUTE
    ../fplib/microlib/fpfix.c                0x00000000   Number         0  dfixul.o ABSOLUTE
    ../fplib/microlib/fpmul.c                0x00000000   Number         0  dmul.o ABSOLUTE
    ..\Core\Src\LED.c                        0x00000000   Number         0  led.o ABSOLUTE
    ..\Core\Src\adc.c                        0x00000000   Number         0  adc.o ABSOLUTE
    ..\Core\Src\angle_sensor.c               0x00000000   Number         0  angle_sensor.o ABSOLUTE
    ..\Core\Src\balance.c                    0x00000000   Number         0  balance.o ABSOLUTE
    ..\Core\Src\dma.c                        0x00000000   Number         0  dma.o ABSOLUTE
    ..\Core\Src\freertos.c                   0x00000000   Number         0  freertos.o ABSOLUTE
    ..\Core\Src\gpio.c                       0x00000000   Number         0  gpio.o ABSOLUTE
    ..\Core\Src\i2c.c                        0x00000000   Number         0  i2c.o ABSOLUTE
    ..\Core\Src\main.c                       0x00000000   Number         0  main.o ABSOLUTE
    ..\Core\Src\motor.c                      0x00000000   Number         0  motor.o ABSOLUTE
    ..\Core\Src\my_oled.c                    0x00000000   Number         0  my_oled.o ABSOLUTE
    ..\Core\Src\my_usart.c                   0x00000000   Number         0  my_usart.o ABSOLUTE
    ..\Core\Src\stm32f4xx_hal_msp.c          0x00000000   Number         0  stm32f4xx_hal_msp.o ABSOLUTE
    ..\Core\Src\stm32f4xx_hal_timebase_tim.c 0x00000000   Number         0  stm32f4xx_hal_timebase_tim.o ABSOLUTE
    ..\Core\Src\stm32f4xx_it.c               0x00000000   Number         0  stm32f4xx_it.o ABSOLUTE
    ..\Core\Src\system_stm32f4xx.c           0x00000000   Number         0  system_stm32f4xx.o ABSOLUTE
    ..\Core\Src\tim.c                        0x00000000   Number         0  tim.o ABSOLUTE
    ..\Core\Src\usart.c                      0x00000000   Number         0  usart.o ABSOLUTE
    ..\Drivers\STM32F4xx_HAL_Driver\Src\stm32f4xx_hal.c 0x00000000   Number         0  stm32f4xx_hal.o ABSOLUTE
    ..\Drivers\STM32F4xx_HAL_Driver\Src\stm32f4xx_hal_adc.c 0x00000000   Number         0  stm32f4xx_hal_adc.o ABSOLUTE
    ..\Drivers\STM32F4xx_HAL_Driver\Src\stm32f4xx_hal_adc_ex.c 0x00000000   Number         0  stm32f4xx_hal_adc_ex.o ABSOLUTE
    ..\Drivers\STM32F4xx_HAL_Driver\Src\stm32f4xx_hal_cortex.c 0x00000000   Number         0  stm32f4xx_hal_cortex.o ABSOLUTE
    ..\Drivers\STM32F4xx_HAL_Driver\Src\stm32f4xx_hal_dma.c 0x00000000   Number         0  stm32f4xx_hal_dma.o ABSOLUTE
    ..\Drivers\STM32F4xx_HAL_Driver\Src\stm32f4xx_hal_dma_ex.c 0x00000000   Number         0  stm32f4xx_hal_dma_ex.o ABSOLUTE
    ..\Drivers\STM32F4xx_HAL_Driver\Src\stm32f4xx_hal_exti.c 0x00000000   Number         0  stm32f4xx_hal_exti.o ABSOLUTE
    ..\Drivers\STM32F4xx_HAL_Driver\Src\stm32f4xx_hal_flash.c 0x00000000   Number         0  stm32f4xx_hal_flash.o ABSOLUTE
    ..\Drivers\STM32F4xx_HAL_Driver\Src\stm32f4xx_hal_flash_ex.c 0x00000000   Number         0  stm32f4xx_hal_flash_ex.o ABSOLUTE
    ..\Drivers\STM32F4xx_HAL_Driver\Src\stm32f4xx_hal_flash_ramfunc.c 0x00000000   Number         0  stm32f4xx_hal_flash_ramfunc.o ABSOLUTE
    ..\Drivers\STM32F4xx_HAL_Driver\Src\stm32f4xx_hal_gpio.c 0x00000000   Number         0  stm32f4xx_hal_gpio.o ABSOLUTE
    ..\Drivers\STM32F4xx_HAL_Driver\Src\stm32f4xx_hal_i2c.c 0x00000000   Number         0  stm32f4xx_hal_i2c.o ABSOLUTE
    ..\Drivers\STM32F4xx_HAL_Driver\Src\stm32f4xx_hal_i2c_ex.c 0x00000000   Number         0  stm32f4xx_hal_i2c_ex.o ABSOLUTE
    ..\Drivers\STM32F4xx_HAL_Driver\Src\stm32f4xx_hal_pwr.c 0x00000000   Number         0  stm32f4xx_hal_pwr.o ABSOLUTE
    ..\Drivers\STM32F4xx_HAL_Driver\Src\stm32f4xx_hal_pwr_ex.c 0x00000000   Number         0  stm32f4xx_hal_pwr_ex.o ABSOLUTE
    ..\Drivers\STM32F4xx_HAL_Driver\Src\stm32f4xx_hal_rcc.c 0x00000000   Number         0  stm32f4xx_hal_rcc.o ABSOLUTE
    ..\Drivers\STM32F4xx_HAL_Driver\Src\stm32f4xx_hal_rcc_ex.c 0x00000000   Number         0  stm32f4xx_hal_rcc_ex.o ABSOLUTE
    ..\Drivers\STM32F4xx_HAL_Driver\Src\stm32f4xx_hal_tim.c 0x00000000   Number         0  stm32f4xx_hal_tim.o ABSOLUTE
    ..\Drivers\STM32F4xx_HAL_Driver\Src\stm32f4xx_hal_tim_ex.c 0x00000000   Number         0  stm32f4xx_hal_tim_ex.o ABSOLUTE
    ..\Drivers\STM32F4xx_HAL_Driver\Src\stm32f4xx_hal_uart.c 0x00000000   Number         0  stm32f4xx_hal_uart.o ABSOLUTE
    ..\Middlewares\Third_Party\FreeRTOS\Source\CMSIS_RTOS\cmsis_os.c 0x00000000   Number         0  cmsis_os.o ABSOLUTE
    ..\Middlewares\Third_Party\FreeRTOS\Source\portable\RVDS\ARM_CM4F\port.c 0x00000000   Number         0  port.o ABSOLUTE
    ..\\Core\\Src\\LED.c                     0x00000000   Number         0  led.o ABSOLUTE
    ..\\Core\\Src\\angle_sensor.c            0x00000000   Number         0  angle_sensor.o ABSOLUTE
    cdrcmple.s                               0x00000000   Number         0  cdrcmple.o ABSOLUTE
    dc.s                                     0x00000000   Number         0  dc.o ABSOLUTE
    handlers.s                               0x00000000   Number         0  handlers.o ABSOLUTE
    init.s                                   0x00000000   Number         0  init.o ABSOLUTE
    startup_stm32f407xx.s                    0x00000000   Number         0  startup_stm32f407xx.o ABSOLUTE
    RESET                                    0x08000000   Section      392  startup_stm32f407xx.o(RESET)
    .ARM.Collect$$$$00000000                 0x08000188   Section        0  entry.o(.ARM.Collect$$$$00000000)
    .ARM.Collect$$$$00000001                 0x08000188   Section        4  entry2.o(.ARM.Collect$$$$00000001)
    .ARM.Collect$$$$00000004                 0x0800018c   Section        4  entry5.o(.ARM.Collect$$$$00000004)
    .ARM.Collect$$$$00000008                 0x08000190   Section        0  entry7b.o(.ARM.Collect$$$$00000008)
    .ARM.Collect$$$$0000000A                 0x08000190   Section        0  entry8b.o(.ARM.Collect$$$$0000000A)
    .ARM.Collect$$$$0000000B                 0x08000190   Section        8  entry9a.o(.ARM.Collect$$$$0000000B)
    .ARM.Collect$$$$0000000E                 0x08000198   Section        4  entry12b.o(.ARM.Collect$$$$0000000E)
    .ARM.Collect$$$$0000000F                 0x0800019c   Section        0  entry10a.o(.ARM.Collect$$$$0000000F)
    .ARM.Collect$$$$00000011                 0x0800019c   Section        0  entry11a.o(.ARM.Collect$$$$00000011)
    .ARM.Collect$$$$00002712                 0x0800019c   Section        4  entry2.o(.ARM.Collect$$$$00002712)
    __lit__00000000                          0x0800019c   Data           4  entry2.o(.ARM.Collect$$$$00002712)
    .emb_text                                0x080001a0   Section      190  port.o(.emb_text)
    $v0                                      0x080001a0   Number         0  port.o(.emb_text)
    .text                                    0x08000260   Section       36  startup_stm32f407xx.o(.text)
    $v0                                      0x08000260   Number         0  startup_stm32f407xx.o(.text)
    .text                                    0x08000284   Section        0  uldiv.o(.text)
    .text                                    0x080002e6   Section        0  memcpya.o(.text)
    .text                                    0x0800030a   Section        0  memseta.o(.text)
    .text                                    0x0800032e   Section        0  llshl.o(.text)
    .text                                    0x0800034c   Section        0  llushr.o(.text)
    .text                                    0x0800036c   Section       36  init.o(.text)
    i.ADC_DMAConvCplt                        0x08000390   Section        0  stm32f4xx_hal_adc.o(i.ADC_DMAConvCplt)
    ADC_DMAConvCplt                          0x08000391   Thumb Code   110  stm32f4xx_hal_adc.o(i.ADC_DMAConvCplt)
    i.ADC_DMAError                           0x080003fe   Section        0  stm32f4xx_hal_adc.o(i.ADC_DMAError)
    ADC_DMAError                             0x080003ff   Thumb Code    22  stm32f4xx_hal_adc.o(i.ADC_DMAError)
    i.ADC_DMAHalfConvCplt                    0x08000414   Section        0  stm32f4xx_hal_adc.o(i.ADC_DMAHalfConvCplt)
    ADC_DMAHalfConvCplt                      0x08000415   Thumb Code    10  stm32f4xx_hal_adc.o(i.ADC_DMAHalfConvCplt)
    i.ADC_Init                               0x08000420   Section        0  stm32f4xx_hal_adc.o(i.ADC_Init)
    ADC_Init                                 0x08000421   Thumb Code   284  stm32f4xx_hal_adc.o(i.ADC_Init)
    i.BusFault_Handler                       0x08000548   Section        0  stm32f4xx_it.o(i.BusFault_Handler)
    i.DMA2_Stream0_IRQHandler                0x0800054c   Section        0  stm32f4xx_it.o(i.DMA2_Stream0_IRQHandler)
    i.DMA_CalcBaseAndBitshift                0x08000558   Section        0  stm32f4xx_hal_dma.o(i.DMA_CalcBaseAndBitshift)
    DMA_CalcBaseAndBitshift                  0x08000559   Thumb Code    34  stm32f4xx_hal_dma.o(i.DMA_CalcBaseAndBitshift)
    i.DMA_CheckFifoParam                     0x08000580   Section        0  stm32f4xx_hal_dma.o(i.DMA_CheckFifoParam)
    DMA_CheckFifoParam                       0x08000581   Thumb Code    84  stm32f4xx_hal_dma.o(i.DMA_CheckFifoParam)
    i.DMA_SetConfig                          0x080005d4   Section        0  stm32f4xx_hal_dma.o(i.DMA_SetConfig)
    DMA_SetConfig                            0x080005d5   Thumb Code    40  stm32f4xx_hal_dma.o(i.DMA_SetConfig)
    i.DebugMon_Handler                       0x080005fc   Section        0  stm32f4xx_it.o(i.DebugMon_Handler)
    i.Error_Handler                          0x080005fe   Section        0  main.o(i.Error_Handler)
    i.HAL_ADC_ConfigChannel                  0x08000604   Section        0  stm32f4xx_hal_adc.o(i.HAL_ADC_ConfigChannel)
    i.HAL_ADC_ConvCpltCallback               0x08000750   Section        0  stm32f4xx_hal_adc.o(i.HAL_ADC_ConvCpltCallback)
    i.HAL_ADC_ConvHalfCpltCallback           0x08000752   Section        0  stm32f4xx_hal_adc.o(i.HAL_ADC_ConvHalfCpltCallback)
    i.HAL_ADC_ErrorCallback                  0x08000754   Section        0  stm32f4xx_hal_adc.o(i.HAL_ADC_ErrorCallback)
    i.HAL_ADC_Init                           0x08000756   Section        0  stm32f4xx_hal_adc.o(i.HAL_ADC_Init)
    i.HAL_ADC_MspInit                        0x080007ac   Section        0  adc.o(i.HAL_ADC_MspInit)
    i.HAL_ADC_Start_DMA                      0x08000844   Section        0  stm32f4xx_hal_adc.o(i.HAL_ADC_Start_DMA)
    i.HAL_DMA_IRQHandler                     0x0800099c   Section        0  stm32f4xx_hal_dma.o(i.HAL_DMA_IRQHandler)
    i.HAL_DMA_Init                           0x08000b3c   Section        0  stm32f4xx_hal_dma.o(i.HAL_DMA_Init)
    i.HAL_DMA_Start_IT                       0x08000c10   Section        0  stm32f4xx_hal_dma.o(i.HAL_DMA_Start_IT)
    i.HAL_GPIO_Init                          0x08000c80   Section        0  stm32f4xx_hal_gpio.o(i.HAL_GPIO_Init)
    i.HAL_GPIO_TogglePin                     0x08000e70   Section        0  stm32f4xx_hal_gpio.o(i.HAL_GPIO_TogglePin)
    i.HAL_GPIO_WritePin                      0x08000e80   Section        0  stm32f4xx_hal_gpio.o(i.HAL_GPIO_WritePin)
    i.HAL_GetTick                            0x08000e8c   Section        0  stm32f4xx_hal.o(i.HAL_GetTick)
    i.HAL_I2C_Init                           0x08000e98   Section        0  stm32f4xx_hal_i2c.o(i.HAL_I2C_Init)
    i.HAL_I2C_MspInit                        0x08001020   Section        0  i2c.o(i.HAL_I2C_MspInit)
    i.HAL_IncTick                            0x08001088   Section        0  stm32f4xx_hal.o(i.HAL_IncTick)
    i.HAL_Init                               0x08001098   Section        0  stm32f4xx_hal.o(i.HAL_Init)
    i.HAL_InitTick                           0x080010cc   Section        0  stm32f4xx_hal_timebase_tim.o(i.HAL_InitTick)
    i.HAL_MspInit                            0x08001158   Section        0  stm32f4xx_hal_msp.o(i.HAL_MspInit)
    i.HAL_NVIC_EnableIRQ                     0x08001190   Section        0  stm32f4xx_hal_cortex.o(i.HAL_NVIC_EnableIRQ)
    i.HAL_NVIC_SetPriority                   0x080011ac   Section        0  stm32f4xx_hal_cortex.o(i.HAL_NVIC_SetPriority)
    i.HAL_NVIC_SetPriorityGrouping           0x080011ec   Section        0  stm32f4xx_hal_cortex.o(i.HAL_NVIC_SetPriorityGrouping)
    i.HAL_RCC_ClockConfig                    0x08001210   Section        0  stm32f4xx_hal_rcc.o(i.HAL_RCC_ClockConfig)
    i.HAL_RCC_GetClockConfig                 0x08001344   Section        0  stm32f4xx_hal_rcc.o(i.HAL_RCC_GetClockConfig)
    i.HAL_RCC_GetPCLK1Freq                   0x08001384   Section        0  stm32f4xx_hal_rcc.o(i.HAL_RCC_GetPCLK1Freq)
    i.HAL_RCC_GetPCLK2Freq                   0x080013a4   Section        0  stm32f4xx_hal_rcc.o(i.HAL_RCC_GetPCLK2Freq)
    i.HAL_RCC_GetSysClockFreq                0x080013c4   Section        0  stm32f4xx_hal_rcc.o(i.HAL_RCC_GetSysClockFreq)
    i.HAL_RCC_OscConfig                      0x08001424   Section        0  stm32f4xx_hal_rcc.o(i.HAL_RCC_OscConfig)
    i.HAL_TIMEx_BreakCallback                0x08001790   Section        0  stm32f4xx_hal_tim_ex.o(i.HAL_TIMEx_BreakCallback)
    i.HAL_TIMEx_CommutCallback               0x08001792   Section        0  stm32f4xx_hal_tim_ex.o(i.HAL_TIMEx_CommutCallback)
    i.HAL_TIMEx_MasterConfigSynchronization  0x08001794   Section        0  stm32f4xx_hal_tim_ex.o(i.HAL_TIMEx_MasterConfigSynchronization)
    i.HAL_TIM_Base_Init                      0x08001824   Section        0  stm32f4xx_hal_tim.o(i.HAL_TIM_Base_Init)
    i.HAL_TIM_Base_MspInit                   0x08001880   Section        0  tim.o(i.HAL_TIM_Base_MspInit)
    i.HAL_TIM_Base_Start_IT                  0x080018a8   Section        0  stm32f4xx_hal_tim.o(i.HAL_TIM_Base_Start_IT)
    i.HAL_TIM_ConfigClockSource              0x08001928   Section        0  stm32f4xx_hal_tim.o(i.HAL_TIM_ConfigClockSource)
    i.HAL_TIM_Encoder_Init                   0x08001a04   Section        0  stm32f4xx_hal_tim.o(i.HAL_TIM_Encoder_Init)
    i.HAL_TIM_Encoder_MspInit                0x08001aa8   Section        0  tim.o(i.HAL_TIM_Encoder_MspInit)
    i.HAL_TIM_IC_CaptureCallback             0x08001b0c   Section        0  stm32f4xx_hal_tim.o(i.HAL_TIM_IC_CaptureCallback)
    i.HAL_TIM_IRQHandler                     0x08001b0e   Section        0  stm32f4xx_hal_tim.o(i.HAL_TIM_IRQHandler)
    i.HAL_TIM_MspPostInit                    0x08001c40   Section        0  tim.o(i.HAL_TIM_MspPostInit)
    i.HAL_TIM_OC_DelayElapsedCallback        0x08001c90   Section        0  stm32f4xx_hal_tim.o(i.HAL_TIM_OC_DelayElapsedCallback)
    i.HAL_TIM_PWM_ConfigChannel              0x08001c92   Section        0  stm32f4xx_hal_tim.o(i.HAL_TIM_PWM_ConfigChannel)
    i.HAL_TIM_PWM_Init                       0x08001d5e   Section        0  stm32f4xx_hal_tim.o(i.HAL_TIM_PWM_Init)
    i.HAL_TIM_PWM_MspInit                    0x08001db8   Section        0  stm32f4xx_hal_tim.o(i.HAL_TIM_PWM_MspInit)
    i.HAL_TIM_PWM_PulseFinishedCallback      0x08001dba   Section        0  stm32f4xx_hal_tim.o(i.HAL_TIM_PWM_PulseFinishedCallback)
    i.HAL_TIM_PeriodElapsedCallback          0x08001dbc   Section        0  main.o(i.HAL_TIM_PeriodElapsedCallback)
    i.HAL_TIM_TriggerCallback                0x08001dd0   Section        0  stm32f4xx_hal_tim.o(i.HAL_TIM_TriggerCallback)
    i.HAL_UART_Init                          0x08001dd2   Section        0  stm32f4xx_hal_uart.o(i.HAL_UART_Init)
    i.HAL_UART_MspInit                       0x08001e38   Section        0  usart.o(i.HAL_UART_MspInit)
    i.HardFault_Handler                      0x08001f28   Section        0  stm32f4xx_it.o(i.HardFault_Handler)
    i.LED_Toggle                             0x08001f2c   Section        0  led.o(i.LED_Toggle)
    i.MX_ADC1_Init                           0x08001f58   Section        0  adc.o(i.MX_ADC1_Init)
    i.MX_DMA_Init                            0x08001fd4   Section        0  dma.o(i.MX_DMA_Init)
    i.MX_FREERTOS_Init                       0x08002000   Section        0  freertos.o(i.MX_FREERTOS_Init)
    i.MX_GPIO_Init                           0x08002104   Section        0  gpio.o(i.MX_GPIO_Init)
    i.MX_I2C1_Init                           0x080021b4   Section        0  i2c.o(i.MX_I2C1_Init)
    i.MX_TIM2_Init                           0x080021f4   Section        0  tim.o(i.MX_TIM2_Init)
    i.MX_TIM3_Init                           0x0800225c   Section        0  tim.o(i.MX_TIM3_Init)
    i.MX_USART1_UART_Init                    0x08002308   Section        0  usart.o(i.MX_USART1_UART_Init)
    i.MX_USART2_UART_Init                    0x08002340   Section        0  usart.o(i.MX_USART2_UART_Init)
    i.MX_USART3_UART_Init                    0x08002378   Section        0  usart.o(i.MX_USART3_UART_Init)
    i.MemManage_Handler                      0x080023b0   Section        0  stm32f4xx_it.o(i.MemManage_Handler)
    i.NMI_Handler                            0x080023b2   Section        0  stm32f4xx_it.o(i.NMI_Handler)
    i.SysTick_Handler                        0x080023b4   Section        0  port.o(i.SysTick_Handler)
    i.SystemClock_Config                     0x080023e0   Section        0  main.o(i.SystemClock_Config)
    i.SystemInit                             0x08002474   Section        0  system_stm32f4xx.o(i.SystemInit)
    i.TIM1_UP_TIM10_IRQHandler               0x08002484   Section        0  stm32f4xx_it.o(i.TIM1_UP_TIM10_IRQHandler)
    i.TIM_Base_SetConfig                     0x08002490   Section        0  stm32f4xx_hal_tim.o(i.TIM_Base_SetConfig)
    i.TIM_ETR_SetConfig                      0x08002560   Section        0  stm32f4xx_hal_tim.o(i.TIM_ETR_SetConfig)
    i.TIM_ITRx_SetConfig                     0x08002574   Section        0  stm32f4xx_hal_tim.o(i.TIM_ITRx_SetConfig)
    TIM_ITRx_SetConfig                       0x08002575   Thumb Code    16  stm32f4xx_hal_tim.o(i.TIM_ITRx_SetConfig)
    i.TIM_OC1_SetConfig                      0x08002584   Section        0  stm32f4xx_hal_tim.o(i.TIM_OC1_SetConfig)
    TIM_OC1_SetConfig                        0x08002585   Thumb Code    88  stm32f4xx_hal_tim.o(i.TIM_OC1_SetConfig)
    i.TIM_OC2_SetConfig                      0x080025e4   Section        0  stm32f4xx_hal_tim.o(i.TIM_OC2_SetConfig)
    i.TIM_OC3_SetConfig                      0x08002650   Section        0  stm32f4xx_hal_tim.o(i.TIM_OC3_SetConfig)
    TIM_OC3_SetConfig                        0x08002651   Thumb Code    96  stm32f4xx_hal_tim.o(i.TIM_OC3_SetConfig)
    i.TIM_OC4_SetConfig                      0x080026b8   Section        0  stm32f4xx_hal_tim.o(i.TIM_OC4_SetConfig)
    TIM_OC4_SetConfig                        0x080026b9   Thumb Code    70  stm32f4xx_hal_tim.o(i.TIM_OC4_SetConfig)
    i.TIM_TI1_ConfigInputStage               0x08002708   Section        0  stm32f4xx_hal_tim.o(i.TIM_TI1_ConfigInputStage)
    TIM_TI1_ConfigInputStage                 0x08002709   Thumb Code    34  stm32f4xx_hal_tim.o(i.TIM_TI1_ConfigInputStage)
    i.TIM_TI2_ConfigInputStage               0x0800272a   Section        0  stm32f4xx_hal_tim.o(i.TIM_TI2_ConfigInputStage)
    TIM_TI2_ConfigInputStage                 0x0800272b   Thumb Code    36  stm32f4xx_hal_tim.o(i.TIM_TI2_ConfigInputStage)
    i.UART_SetConfig                         0x08002750   Section        0  stm32f4xx_hal_uart.o(i.UART_SetConfig)
    UART_SetConfig                           0x08002751   Thumb Code   258  stm32f4xx_hal_uart.o(i.UART_SetConfig)
    i.UsageFault_Handler                     0x0800285c   Section        0  stm32f4xx_it.o(i.UsageFault_Handler)
    i.__NVIC_SetPriority                     0x0800285e   Section        0  stm32f4xx_hal_cortex.o(i.__NVIC_SetPriority)
    __NVIC_SetPriority                       0x0800285f   Thumb Code    32  stm32f4xx_hal_cortex.o(i.__NVIC_SetPriority)
    i.__scatterload_copy                     0x0800287e   Section       14  handlers.o(i.__scatterload_copy)
    i.__scatterload_null                     0x0800288c   Section        2  handlers.o(i.__scatterload_null)
    i.__scatterload_zeroinit                 0x0800288e   Section       14  handlers.o(i.__scatterload_zeroinit)
    i.angle_sensor_f                         0x0800289c   Section        0  angle_sensor.o(i.angle_sensor_f)
    i.balance_f                              0x080028cc   Section        0  balance.o(i.balance_f)
    i.configureTimerForRunTimeStats          0x080028d4   Section        0  freertos.o(i.configureTimerForRunTimeStats)
    i.getRunTimeCounterValue                 0x080028d6   Section        0  freertos.o(i.getRunTimeCounterValue)
    i.main                                   0x080028dc   Section        0  main.o(i.main)
    i.makeFreeRtosPriority                   0x08002924   Section        0  cmsis_os.o(i.makeFreeRtosPriority)
    makeFreeRtosPriority                     0x08002925   Thumb Code    12  cmsis_os.o(i.makeFreeRtosPriority)
    i.motor_run_f                            0x08002930   Section        0  motor.o(i.motor_run_f)
    i.motor_sensor_f                         0x08002938   Section        0  motor.o(i.motor_sensor_f)
    i.oled_f                                 0x08002940   Section        0  my_oled.o(i.oled_f)
    i.osDelay                                0x08002948   Section        0  cmsis_os.o(i.osDelay)
    i.osKernelStart                          0x08002956   Section        0  cmsis_os.o(i.osKernelStart)
    i.osThreadCreate                         0x08002960   Section        0  cmsis_os.o(i.osThreadCreate)
    i.prvAddCurrentTaskToDelayedList         0x080029b4   Section        0  tasks.o(i.prvAddCurrentTaskToDelayedList)
    prvAddCurrentTaskToDelayedList           0x080029b5   Thumb Code   102  tasks.o(i.prvAddCurrentTaskToDelayedList)
    i.prvAddNewTaskToReadyList               0x08002a24   Section        0  tasks.o(i.prvAddNewTaskToReadyList)
    prvAddNewTaskToReadyList                 0x08002a25   Thumb Code   196  tasks.o(i.prvAddNewTaskToReadyList)
    i.prvDeleteTCB                           0x08002af4   Section        0  tasks.o(i.prvDeleteTCB)
    prvDeleteTCB                             0x08002af5   Thumb Code    52  tasks.o(i.prvDeleteTCB)
    i.prvHeapInit                            0x08002b28   Section        0  heap_4.o(i.prvHeapInit)
    prvHeapInit                              0x08002b29   Thumb Code    66  heap_4.o(i.prvHeapInit)
    i.prvIdleTask                            0x08002b74   Section        0  tasks.o(i.prvIdleTask)
    prvIdleTask                              0x08002b75   Thumb Code    82  tasks.o(i.prvIdleTask)
    i.prvInitialiseNewTask                   0x08002bd4   Section        0  tasks.o(i.prvInitialiseNewTask)
    prvInitialiseNewTask                     0x08002bd5   Thumb Code   178  tasks.o(i.prvInitialiseNewTask)
    i.prvInsertBlockIntoFreeList             0x08002c88   Section        0  heap_4.o(i.prvInsertBlockIntoFreeList)
    prvInsertBlockIntoFreeList               0x08002c89   Thumb Code    72  heap_4.o(i.prvInsertBlockIntoFreeList)
    i.prvResetNextTaskUnblockTime            0x08002cd4   Section        0  tasks.o(i.prvResetNextTaskUnblockTime)
    prvResetNextTaskUnblockTime              0x08002cd5   Thumb Code    26  tasks.o(i.prvResetNextTaskUnblockTime)
    i.prvTaskExitError                       0x08002cf4   Section        0  port.o(i.prvTaskExitError)
    prvTaskExitError                         0x08002cf5   Thumb Code    36  port.o(i.prvTaskExitError)
    i.pvPortMalloc                           0x08002d1c   Section        0  heap_4.o(i.pvPortMalloc)
    i.pxPortInitialiseStack                  0x08002e04   Section        0  port.o(i.pxPortInitialiseStack)
    i.usart1_rx_f                            0x08002e30   Section        0  my_usart.o(i.usart1_rx_f)
    i.usart1_tx_f                            0x08002e38   Section        0  my_usart.o(i.usart1_tx_f)
    i.usart2_rx_f                            0x08002e40   Section        0  my_usart.o(i.usart2_rx_f)
    i.usart2_tx_f                            0x08002e48   Section        0  my_usart.o(i.usart2_tx_f)
    i.usart3_rx_f                            0x08002e50   Section        0  my_usart.o(i.usart3_rx_f)
    i.usart3_tx_f                            0x08002e58   Section        0  my_usart.o(i.usart3_tx_f)
    i.uxListRemove                           0x08002e60   Section        0  list.o(i.uxListRemove)
    i.vApplicationGetIdleTaskMemory          0x08002e88   Section        0  freertos.o(i.vApplicationGetIdleTaskMemory)
    i.vApplicationMallocFailedHook           0x08002e9c   Section        0  freertos.o(i.vApplicationMallocFailedHook)
    i.vApplicationStackOverflowHook          0x08002e9e   Section        0  freertos.o(i.vApplicationStackOverflowHook)
    i.vListInitialise                        0x08002ea0   Section        0  list.o(i.vListInitialise)
    i.vListInitialiseItem                    0x08002eb6   Section        0  list.o(i.vListInitialiseItem)
    i.vListInsert                            0x08002ebc   Section        0  list.o(i.vListInsert)
    i.vListInsertEnd                         0x08002eec   Section        0  list.o(i.vListInsertEnd)
    i.vPortEnterCritical                     0x08002f04   Section        0  port.o(i.vPortEnterCritical)
    i.vPortExitCritical                      0x08002f44   Section        0  port.o(i.vPortExitCritical)
    i.vPortFree                              0x08002f6c   Section        0  heap_4.o(i.vPortFree)
    i.vPortSetupTimerInterrupt               0x08002fd0   Section        0  port.o(i.vPortSetupTimerInterrupt)
    i.vTaskDelay                             0x08002ff4   Section        0  tasks.o(i.vTaskDelay)
    i.vTaskStartScheduler                    0x08003040   Section        0  tasks.o(i.vTaskStartScheduler)
    i.vTaskSuspendAll                        0x080030b0   Section        0  tasks.o(i.vTaskSuspendAll)
    i.vTaskSwitchContext                     0x080030c0   Section        0  tasks.o(i.vTaskSwitchContext)
    i.xPortStartScheduler                    0x08003160   Section        0  port.o(i.xPortStartScheduler)
    i.xTaskCreate                            0x08003254   Section        0  tasks.o(i.xTaskCreate)
    i.xTaskCreateStatic                      0x080032ae   Section        0  tasks.o(i.xTaskCreateStatic)
    i.xTaskIncrementTick                     0x08003304   Section        0  tasks.o(i.xTaskIncrementTick)
    i.xTaskResumeAll                         0x080033d0   Section        0  tasks.o(i.xTaskResumeAll)
    .constdata                               0x08003494   Section      308  freertos.o(.constdata)
    .constdata                               0x080035c8   Section        8  stm32f4xx_hal_dma.o(.constdata)
    flagBitshiftOffset                       0x080035c8   Data           8  stm32f4xx_hal_dma.o(.constdata)
    .constdata                               0x080035d0   Section       16  system_stm32f4xx.o(.constdata)
    .constdata                               0x080035e0   Section        8  system_stm32f4xx.o(.constdata)
    .conststring                             0x080035e8   Section      130  freertos.o(.conststring)
    .data                                    0x20000000   Section        4  main.o(.data)
    .data                                    0x20000004   Section       44  freertos.o(.data)
    .data                                    0x20000030   Section       12  stm32f4xx_hal.o(.data)
    .data                                    0x2000003c   Section        4  system_stm32f4xx.o(.data)
    .data                                    0x20000040   Section       68  tasks.o(.data)
    uxDeletedTasksWaitingCleanUp             0x20000044   Data           4  tasks.o(.data)
    uxCurrentNumberOfTasks                   0x20000048   Data           4  tasks.o(.data)
    xTickCount                               0x2000004c   Data           4  tasks.o(.data)
    uxTopReadyPriority                       0x20000050   Data           4  tasks.o(.data)
    xSchedulerRunning                        0x20000054   Data           4  tasks.o(.data)
    xPendedTicks                             0x20000058   Data           4  tasks.o(.data)
    xYieldPending                            0x2000005c   Data           4  tasks.o(.data)
    xNumOfOverflows                          0x20000060   Data           4  tasks.o(.data)
    uxTaskNumber                             0x20000064   Data           4  tasks.o(.data)
    xNextTaskUnblockTime                     0x20000068   Data           4  tasks.o(.data)
    xIdleTaskHandle                          0x2000006c   Data           4  tasks.o(.data)
    uxSchedulerSuspended                     0x20000070   Data           4  tasks.o(.data)
    ulTaskSwitchedInTime                     0x20000074   Data           4  tasks.o(.data)
    ulTotalRunTime                           0x20000078   Data           4  tasks.o(.data)
    pxDelayedTaskList                        0x2000007c   Data           4  tasks.o(.data)
    pxOverflowDelayedTaskList                0x20000080   Data           4  tasks.o(.data)
    .data                                    0x20000084   Section       32  heap_4.o(.data)
    pxEnd                                    0x20000084   Data           4  heap_4.o(.data)
    xFreeBytesRemaining                      0x20000088   Data           4  heap_4.o(.data)
    xMinimumEverFreeBytesRemaining           0x2000008c   Data           4  heap_4.o(.data)
    xNumberOfSuccessfulAllocations           0x20000090   Data           4  heap_4.o(.data)
    xNumberOfSuccessfulFrees                 0x20000094   Data           4  heap_4.o(.data)
    xBlockAllocatedBit                       0x20000098   Data           4  heap_4.o(.data)
    xStart                                   0x2000009c   Data           8  heap_4.o(.data)
    .data                                    0x200000a4   Section       12  port.o(.data)
    ucMaxSysCallPriority                     0x200000a4   Data           1  port.o(.data)
    uxCriticalNesting                        0x200000a8   Data           4  port.o(.data)
    ulMaxPRIGROUPValue                       0x200000ac   Data           4  port.o(.data)
    .bss                                     0x200000b0   Section      612  freertos.o(.bss)
    xIdleTaskTCBBuffer                       0x200000b0   Data         100  freertos.o(.bss)
    xIdleStack                               0x20000114   Data         512  freertos.o(.bss)
    .bss                                     0x20000314   Section      168  adc.o(.bss)
    .bss                                     0x200003bc   Section       84  i2c.o(.bss)
    .bss                                     0x20000410   Section      144  tim.o(.bss)
    .bss                                     0x200004a0   Section      216  usart.o(.bss)
    .bss                                     0x20000578   Section       72  stm32f4xx_hal_timebase_tim.o(.bss)
    .bss                                     0x200005c0   Section      240  tasks.o(.bss)
    pxReadyTasksLists                        0x200005c0   Data         140  tasks.o(.bss)
    xDelayedTaskList1                        0x2000064c   Data          20  tasks.o(.bss)
    xDelayedTaskList2                        0x20000660   Data          20  tasks.o(.bss)
    xPendingReadyList                        0x20000674   Data          20  tasks.o(.bss)
    xTasksWaitingTermination                 0x20000688   Data          20  tasks.o(.bss)
    xSuspendedTaskList                       0x2000069c   Data          20  tasks.o(.bss)
    .bss                                     0x200006b0   Section    15360  heap_4.o(.bss)
    ucHeap                                   0x200006b0   Data       15360  heap_4.o(.bss)
    STACK                                    0x200042b0   Section     1024  startup_stm32f407xx.o(STACK)

    Global Symbols

    Symbol Name                              Value     Ov Type        Size  Object(Section)

    BuildAttributes$$THM_ISAv4$E$P$D$K$B$S$7EM$VFPi3$EXTD16$VFPS$VFMA$PE$A:L22UL41UL21$X:L11$S22US41US21$IEEE1$IW$USESV6$~STKCKD$USESV7$~SHL$OSPACE$ROPI$EBA8$MICROLIB$REQ8$PRES8$EABIv2 0x00000000   Number         0  anon$$obj.o ABSOLUTE
    __ARM_use_no_argv                        0x00000000   Number         0  main.o ABSOLUTE
    _printf_a                                0x00000000   Number         0  stubs.o ABSOLUTE
    _printf_c                                0x00000000   Number         0  stubs.o ABSOLUTE
    _printf_charcount                        0x00000000   Number         0  stubs.o ABSOLUTE
    _printf_d                                0x00000000   Number         0  stubs.o ABSOLUTE
    _printf_e                                0x00000000   Number         0  stubs.o ABSOLUTE
    _printf_f                                0x00000000   Number         0  stubs.o ABSOLUTE
    _printf_flags                            0x00000000   Number         0  stubs.o ABSOLUTE
    _printf_fp_dec                           0x00000000   Number         0  stubs.o ABSOLUTE
    _printf_fp_hex                           0x00000000   Number         0  stubs.o ABSOLUTE
    _printf_g                                0x00000000   Number         0  stubs.o ABSOLUTE
    _printf_i                                0x00000000   Number         0  stubs.o ABSOLUTE
    _printf_int_dec                          0x00000000   Number         0  stubs.o ABSOLUTE
    _printf_l                                0x00000000   Number         0  stubs.o ABSOLUTE
    _printf_lc                               0x00000000   Number         0  stubs.o ABSOLUTE
    _printf_ll                               0x00000000   Number         0  stubs.o ABSOLUTE
    _printf_lld                              0x00000000   Number         0  stubs.o ABSOLUTE
    _printf_lli                              0x00000000   Number         0  stubs.o ABSOLUTE
    _printf_llo                              0x00000000   Number         0  stubs.o ABSOLUTE
    _printf_llu                              0x00000000   Number         0  stubs.o ABSOLUTE
    _printf_llx                              0x00000000   Number         0  stubs.o ABSOLUTE
    _printf_longlong_dec                     0x00000000   Number         0  stubs.o ABSOLUTE
    _printf_longlong_hex                     0x00000000   Number         0  stubs.o ABSOLUTE
    _printf_longlong_oct                     0x00000000   Number         0  stubs.o ABSOLUTE
    _printf_ls                               0x00000000   Number         0  stubs.o ABSOLUTE
    _printf_mbtowc                           0x00000000   Number         0  stubs.o ABSOLUTE
    _printf_n                                0x00000000   Number         0  stubs.o ABSOLUTE
    _printf_o                                0x00000000   Number         0  stubs.o ABSOLUTE
    _printf_p                                0x00000000   Number         0  stubs.o ABSOLUTE
    _printf_percent                          0x00000000   Number         0  stubs.o ABSOLUTE
    _printf_pre_padding                      0x00000000   Number         0  stubs.o ABSOLUTE
    _printf_return_value                     0x00000000   Number         0  stubs.o ABSOLUTE
    _printf_s                                0x00000000   Number         0  stubs.o ABSOLUTE
    _printf_sizespec                         0x00000000   Number         0  stubs.o ABSOLUTE
    _printf_str                              0x00000000   Number         0  stubs.o ABSOLUTE
    _printf_truncate_signed                  0x00000000   Number         0  stubs.o ABSOLUTE
    _printf_truncate_unsigned                0x00000000   Number         0  stubs.o ABSOLUTE
    _printf_u                                0x00000000   Number         0  stubs.o ABSOLUTE
    _printf_wc                               0x00000000   Number         0  stubs.o ABSOLUTE
    _printf_wctomb                           0x00000000   Number         0  stubs.o ABSOLUTE
    _printf_widthprec                        0x00000000   Number         0  stubs.o ABSOLUTE
    _printf_x                                0x00000000   Number         0  stubs.o ABSOLUTE
    __arm_fini_                               - Undefined Weak Reference
    __cpp_initialize__aeabi_                  - Undefined Weak Reference
    __cxa_finalize                            - Undefined Weak Reference
    __decompress                              - Undefined Weak Reference
    _clock_init                               - Undefined Weak Reference
    _microlib_exit                            - Undefined Weak Reference
    __Vectors_Size                           0x00000188   Number         0  startup_stm32f407xx.o ABSOLUTE
    __Vectors                                0x08000000   Data           4  startup_stm32f407xx.o(RESET)
    __Vectors_End                            0x08000188   Data           0  startup_stm32f407xx.o(RESET)
    __main                                   0x08000189   Thumb Code     0  entry.o(.ARM.Collect$$$$00000000)
    _main_stk                                0x08000189   Thumb Code     0  entry2.o(.ARM.Collect$$$$00000001)
    _main_scatterload                        0x0800018d   Thumb Code     0  entry5.o(.ARM.Collect$$$$00000004)
    __main_after_scatterload                 0x08000191   Thumb Code     0  entry5.o(.ARM.Collect$$$$00000004)
    _main_clock                              0x08000191   Thumb Code     0  entry7b.o(.ARM.Collect$$$$00000008)
    _main_cpp_init                           0x08000191   Thumb Code     0  entry8b.o(.ARM.Collect$$$$0000000A)
    _main_init                               0x08000191   Thumb Code     0  entry9a.o(.ARM.Collect$$$$0000000B)
    __rt_lib_shutdown_fini                   0x08000199   Thumb Code     0  entry12b.o(.ARM.Collect$$$$0000000E)
    __rt_final_cpp                           0x0800019d   Thumb Code     0  entry10a.o(.ARM.Collect$$$$0000000F)
    __rt_final_exit                          0x0800019d   Thumb Code     0  entry11a.o(.ARM.Collect$$$$00000011)
    SVC_Handler                              0x080001a1   Thumb Code    28  port.o(.emb_text)
    __asm___6_port_c_39a90d8d__prvStartFirstTask 0x080001c1   Thumb Code    36  port.o(.emb_text)
    __asm___6_port_c_39a90d8d__prvEnableVFP  0x080001e9   Thumb Code    16  port.o(.emb_text)
    PendSV_Handler                           0x080001fd   Thumb Code    88  port.o(.emb_text)
    vPortGetIPSR                             0x08000259   Thumb Code     6  port.o(.emb_text)
    Reset_Handler                            0x08000261   Thumb Code     8  startup_stm32f407xx.o(.text)
    ADC_IRQHandler                           0x0800027b   Thumb Code     0  startup_stm32f407xx.o(.text)
    CAN1_RX0_IRQHandler                      0x0800027b   Thumb Code     0  startup_stm32f407xx.o(.text)
    CAN1_RX1_IRQHandler                      0x0800027b   Thumb Code     0  startup_stm32f407xx.o(.text)
    CAN1_SCE_IRQHandler                      0x0800027b   Thumb Code     0  startup_stm32f407xx.o(.text)
    CAN1_TX_IRQHandler                       0x0800027b   Thumb Code     0  startup_stm32f407xx.o(.text)
    CAN2_RX0_IRQHandler                      0x0800027b   Thumb Code     0  startup_stm32f407xx.o(.text)
    CAN2_RX1_IRQHandler                      0x0800027b   Thumb Code     0  startup_stm32f407xx.o(.text)
    CAN2_SCE_IRQHandler                      0x0800027b   Thumb Code     0  startup_stm32f407xx.o(.text)
    CAN2_TX_IRQHandler                       0x0800027b   Thumb Code     0  startup_stm32f407xx.o(.text)
    DCMI_IRQHandler                          0x0800027b   Thumb Code     0  startup_stm32f407xx.o(.text)
    DMA1_Stream0_IRQHandler                  0x0800027b   Thumb Code     0  startup_stm32f407xx.o(.text)
    DMA1_Stream1_IRQHandler                  0x0800027b   Thumb Code     0  startup_stm32f407xx.o(.text)
    DMA1_Stream2_IRQHandler                  0x0800027b   Thumb Code     0  startup_stm32f407xx.o(.text)
    DMA1_Stream3_IRQHandler                  0x0800027b   Thumb Code     0  startup_stm32f407xx.o(.text)
    DMA1_Stream4_IRQHandler                  0x0800027b   Thumb Code     0  startup_stm32f407xx.o(.text)
    DMA1_Stream5_IRQHandler                  0x0800027b   Thumb Code     0  startup_stm32f407xx.o(.text)
    DMA1_Stream6_IRQHandler                  0x0800027b   Thumb Code     0  startup_stm32f407xx.o(.text)
    DMA1_Stream7_IRQHandler                  0x0800027b   Thumb Code     0  startup_stm32f407xx.o(.text)
    DMA2_Stream1_IRQHandler                  0x0800027b   Thumb Code     0  startup_stm32f407xx.o(.text)
    DMA2_Stream2_IRQHandler                  0x0800027b   Thumb Code     0  startup_stm32f407xx.o(.text)
    DMA2_Stream3_IRQHandler                  0x0800027b   Thumb Code     0  startup_stm32f407xx.o(.text)
    DMA2_Stream4_IRQHandler                  0x0800027b   Thumb Code     0  startup_stm32f407xx.o(.text)
    DMA2_Stream5_IRQHandler                  0x0800027b   Thumb Code     0  startup_stm32f407xx.o(.text)
    DMA2_Stream6_IRQHandler                  0x0800027b   Thumb Code     0  startup_stm32f407xx.o(.text)
    DMA2_Stream7_IRQHandler                  0x0800027b   Thumb Code     0  startup_stm32f407xx.o(.text)
    ETH_IRQHandler                           0x0800027b   Thumb Code     0  startup_stm32f407xx.o(.text)
    ETH_WKUP_IRQHandler                      0x0800027b   Thumb Code     0  startup_stm32f407xx.o(.text)
    EXTI0_IRQHandler                         0x0800027b   Thumb Code     0  startup_stm32f407xx.o(.text)
    EXTI15_10_IRQHandler                     0x0800027b   Thumb Code     0  startup_stm32f407xx.o(.text)
    EXTI1_IRQHandler                         0x0800027b   Thumb Code     0  startup_stm32f407xx.o(.text)
    EXTI2_IRQHandler                         0x0800027b   Thumb Code     0  startup_stm32f407xx.o(.text)
    EXTI3_IRQHandler                         0x0800027b   Thumb Code     0  startup_stm32f407xx.o(.text)
    EXTI4_IRQHandler                         0x0800027b   Thumb Code     0  startup_stm32f407xx.o(.text)
    EXTI9_5_IRQHandler                       0x0800027b   Thumb Code     0  startup_stm32f407xx.o(.text)
    FLASH_IRQHandler                         0x0800027b   Thumb Code     0  startup_stm32f407xx.o(.text)
    FMC_IRQHandler                           0x0800027b   Thumb Code     0  startup_stm32f407xx.o(.text)
    FPU_IRQHandler                           0x0800027b   Thumb Code     0  startup_stm32f407xx.o(.text)
    HASH_RNG_IRQHandler                      0x0800027b   Thumb Code     0  startup_stm32f407xx.o(.text)
    I2C1_ER_IRQHandler                       0x0800027b   Thumb Code     0  startup_stm32f407xx.o(.text)
    I2C1_EV_IRQHandler                       0x0800027b   Thumb Code     0  startup_stm32f407xx.o(.text)
    I2C2_ER_IRQHandler                       0x0800027b   Thumb Code     0  startup_stm32f407xx.o(.text)
    I2C2_EV_IRQHandler                       0x0800027b   Thumb Code     0  startup_stm32f407xx.o(.text)
    I2C3_ER_IRQHandler                       0x0800027b   Thumb Code     0  startup_stm32f407xx.o(.text)
    I2C3_EV_IRQHandler                       0x0800027b   Thumb Code     0  startup_stm32f407xx.o(.text)
    OTG_FS_IRQHandler                        0x0800027b   Thumb Code     0  startup_stm32f407xx.o(.text)
    OTG_FS_WKUP_IRQHandler                   0x0800027b   Thumb Code     0  startup_stm32f407xx.o(.text)
    OTG_HS_EP1_IN_IRQHandler                 0x0800027b   Thumb Code     0  startup_stm32f407xx.o(.text)
    OTG_HS_EP1_OUT_IRQHandler                0x0800027b   Thumb Code     0  startup_stm32f407xx.o(.text)
    OTG_HS_IRQHandler                        0x0800027b   Thumb Code     0  startup_stm32f407xx.o(.text)
    OTG_HS_WKUP_IRQHandler                   0x0800027b   Thumb Code     0  startup_stm32f407xx.o(.text)
    PVD_IRQHandler                           0x0800027b   Thumb Code     0  startup_stm32f407xx.o(.text)
    RCC_IRQHandler                           0x0800027b   Thumb Code     0  startup_stm32f407xx.o(.text)
    RTC_Alarm_IRQHandler                     0x0800027b   Thumb Code     0  startup_stm32f407xx.o(.text)
    RTC_WKUP_IRQHandler                      0x0800027b   Thumb Code     0  startup_stm32f407xx.o(.text)
    SDIO_IRQHandler                          0x0800027b   Thumb Code     0  startup_stm32f407xx.o(.text)
    SPI1_IRQHandler                          0x0800027b   Thumb Code     0  startup_stm32f407xx.o(.text)
    SPI2_IRQHandler                          0x0800027b   Thumb Code     0  startup_stm32f407xx.o(.text)
    SPI3_IRQHandler                          0x0800027b   Thumb Code     0  startup_stm32f407xx.o(.text)
    TAMP_STAMP_IRQHandler                    0x0800027b   Thumb Code     0  startup_stm32f407xx.o(.text)
    TIM1_BRK_TIM9_IRQHandler                 0x0800027b   Thumb Code     0  startup_stm32f407xx.o(.text)
    TIM1_CC_IRQHandler                       0x0800027b   Thumb Code     0  startup_stm32f407xx.o(.text)
    TIM1_TRG_COM_TIM11_IRQHandler            0x0800027b   Thumb Code     0  startup_stm32f407xx.o(.text)
    TIM2_IRQHandler                          0x0800027b   Thumb Code     0  startup_stm32f407xx.o(.text)
    TIM3_IRQHandler                          0x0800027b   Thumb Code     0  startup_stm32f407xx.o(.text)
    TIM4_IRQHandler                          0x0800027b   Thumb Code     0  startup_stm32f407xx.o(.text)
    TIM5_IRQHandler                          0x0800027b   Thumb Code     0  startup_stm32f407xx.o(.text)
    TIM6_DAC_IRQHandler                      0x0800027b   Thumb Code     0  startup_stm32f407xx.o(.text)
    TIM7_IRQHandler                          0x0800027b   Thumb Code     0  startup_stm32f407xx.o(.text)
    TIM8_BRK_TIM12_IRQHandler                0x0800027b   Thumb Code     0  startup_stm32f407xx.o(.text)
    TIM8_CC_IRQHandler                       0x0800027b   Thumb Code     0  startup_stm32f407xx.o(.text)
    TIM8_TRG_COM_TIM14_IRQHandler            0x0800027b   Thumb Code     0  startup_stm32f407xx.o(.text)
    TIM8_UP_TIM13_IRQHandler                 0x0800027b   Thumb Code     0  startup_stm32f407xx.o(.text)
    UART4_IRQHandler                         0x0800027b   Thumb Code     0  startup_stm32f407xx.o(.text)
    UART5_IRQHandler                         0x0800027b   Thumb Code     0  startup_stm32f407xx.o(.text)
    USART1_IRQHandler                        0x0800027b   Thumb Code     0  startup_stm32f407xx.o(.text)
    USART2_IRQHandler                        0x0800027b   Thumb Code     0  startup_stm32f407xx.o(.text)
    USART3_IRQHandler                        0x0800027b   Thumb Code     0  startup_stm32f407xx.o(.text)
    USART6_IRQHandler                        0x0800027b   Thumb Code     0  startup_stm32f407xx.o(.text)
    WWDG_IRQHandler                          0x0800027b   Thumb Code     0  startup_stm32f407xx.o(.text)
    __aeabi_uldivmod                         0x08000285   Thumb Code    98  uldiv.o(.text)
    __aeabi_memcpy                           0x080002e7   Thumb Code    36  memcpya.o(.text)
    __aeabi_memcpy4                          0x080002e7   Thumb Code     0  memcpya.o(.text)
    __aeabi_memcpy8                          0x080002e7   Thumb Code     0  memcpya.o(.text)
    __aeabi_memset                           0x0800030b   Thumb Code    14  memseta.o(.text)
    __aeabi_memset4                          0x0800030b   Thumb Code     0  memseta.o(.text)
    __aeabi_memset8                          0x0800030b   Thumb Code     0  memseta.o(.text)
    __aeabi_memclr                           0x08000319   Thumb Code     4  memseta.o(.text)
    __aeabi_memclr4                          0x08000319   Thumb Code     0  memseta.o(.text)
    __aeabi_memclr8                          0x08000319   Thumb Code     0  memseta.o(.text)
    memset                                   0x0800031d   Thumb Code    18  memseta.o(.text)
    __aeabi_llsl                             0x0800032f   Thumb Code    30  llshl.o(.text)
    _ll_shift_l                              0x0800032f   Thumb Code     0  llshl.o(.text)
    __aeabi_llsr                             0x0800034d   Thumb Code    32  llushr.o(.text)
    _ll_ushift_r                             0x0800034d   Thumb Code     0  llushr.o(.text)
    __scatterload                            0x0800036d   Thumb Code    28  init.o(.text)
    __scatterload_rt2                        0x0800036d   Thumb Code     0  init.o(.text)
    BusFault_Handler                         0x08000549   Thumb Code     2  stm32f4xx_it.o(i.BusFault_Handler)
    DMA2_Stream0_IRQHandler                  0x0800054d   Thumb Code     6  stm32f4xx_it.o(i.DMA2_Stream0_IRQHandler)
    DebugMon_Handler                         0x080005fd   Thumb Code     2  stm32f4xx_it.o(i.DebugMon_Handler)
    Error_Handler                            0x080005ff   Thumb Code     4  main.o(i.Error_Handler)
    HAL_ADC_ConfigChannel                    0x08000605   Thumb Code   316  stm32f4xx_hal_adc.o(i.HAL_ADC_ConfigChannel)
    HAL_ADC_ConvCpltCallback                 0x08000751   Thumb Code     2  stm32f4xx_hal_adc.o(i.HAL_ADC_ConvCpltCallback)
    HAL_ADC_ConvHalfCpltCallback             0x08000753   Thumb Code     2  stm32f4xx_hal_adc.o(i.HAL_ADC_ConvHalfCpltCallback)
    HAL_ADC_ErrorCallback                    0x08000755   Thumb Code     2  stm32f4xx_hal_adc.o(i.HAL_ADC_ErrorCallback)
    HAL_ADC_Init                             0x08000757   Thumb Code    84  stm32f4xx_hal_adc.o(i.HAL_ADC_Init)
    HAL_ADC_MspInit                          0x080007ad   Thumb Code   132  adc.o(i.HAL_ADC_MspInit)
    HAL_ADC_Start_DMA                        0x08000845   Thumb Code   306  stm32f4xx_hal_adc.o(i.HAL_ADC_Start_DMA)
    HAL_DMA_IRQHandler                       0x0800099d   Thumb Code   412  stm32f4xx_hal_dma.o(i.HAL_DMA_IRQHandler)
    HAL_DMA_Init                             0x08000b3d   Thumb Code   206  stm32f4xx_hal_dma.o(i.HAL_DMA_Init)
    HAL_DMA_Start_IT                         0x08000c11   Thumb Code   110  stm32f4xx_hal_dma.o(i.HAL_DMA_Start_IT)
    HAL_GPIO_Init                            0x08000c81   Thumb Code   450  stm32f4xx_hal_gpio.o(i.HAL_GPIO_Init)
    HAL_GPIO_TogglePin                       0x08000e71   Thumb Code    16  stm32f4xx_hal_gpio.o(i.HAL_GPIO_TogglePin)
    HAL_GPIO_WritePin                        0x08000e81   Thumb Code    10  stm32f4xx_hal_gpio.o(i.HAL_GPIO_WritePin)
    HAL_GetTick                              0x08000e8d   Thumb Code     6  stm32f4xx_hal.o(i.HAL_GetTick)
    HAL_I2C_Init                             0x08000e99   Thumb Code   376  stm32f4xx_hal_i2c.o(i.HAL_I2C_Init)
    HAL_I2C_MspInit                          0x08001021   Thumb Code    92  i2c.o(i.HAL_I2C_MspInit)
    HAL_IncTick                              0x08001089   Thumb Code    12  stm32f4xx_hal.o(i.HAL_IncTick)
    HAL_Init                                 0x08001099   Thumb Code    48  stm32f4xx_hal.o(i.HAL_Init)
    HAL_InitTick                             0x080010cd   Thumb Code   120  stm32f4xx_hal_timebase_tim.o(i.HAL_InitTick)
    HAL_MspInit                              0x08001159   Thumb Code    52  stm32f4xx_hal_msp.o(i.HAL_MspInit)
    HAL_NVIC_EnableIRQ                       0x08001191   Thumb Code    26  stm32f4xx_hal_cortex.o(i.HAL_NVIC_EnableIRQ)
    HAL_NVIC_SetPriority                     0x080011ad   Thumb Code    60  stm32f4xx_hal_cortex.o(i.HAL_NVIC_SetPriority)
    HAL_NVIC_SetPriorityGrouping             0x080011ed   Thumb Code    26  stm32f4xx_hal_cortex.o(i.HAL_NVIC_SetPriorityGrouping)
    HAL_RCC_ClockConfig                      0x08001211   Thumb Code   288  stm32f4xx_hal_rcc.o(i.HAL_RCC_ClockConfig)
    HAL_RCC_GetClockConfig                   0x08001345   Thumb Code    54  stm32f4xx_hal_rcc.o(i.HAL_RCC_GetClockConfig)
    HAL_RCC_GetPCLK1Freq                     0x08001385   Thumb Code    20  stm32f4xx_hal_rcc.o(i.HAL_RCC_GetPCLK1Freq)
    HAL_RCC_GetPCLK2Freq                     0x080013a5   Thumb Code    20  stm32f4xx_hal_rcc.o(i.HAL_RCC_GetPCLK2Freq)
    HAL_RCC_GetSysClockFreq                  0x080013c5   Thumb Code    88  stm32f4xx_hal_rcc.o(i.HAL_RCC_GetSysClockFreq)
    HAL_RCC_OscConfig                        0x08001425   Thumb Code   856  stm32f4xx_hal_rcc.o(i.HAL_RCC_OscConfig)
    HAL_TIMEx_BreakCallback                  0x08001791   Thumb Code     2  stm32f4xx_hal_tim_ex.o(i.HAL_TIMEx_BreakCallback)
    HAL_TIMEx_CommutCallback                 0x08001793   Thumb Code     2  stm32f4xx_hal_tim_ex.o(i.HAL_TIMEx_CommutCallback)
    HAL_TIMEx_MasterConfigSynchronization    0x08001795   Thumb Code   116  stm32f4xx_hal_tim_ex.o(i.HAL_TIMEx_MasterConfigSynchronization)
    HAL_TIM_Base_Init                        0x08001825   Thumb Code    90  stm32f4xx_hal_tim.o(i.HAL_TIM_Base_Init)
    HAL_TIM_Base_MspInit                     0x08001881   Thumb Code    30  tim.o(i.HAL_TIM_Base_MspInit)
    HAL_TIM_Base_Start_IT                    0x080018a9   Thumb Code   100  stm32f4xx_hal_tim.o(i.HAL_TIM_Base_Start_IT)
    HAL_TIM_ConfigClockSource                0x08001929   Thumb Code   220  stm32f4xx_hal_tim.o(i.HAL_TIM_ConfigClockSource)
    HAL_TIM_Encoder_Init                     0x08001a05   Thumb Code   164  stm32f4xx_hal_tim.o(i.HAL_TIM_Encoder_Init)
    HAL_TIM_Encoder_MspInit                  0x08001aa9   Thumb Code    90  tim.o(i.HAL_TIM_Encoder_MspInit)
    HAL_TIM_IC_CaptureCallback               0x08001b0d   Thumb Code     2  stm32f4xx_hal_tim.o(i.HAL_TIM_IC_CaptureCallback)
    HAL_TIM_IRQHandler                       0x08001b0f   Thumb Code   304  stm32f4xx_hal_tim.o(i.HAL_TIM_IRQHandler)
    HAL_TIM_MspPostInit                      0x08001c41   Thumb Code    68  tim.o(i.HAL_TIM_MspPostInit)
    HAL_TIM_OC_DelayElapsedCallback          0x08001c91   Thumb Code     2  stm32f4xx_hal_tim.o(i.HAL_TIM_OC_DelayElapsedCallback)
    HAL_TIM_PWM_ConfigChannel                0x08001c93   Thumb Code   204  stm32f4xx_hal_tim.o(i.HAL_TIM_PWM_ConfigChannel)
    HAL_TIM_PWM_Init                         0x08001d5f   Thumb Code    90  stm32f4xx_hal_tim.o(i.HAL_TIM_PWM_Init)
    HAL_TIM_PWM_MspInit                      0x08001db9   Thumb Code     2  stm32f4xx_hal_tim.o(i.HAL_TIM_PWM_MspInit)
    HAL_TIM_PWM_PulseFinishedCallback        0x08001dbb   Thumb Code     2  stm32f4xx_hal_tim.o(i.HAL_TIM_PWM_PulseFinishedCallback)
    HAL_TIM_PeriodElapsedCallback            0x08001dbd   Thumb Code    14  main.o(i.HAL_TIM_PeriodElapsedCallback)
    HAL_TIM_TriggerCallback                  0x08001dd1   Thumb Code     2  stm32f4xx_hal_tim.o(i.HAL_TIM_TriggerCallback)
    HAL_UART_Init                            0x08001dd3   Thumb Code   100  stm32f4xx_hal_uart.o(i.HAL_UART_Init)
    HAL_UART_MspInit                         0x08001e39   Thumb Code   210  usart.o(i.HAL_UART_MspInit)
    HardFault_Handler                        0x08001f29   Thumb Code     2  stm32f4xx_it.o(i.HardFault_Handler)
    LED_Toggle                               0x08001f2d   Thumb Code    36  led.o(i.LED_Toggle)
    MX_ADC1_Init                             0x08001f59   Thumb Code   110  adc.o(i.MX_ADC1_Init)
    MX_DMA_Init                              0x08001fd5   Thumb Code    40  dma.o(i.MX_DMA_Init)
    MX_FREERTOS_Init                         0x08002001   Thumb Code   248  freertos.o(i.MX_FREERTOS_Init)
    MX_GPIO_Init                             0x08002105   Thumb Code   164  gpio.o(i.MX_GPIO_Init)
    MX_I2C1_Init                             0x080021b5   Thumb Code    50  i2c.o(i.MX_I2C1_Init)
    MX_TIM2_Init                             0x080021f5   Thumb Code    98  tim.o(i.MX_TIM2_Init)
    MX_TIM3_Init                             0x0800225d   Thumb Code   162  tim.o(i.MX_TIM3_Init)
    MX_USART1_UART_Init                      0x08002309   Thumb Code    48  usart.o(i.MX_USART1_UART_Init)
    MX_USART2_UART_Init                      0x08002341   Thumb Code    48  usart.o(i.MX_USART2_UART_Init)
    MX_USART3_UART_Init                      0x08002379   Thumb Code    48  usart.o(i.MX_USART3_UART_Init)
    MemManage_Handler                        0x080023b1   Thumb Code     2  stm32f4xx_it.o(i.MemManage_Handler)
    NMI_Handler                              0x080023b3   Thumb Code     2  stm32f4xx_it.o(i.NMI_Handler)
    SysTick_Handler                          0x080023b5   Thumb Code    38  port.o(i.SysTick_Handler)
    SystemClock_Config                       0x080023e1   Thumb Code   138  main.o(i.SystemClock_Config)
    SystemInit                               0x08002475   Thumb Code    12  system_stm32f4xx.o(i.SystemInit)
    TIM1_UP_TIM10_IRQHandler                 0x08002485   Thumb Code     6  stm32f4xx_it.o(i.TIM1_UP_TIM10_IRQHandler)
    TIM_Base_SetConfig                       0x08002491   Thumb Code   164  stm32f4xx_hal_tim.o(i.TIM_Base_SetConfig)
    TIM_ETR_SetConfig                        0x08002561   Thumb Code    20  stm32f4xx_hal_tim.o(i.TIM_ETR_SetConfig)
    TIM_OC2_SetConfig                        0x080025e5   Thumb Code    98  stm32f4xx_hal_tim.o(i.TIM_OC2_SetConfig)
    UsageFault_Handler                       0x0800285d   Thumb Code     2  stm32f4xx_it.o(i.UsageFault_Handler)
    __scatterload_copy                       0x0800287f   Thumb Code    14  handlers.o(i.__scatterload_copy)
    __scatterload_null                       0x0800288d   Thumb Code     2  handlers.o(i.__scatterload_null)
    __scatterload_zeroinit                   0x0800288f   Thumb Code    14  handlers.o(i.__scatterload_zeroinit)
    angle_sensor_f                           0x0800289d   Thumb Code    48  angle_sensor.o(i.angle_sensor_f)
    balance_f                                0x080028cd   Thumb Code     8  balance.o(i.balance_f)
    configureTimerForRunTimeStats            0x080028d5   Thumb Code     2  freertos.o(i.configureTimerForRunTimeStats)
    getRunTimeCounterValue                   0x080028d7   Thumb Code     4  freertos.o(i.getRunTimeCounterValue)
    main                                     0x080028dd   Thumb Code    64  main.o(i.main)
    motor_run_f                              0x08002931   Thumb Code     8  motor.o(i.motor_run_f)
    motor_sensor_f                           0x08002939   Thumb Code     8  motor.o(i.motor_sensor_f)
    oled_f                                   0x08002941   Thumb Code     8  my_oled.o(i.oled_f)
    osDelay                                  0x08002949   Thumb Code    14  cmsis_os.o(i.osDelay)
    osKernelStart                            0x08002957   Thumb Code    10  cmsis_os.o(i.osKernelStart)
    osThreadCreate                           0x08002961   Thumb Code    84  cmsis_os.o(i.osThreadCreate)
    pvPortMalloc                             0x08002d1d   Thumb Code   226  heap_4.o(i.pvPortMalloc)
    pxPortInitialiseStack                    0x08002e05   Thumb Code    40  port.o(i.pxPortInitialiseStack)
    usart1_rx_f                              0x08002e31   Thumb Code     8  my_usart.o(i.usart1_rx_f)
    usart1_tx_f                              0x08002e39   Thumb Code     8  my_usart.o(i.usart1_tx_f)
    usart2_rx_f                              0x08002e41   Thumb Code     8  my_usart.o(i.usart2_rx_f)
    usart2_tx_f                              0x08002e49   Thumb Code     8  my_usart.o(i.usart2_tx_f)
    usart3_rx_f                              0x08002e51   Thumb Code     8  my_usart.o(i.usart3_rx_f)
    usart3_tx_f                              0x08002e59   Thumb Code     8  my_usart.o(i.usart3_tx_f)
    uxListRemove                             0x08002e61   Thumb Code    38  list.o(i.uxListRemove)
    vApplicationGetIdleTaskMemory            0x08002e89   Thumb Code    16  freertos.o(i.vApplicationGetIdleTaskMemory)
    vApplicationMallocFailedHook             0x08002e9d   Thumb Code     2  freertos.o(i.vApplicationMallocFailedHook)
    vApplicationStackOverflowHook            0x08002e9f   Thumb Code     2  freertos.o(i.vApplicationStackOverflowHook)
    vListInitialise                          0x08002ea1   Thumb Code    22  list.o(i.vListInitialise)
    vListInitialiseItem                      0x08002eb7   Thumb Code     6  list.o(i.vListInitialiseItem)
    vListInsert                              0x08002ebd   Thumb Code    48  list.o(i.vListInsert)
    vListInsertEnd                           0x08002eed   Thumb Code    24  list.o(i.vListInsertEnd)
    vPortEnterCritical                       0x08002f05   Thumb Code    54  port.o(i.vPortEnterCritical)
    vPortExitCritical                        0x08002f45   Thumb Code    34  port.o(i.vPortExitCritical)
    vPortFree                                0x08002f6d   Thumb Code    94  heap_4.o(i.vPortFree)
    vPortSetupTimerInterrupt                 0x08002fd1   Thumb Code    32  port.o(i.vPortSetupTimerInterrupt)
    vTaskDelay                               0x08002ff5   Thumb Code    66  tasks.o(i.vTaskDelay)
    vTaskStartScheduler                      0x08003041   Thumb Code    94  tasks.o(i.vTaskStartScheduler)
    vTaskSuspendAll                          0x080030b1   Thumb Code    10  tasks.o(i.vTaskSuspendAll)
    vTaskSwitchContext                       0x080030c1   Thumb Code   150  tasks.o(i.vTaskSwitchContext)
    xPortStartScheduler                      0x08003161   Thumb Code   222  port.o(i.xPortStartScheduler)
    xTaskCreate                              0x08003255   Thumb Code    90  tasks.o(i.xTaskCreate)
    xTaskCreateStatic                        0x080032af   Thumb Code    86  tasks.o(i.xTaskCreateStatic)
    xTaskIncrementTick                       0x08003305   Thumb Code   194  tasks.o(i.xTaskIncrementTick)
    xTaskResumeAll                           0x080033d1   Thumb Code   182  tasks.o(i.xTaskResumeAll)
    AHBPrescTable                            0x080035d0   Data          16  system_stm32f4xx.o(.constdata)
    APBPrescTable                            0x080035e0   Data           8  system_stm32f4xx.o(.constdata)
    Region$$Table$$Base                      0x0800366c   Number         0  anon$$obj.o(Region$$Table)
    Region$$Table$$Limit                     0x0800368c   Number         0  anon$$obj.o(Region$$Table)
    adc_raw                                  0x20000000   Data           4  main.o(.data)
    Usart1_txHandle                          0x20000004   Data           4  freertos.o(.data)
    Usart1_rxHandle                          0x20000008   Data           4  freertos.o(.data)
    Usart2_txHandle                          0x2000000c   Data           4  freertos.o(.data)
    Usart2_rxHandle                          0x20000010   Data           4  freertos.o(.data)
    Usart3_txHandle                          0x20000014   Data           4  freertos.o(.data)
    Usart3_rxHandle                          0x20000018   Data           4  freertos.o(.data)
    OLEDHandle                               0x2000001c   Data           4  freertos.o(.data)
    Angle_sensorHandle                       0x20000020   Data           4  freertos.o(.data)
    Motor_runHandle                          0x20000024   Data           4  freertos.o(.data)
    Motor_sensorHandle                       0x20000028   Data           4  freertos.o(.data)
    BalanceHandle                            0x2000002c   Data           4  freertos.o(.data)
    uwTickFreq                               0x20000030   Data           1  stm32f4xx_hal.o(.data)
    uwTickPrio                               0x20000034   Data           4  stm32f4xx_hal.o(.data)
    uwTick                                   0x20000038   Data           4  stm32f4xx_hal.o(.data)
    SystemCoreClock                          0x2000003c   Data           4  system_stm32f4xx.o(.data)
    pxCurrentTCB                             0x20000040   Data           4  tasks.o(.data)
    hadc1                                    0x20000314   Data          72  adc.o(.bss)
    hdma_adc1                                0x2000035c   Data          96  adc.o(.bss)
    hi2c1                                    0x200003bc   Data          84  i2c.o(.bss)
    htim2                                    0x20000410   Data          72  tim.o(.bss)
    htim3                                    0x20000458   Data          72  tim.o(.bss)
    huart1                                   0x200004a0   Data          72  usart.o(.bss)
    huart2                                   0x200004e8   Data          72  usart.o(.bss)
    huart3                                   0x20000530   Data          72  usart.o(.bss)
    htim1                                    0x20000578   Data          72  stm32f4xx_hal_timebase_tim.o(.bss)
    __initial_sp                             0x200046b0   Data           0  startup_stm32f407xx.o(STACK)



==============================================================================

Memory Map of the image

  Image Entry point : 0x08000189

  Load Region LR_IROM1 (Base: 0x08000000, Size: 0x0000373c, Max: 0x00080000, ABSOLUTE)

    Execution Region ER_IROM1 (Exec base: 0x08000000, Load base: 0x08000000, Size: 0x0000368c, Max: 0x00080000, ABSOLUTE)

    Exec Addr    Load Addr    Size         Type   Attr      Idx    E Section Name        Object

    0x08000000   0x08000000   0x00000188   Data   RO            3    RESET               startup_stm32f407xx.o
    0x08000188   0x08000188   0x00000000   Code   RO         5528  * .ARM.Collect$$$$00000000  mc_w.l(entry.o)
    0x08000188   0x08000188   0x00000004   Code   RO         5806    .ARM.Collect$$$$00000001  mc_w.l(entry2.o)
    0x0800018c   0x0800018c   0x00000004   Code   RO         5809    .ARM.Collect$$$$00000004  mc_w.l(entry5.o)
    0x08000190   0x08000190   0x00000000   Code   RO         5811    .ARM.Collect$$$$00000008  mc_w.l(entry7b.o)
    0x08000190   0x08000190   0x00000000   Code   RO         5813    .ARM.Collect$$$$0000000A  mc_w.l(entry8b.o)
    0x08000190   0x08000190   0x00000008   Code   RO         5814    .ARM.Collect$$$$0000000B  mc_w.l(entry9a.o)
    0x08000198   0x08000198   0x00000004   Code   RO         5821    .ARM.Collect$$$$0000000E  mc_w.l(entry12b.o)
    0x0800019c   0x0800019c   0x00000000   Code   RO         5816    .ARM.Collect$$$$0000000F  mc_w.l(entry10a.o)
    0x0800019c   0x0800019c   0x00000000   Code   RO         5818    .ARM.Collect$$$$00000011  mc_w.l(entry11a.o)
    0x0800019c   0x0800019c   0x00000004   Code   RO         5807    .ARM.Collect$$$$00002712  mc_w.l(entry2.o)
    0x080001a0   0x080001a0   0x000000be   Code   RO         5451    .emb_text           port.o
    0x0800025e   0x0800025e   0x00000002   PAD
    0x08000260   0x08000260   0x00000024   Code   RO            4    .text               startup_stm32f407xx.o
    0x08000284   0x08000284   0x00000062   Code   RO         5531    .text               mc_w.l(uldiv.o)
    0x080002e6   0x080002e6   0x00000024   Code   RO         5533    .text               mc_w.l(memcpya.o)
    0x0800030a   0x0800030a   0x00000024   Code   RO         5537    .text               mc_w.l(memseta.o)
    0x0800032e   0x0800032e   0x0000001e   Code   RO         5827    .text               mc_w.l(llshl.o)
    0x0800034c   0x0800034c   0x00000020   Code   RO         5829    .text               mc_w.l(llushr.o)
    0x0800036c   0x0800036c   0x00000024   Code   RO         5842    .text               mc_w.l(init.o)
    0x08000390   0x08000390   0x0000006e   Code   RO         1834    i.ADC_DMAConvCplt   stm32f4xx_hal_adc.o
    0x080003fe   0x080003fe   0x00000016   Code   RO         1835    i.ADC_DMAError      stm32f4xx_hal_adc.o
    0x08000414   0x08000414   0x0000000a   Code   RO         1836    i.ADC_DMAHalfConvCplt  stm32f4xx_hal_adc.o
    0x0800041e   0x0800041e   0x00000002   PAD
    0x08000420   0x08000420   0x00000128   Code   RO         1837    i.ADC_Init          stm32f4xx_hal_adc.o
    0x08000548   0x08000548   0x00000002   Code   RO          578    i.BusFault_Handler  stm32f4xx_it.o
    0x0800054a   0x0800054a   0x00000002   PAD
    0x0800054c   0x0800054c   0x0000000c   Code   RO          579    i.DMA2_Stream0_IRQHandler  stm32f4xx_it.o
    0x08000558   0x08000558   0x00000028   Code   RO         2571    i.DMA_CalcBaseAndBitshift  stm32f4xx_hal_dma.o
    0x08000580   0x08000580   0x00000054   Code   RO         2572    i.DMA_CheckFifoParam  stm32f4xx_hal_dma.o
    0x080005d4   0x080005d4   0x00000028   Code   RO         2573    i.DMA_SetConfig     stm32f4xx_hal_dma.o
    0x080005fc   0x080005fc   0x00000002   Code   RO          580    i.DebugMon_Handler  stm32f4xx_it.o
    0x080005fe   0x080005fe   0x00000004   Code   RO           13    i.Error_Handler     main.o
    0x08000602   0x08000602   0x00000002   PAD
    0x08000604   0x08000604   0x0000014c   Code   RO         1839    i.HAL_ADC_ConfigChannel  stm32f4xx_hal_adc.o
    0x08000750   0x08000750   0x00000002   Code   RO         1840    i.HAL_ADC_ConvCpltCallback  stm32f4xx_hal_adc.o
    0x08000752   0x08000752   0x00000002   Code   RO         1841    i.HAL_ADC_ConvHalfCpltCallback  stm32f4xx_hal_adc.o
    0x08000754   0x08000754   0x00000002   Code   RO         1843    i.HAL_ADC_ErrorCallback  stm32f4xx_hal_adc.o
    0x08000756   0x08000756   0x00000054   Code   RO         1848    i.HAL_ADC_Init      stm32f4xx_hal_adc.o
    0x080007aa   0x080007aa   0x00000002   PAD
    0x080007ac   0x080007ac   0x00000098   Code   RO          351    i.HAL_ADC_MspInit   adc.o
    0x08000844   0x08000844   0x00000158   Code   RO         1855    i.HAL_ADC_Start_DMA  stm32f4xx_hal_adc.o
    0x0800099c   0x0800099c   0x000001a0   Code   RO         2579    i.HAL_DMA_IRQHandler  stm32f4xx_hal_dma.o
    0x08000b3c   0x08000b3c   0x000000d4   Code   RO         2580    i.HAL_DMA_Init      stm32f4xx_hal_dma.o
    0x08000c10   0x08000c10   0x0000006e   Code   RO         2584    i.HAL_DMA_Start_IT  stm32f4xx_hal_dma.o
    0x08000c7e   0x08000c7e   0x00000002   PAD
    0x08000c80   0x08000c80   0x000001f0   Code   RO         2467    i.HAL_GPIO_Init     stm32f4xx_hal_gpio.o
    0x08000e70   0x08000e70   0x00000010   Code   RO         2470    i.HAL_GPIO_TogglePin  stm32f4xx_hal_gpio.o
    0x08000e80   0x08000e80   0x0000000a   Code   RO         2471    i.HAL_GPIO_WritePin  stm32f4xx_hal_gpio.o
    0x08000e8a   0x08000e8a   0x00000002   PAD
    0x08000e8c   0x08000e8c   0x0000000c   Code   RO         3017    i.HAL_GetTick       stm32f4xx_hal.o
    0x08000e98   0x08000e98   0x00000188   Code   RO         3273    i.HAL_I2C_Init      stm32f4xx_hal_i2c.o
    0x08001020   0x08001020   0x00000068   Code   RO          417    i.HAL_I2C_MspInit   i2c.o
    0x08001088   0x08001088   0x00000010   Code   RO         3023    i.HAL_IncTick       stm32f4xx_hal.o
    0x08001098   0x08001098   0x00000034   Code   RO         3024    i.HAL_Init          stm32f4xx_hal.o
    0x080010cc   0x080010cc   0x0000008c   Code   RO          672    i.HAL_InitTick      stm32f4xx_hal_timebase_tim.o
    0x08001158   0x08001158   0x00000038   Code   RO          648    i.HAL_MspInit       stm32f4xx_hal_msp.o
    0x08001190   0x08001190   0x0000001a   Code   RO         2859    i.HAL_NVIC_EnableIRQ  stm32f4xx_hal_cortex.o
    0x080011aa   0x080011aa   0x00000002   PAD
    0x080011ac   0x080011ac   0x00000040   Code   RO         2865    i.HAL_NVIC_SetPriority  stm32f4xx_hal_cortex.o
    0x080011ec   0x080011ec   0x00000024   Code   RO         2866    i.HAL_NVIC_SetPriorityGrouping  stm32f4xx_hal_cortex.o
    0x08001210   0x08001210   0x00000134   Code   RO         2113    i.HAL_RCC_ClockConfig  stm32f4xx_hal_rcc.o
    0x08001344   0x08001344   0x00000040   Code   RO         2117    i.HAL_RCC_GetClockConfig  stm32f4xx_hal_rcc.o
    0x08001384   0x08001384   0x00000020   Code   RO         2120    i.HAL_RCC_GetPCLK1Freq  stm32f4xx_hal_rcc.o
    0x080013a4   0x080013a4   0x00000020   Code   RO         2121    i.HAL_RCC_GetPCLK2Freq  stm32f4xx_hal_rcc.o
    0x080013c4   0x080013c4   0x00000060   Code   RO         2122    i.HAL_RCC_GetSysClockFreq  stm32f4xx_hal_rcc.o
    0x08001424   0x08001424   0x0000036c   Code   RO         2125    i.HAL_RCC_OscConfig  stm32f4xx_hal_rcc.o
    0x08001790   0x08001790   0x00000002   Code   RO         1567    i.HAL_TIMEx_BreakCallback  stm32f4xx_hal_tim_ex.o
    0x08001792   0x08001792   0x00000002   Code   RO         1568    i.HAL_TIMEx_CommutCallback  stm32f4xx_hal_tim_ex.o
    0x08001794   0x08001794   0x00000090   Code   RO         1586    i.HAL_TIMEx_MasterConfigSynchronization  stm32f4xx_hal_tim_ex.o
    0x08001824   0x08001824   0x0000005a   Code   RO          863    i.HAL_TIM_Base_Init  stm32f4xx_hal_tim.o
    0x0800187e   0x0800187e   0x00000002   PAD
    0x08001880   0x08001880   0x00000028   Code   RO          459    i.HAL_TIM_Base_MspInit  tim.o
    0x080018a8   0x080018a8   0x00000080   Code   RO          868    i.HAL_TIM_Base_Start_IT  stm32f4xx_hal_tim.o
    0x08001928   0x08001928   0x000000dc   Code   RO          872    i.HAL_TIM_ConfigClockSource  stm32f4xx_hal_tim.o
    0x08001a04   0x08001a04   0x000000a4   Code   RO          884    i.HAL_TIM_Encoder_Init  stm32f4xx_hal_tim.o
    0x08001aa8   0x08001aa8   0x00000064   Code   RO          461    i.HAL_TIM_Encoder_MspInit  tim.o
    0x08001b0c   0x08001b0c   0x00000002   Code   RO          897    i.HAL_TIM_IC_CaptureCallback  stm32f4xx_hal_tim.o
    0x08001b0e   0x08001b0e   0x00000130   Code   RO          911    i.HAL_TIM_IRQHandler  stm32f4xx_hal_tim.o
    0x08001c3e   0x08001c3e   0x00000002   PAD
    0x08001c40   0x08001c40   0x00000050   Code   RO          462    i.HAL_TIM_MspPostInit  tim.o
    0x08001c90   0x08001c90   0x00000002   Code   RO          914    i.HAL_TIM_OC_DelayElapsedCallback  stm32f4xx_hal_tim.o
    0x08001c92   0x08001c92   0x000000cc   Code   RO          935    i.HAL_TIM_PWM_ConfigChannel  stm32f4xx_hal_tim.o
    0x08001d5e   0x08001d5e   0x0000005a   Code   RO          938    i.HAL_TIM_PWM_Init  stm32f4xx_hal_tim.o
    0x08001db8   0x08001db8   0x00000002   Code   RO          940    i.HAL_TIM_PWM_MspInit  stm32f4xx_hal_tim.o
    0x08001dba   0x08001dba   0x00000002   Code   RO          941    i.HAL_TIM_PWM_PulseFinishedCallback  stm32f4xx_hal_tim.o
    0x08001dbc   0x08001dbc   0x00000014   Code   RO           14    i.HAL_TIM_PeriodElapsedCallback  main.o
    0x08001dd0   0x08001dd0   0x00000002   Code   RO          954    i.HAL_TIM_TriggerCallback  stm32f4xx_hal_tim.o
    0x08001dd2   0x08001dd2   0x00000064   Code   RO         3747    i.HAL_UART_Init     stm32f4xx_hal_uart.o
    0x08001e36   0x08001e36   0x00000002   PAD
    0x08001e38   0x08001e38   0x000000f0   Code   RO          525    i.HAL_UART_MspInit  usart.o
    0x08001f28   0x08001f28   0x00000002   Code   RO          581    i.HardFault_Handler  stm32f4xx_it.o
    0x08001f2a   0x08001f2a   0x00000002   PAD
    0x08001f2c   0x08001f2c   0x0000002c   Code   RO          824    i.LED_Toggle        led.o
    0x08001f58   0x08001f58   0x0000007c   Code   RO          352    i.MX_ADC1_Init      adc.o
    0x08001fd4   0x08001fd4   0x0000002c   Code   RO          392    i.MX_DMA_Init       dma.o
    0x08002000   0x08002000   0x00000104   Code   RO          258    i.MX_FREERTOS_Init  freertos.o
    0x08002104   0x08002104   0x000000b0   Code   RO          234    i.MX_GPIO_Init      gpio.o
    0x080021b4   0x080021b4   0x00000040   Code   RO          418    i.MX_I2C1_Init      i2c.o
    0x080021f4   0x080021f4   0x00000068   Code   RO          463    i.MX_TIM2_Init      tim.o
    0x0800225c   0x0800225c   0x000000ac   Code   RO          464    i.MX_TIM3_Init      tim.o
    0x08002308   0x08002308   0x00000038   Code   RO          526    i.MX_USART1_UART_Init  usart.o
    0x08002340   0x08002340   0x00000038   Code   RO          527    i.MX_USART2_UART_Init  usart.o
    0x08002378   0x08002378   0x00000038   Code   RO          528    i.MX_USART3_UART_Init  usart.o
    0x080023b0   0x080023b0   0x00000002   Code   RO          582    i.MemManage_Handler  stm32f4xx_it.o
    0x080023b2   0x080023b2   0x00000002   Code   RO          583    i.NMI_Handler       stm32f4xx_it.o
    0x080023b4   0x080023b4   0x0000002c   Code   RO         5452    i.SysTick_Handler   port.o
    0x080023e0   0x080023e0   0x00000094   Code   RO           15    i.SystemClock_Config  main.o
    0x08002474   0x08002474   0x00000010   Code   RO         4081    i.SystemInit        system_stm32f4xx.o
    0x08002484   0x08002484   0x0000000c   Code   RO          584    i.TIM1_UP_TIM10_IRQHandler  stm32f4xx_it.o
    0x08002490   0x08002490   0x000000d0   Code   RO          956    i.TIM_Base_SetConfig  stm32f4xx_hal_tim.o
    0x08002560   0x08002560   0x00000014   Code   RO          967    i.TIM_ETR_SetConfig  stm32f4xx_hal_tim.o
    0x08002574   0x08002574   0x00000010   Code   RO          968    i.TIM_ITRx_SetConfig  stm32f4xx_hal_tim.o
    0x08002584   0x08002584   0x00000060   Code   RO          969    i.TIM_OC1_SetConfig  stm32f4xx_hal_tim.o
    0x080025e4   0x080025e4   0x0000006c   Code   RO          970    i.TIM_OC2_SetConfig  stm32f4xx_hal_tim.o
    0x08002650   0x08002650   0x00000068   Code   RO          971    i.TIM_OC3_SetConfig  stm32f4xx_hal_tim.o
    0x080026b8   0x080026b8   0x00000050   Code   RO          972    i.TIM_OC4_SetConfig  stm32f4xx_hal_tim.o
    0x08002708   0x08002708   0x00000022   Code   RO          974    i.TIM_TI1_ConfigInputStage  stm32f4xx_hal_tim.o
    0x0800272a   0x0800272a   0x00000024   Code   RO          976    i.TIM_TI2_ConfigInputStage  stm32f4xx_hal_tim.o
    0x0800274e   0x0800274e   0x00000002   PAD
    0x08002750   0x08002750   0x0000010c   Code   RO         3773    i.UART_SetConfig    stm32f4xx_hal_uart.o
    0x0800285c   0x0800285c   0x00000002   Code   RO          585    i.UsageFault_Handler  stm32f4xx_it.o
    0x0800285e   0x0800285e   0x00000020   Code   RO         2872    i.__NVIC_SetPriority  stm32f4xx_hal_cortex.o
    0x0800287e   0x0800287e   0x0000000e   Code   RO         5852    i.__scatterload_copy  mc_w.l(handlers.o)
    0x0800288c   0x0800288c   0x00000002   Code   RO         5853    i.__scatterload_null  mc_w.l(handlers.o)
    0x0800288e   0x0800288e   0x0000000e   Code   RO         5854    i.__scatterload_zeroinit  mc_w.l(handlers.o)
    0x0800289c   0x0800289c   0x00000030   Code   RO          711    i.angle_sensor_f    angle_sensor.o
    0x080028cc   0x080028cc   0x00000008   Code   RO          735    i.balance_f         balance.o
    0x080028d4   0x080028d4   0x00000002   Code   RO          259    i.configureTimerForRunTimeStats  freertos.o
    0x080028d6   0x080028d6   0x00000004   Code   RO          260    i.getRunTimeCounterValue  freertos.o
    0x080028da   0x080028da   0x00000002   PAD
    0x080028dc   0x080028dc   0x00000048   Code   RO           16    i.main              main.o
    0x08002924   0x08002924   0x0000000c   Code   RO         5017    i.makeFreeRtosPriority  cmsis_os.o
    0x08002930   0x08002930   0x00000008   Code   RO          747    i.motor_run_f       motor.o
    0x08002938   0x08002938   0x00000008   Code   RO          748    i.motor_sensor_f    motor.o
    0x08002940   0x08002940   0x00000008   Code   RO          765    i.oled_f            my_oled.o
    0x08002948   0x08002948   0x0000000e   Code   RO         5019    i.osDelay           cmsis_os.o
    0x08002956   0x08002956   0x0000000a   Code   RO         5022    i.osKernelStart     cmsis_os.o
    0x08002960   0x08002960   0x00000054   Code   RO         5056    i.osThreadCreate    cmsis_os.o
    0x080029b4   0x080029b4   0x00000070   Code   RO         4644    i.prvAddCurrentTaskToDelayedList  tasks.o
    0x08002a24   0x08002a24   0x000000d0   Code   RO         4645    i.prvAddNewTaskToReadyList  tasks.o
    0x08002af4   0x08002af4   0x00000034   Code   RO         4646    i.prvDeleteTCB      tasks.o
    0x08002b28   0x08002b28   0x0000004c   Code   RO         5384    i.prvHeapInit       heap_4.o
    0x08002b74   0x08002b74   0x00000060   Code   RO         4647    i.prvIdleTask       tasks.o
    0x08002bd4   0x08002bd4   0x000000b2   Code   RO         4648    i.prvInitialiseNewTask  tasks.o
    0x08002c86   0x08002c86   0x00000002   PAD
    0x08002c88   0x08002c88   0x0000004c   Code   RO         5385    i.prvInsertBlockIntoFreeList  heap_4.o
    0x08002cd4   0x08002cd4   0x00000020   Code   RO         4650    i.prvResetNextTaskUnblockTime  tasks.o
    0x08002cf4   0x08002cf4   0x00000028   Code   RO         5453    i.prvTaskExitError  port.o
    0x08002d1c   0x08002d1c   0x000000e8   Code   RO         5386    i.pvPortMalloc      heap_4.o
    0x08002e04   0x08002e04   0x0000002c   Code   RO         5454    i.pxPortInitialiseStack  port.o
    0x08002e30   0x08002e30   0x00000008   Code   RO          777    i.usart1_rx_f       my_usart.o
    0x08002e38   0x08002e38   0x00000008   Code   RO          778    i.usart1_tx_f       my_usart.o
    0x08002e40   0x08002e40   0x00000008   Code   RO          779    i.usart2_rx_f       my_usart.o
    0x08002e48   0x08002e48   0x00000008   Code   RO          780    i.usart2_tx_f       my_usart.o
    0x08002e50   0x08002e50   0x00000008   Code   RO          781    i.usart3_rx_f       my_usart.o
    0x08002e58   0x08002e58   0x00000008   Code   RO          782    i.usart3_tx_f       my_usart.o
    0x08002e60   0x08002e60   0x00000026   Code   RO         4231    i.uxListRemove      list.o
    0x08002e86   0x08002e86   0x00000002   PAD
    0x08002e88   0x08002e88   0x00000014   Code   RO          261    i.vApplicationGetIdleTaskMemory  freertos.o
    0x08002e9c   0x08002e9c   0x00000002   Code   RO          262    i.vApplicationMallocFailedHook  freertos.o
    0x08002e9e   0x08002e9e   0x00000002   Code   RO          263    i.vApplicationStackOverflowHook  freertos.o
    0x08002ea0   0x08002ea0   0x00000016   Code   RO         4232    i.vListInitialise   list.o
    0x08002eb6   0x08002eb6   0x00000006   Code   RO         4233    i.vListInitialiseItem  list.o
    0x08002ebc   0x08002ebc   0x00000030   Code   RO         4234    i.vListInsert       list.o
    0x08002eec   0x08002eec   0x00000018   Code   RO         4235    i.vListInsertEnd    list.o
    0x08002f04   0x08002f04   0x00000040   Code   RO         5456    i.vPortEnterCritical  port.o
    0x08002f44   0x08002f44   0x00000028   Code   RO         5457    i.vPortExitCritical  port.o
    0x08002f6c   0x08002f6c   0x00000064   Code   RO         5387    i.vPortFree         heap_4.o
    0x08002fd0   0x08002fd0   0x00000024   Code   RO         5458    i.vPortSetupTimerInterrupt  port.o
    0x08002ff4   0x08002ff4   0x0000004c   Code   RO         4662    i.vTaskDelay        tasks.o
    0x08003040   0x08003040   0x00000070   Code   RO         4679    i.vTaskStartScheduler  tasks.o
    0x080030b0   0x080030b0   0x00000010   Code   RO         4681    i.vTaskSuspendAll   tasks.o
    0x080030c0   0x080030c0   0x000000a0   Code   RO         4682    i.vTaskSwitchContext  tasks.o
    0x08003160   0x08003160   0x000000f4   Code   RO         5460    i.xPortStartScheduler  port.o
    0x08003254   0x08003254   0x0000005a   Code   RO         4685    i.xTaskCreate       tasks.o
    0x080032ae   0x080032ae   0x00000056   Code   RO         4686    i.xTaskCreateStatic  tasks.o
    0x08003304   0x08003304   0x000000cc   Code   RO         4693    i.xTaskIncrementTick  tasks.o
    0x080033d0   0x080033d0   0x000000c4   Code   RO         4699    i.xTaskResumeAll    tasks.o
    0x08003494   0x08003494   0x00000134   Data   RO          265    .constdata          freertos.o
    0x080035c8   0x080035c8   0x00000008   Data   RO         2586    .constdata          stm32f4xx_hal_dma.o
    0x080035d0   0x080035d0   0x00000010   Data   RO         4082    .constdata          system_stm32f4xx.o
    0x080035e0   0x080035e0   0x00000008   Data   RO         4083    .constdata          system_stm32f4xx.o
    0x080035e8   0x080035e8   0x00000082   Data   RO          266    .conststring        freertos.o
    0x0800366a   0x0800366a   0x00000002   PAD
    0x0800366c   0x0800366c   0x00000020   Data   RO         5850    Region$$Table       anon$$obj.o


    Execution Region RW_IRAM1 (Exec base: 0x20000000, Load base: 0x0800368c, Size: 0x000046b0, Max: 0x0001c000, ABSOLUTE)

    Exec Addr    Load Addr    Size         Type   Attr      Idx    E Section Name        Object

    0x20000000   0x0800368c   0x00000004   Data   RW           17    .data               main.o
    0x20000004   0x08003690   0x0000002c   Data   RW          268    .data               freertos.o
    0x20000030   0x080036bc   0x0000000c   Data   RW         3031    .data               stm32f4xx_hal.o
    0x2000003c   0x080036c8   0x00000004   Data   RW         4084    .data               system_stm32f4xx.o
    0x20000040   0x080036cc   0x00000044   Data   RW         4702    .data               tasks.o
    0x20000084   0x08003710   0x00000020   Data   RW         5393    .data               heap_4.o
    0x200000a4   0x08003730   0x0000000c   Data   RW         5461    .data               port.o
    0x200000b0        -       0x00000264   Zero   RW          264    .bss                freertos.o
    0x20000314        -       0x000000a8   Zero   RW          353    .bss                adc.o
    0x200003bc        -       0x00000054   Zero   RW          419    .bss                i2c.o
    0x20000410        -       0x00000090   Zero   RW          465    .bss                tim.o
    0x200004a0        -       0x000000d8   Zero   RW          529    .bss                usart.o
    0x20000578        -       0x00000048   Zero   RW          675    .bss                stm32f4xx_hal_timebase_tim.o
    0x200005c0        -       0x000000f0   Zero   RW         4701    .bss                tasks.o
    0x200006b0        -       0x00003c00   Zero   RW         5392    .bss                heap_4.o
    0x200042b0        -       0x00000400   Zero   RW            1    STACK               startup_stm32f407xx.o


    Execution Region RW_IRAM2 (Exec base: 0x2001c000, Load base: 0x0800373c, Size: 0x00000000, Max: 0x00004000, ABSOLUTE)

    **** No section assigned to this execution region ****


==============================================================================

Image component sizes


      Code (inc. data)   RO Data    RW Data    ZI Data      Debug   Object Name

       276         34          0          0        168       1971   adc.o
        48          0          0          0          0        577   angle_sensor.o
         8          0          0          0          0        516   balance.o
       120          0          0          0          0      23569   cmsis_os.o
        44          4          0          0          0        858   dma.o
         0          0          0          0          0      16976   event_groups.o
       290         16        438         44        612       5544   freertos.o
       176         12          0          0          0       1087   gpio.o
       484         26          0         32      15360       7759   heap_4.o
       168         26          0          0         84       1845   i2c.o
        44          8          0          0          0        565   led.o
       138          0          0          0          0       3818   list.o
       244         24          0          4          0     749442   main.o
        16          0          0          0          0       1031   motor.o
         8          0          0          0          0        509   my_oled.o
        48          0          0          0          0       3108   my_usart.o
       702         72          0         12          0      11440   port.o
        36          8        392          0       1024        864   startup_stm32f407xx.o
        80         14          0         12          0       8330   stm32f4xx_hal.o
      1204         66          0          0          0       7981   stm32f4xx_hal_adc.o
       158         14          0          0          0      33258   stm32f4xx_hal_cortex.o
       902         16          8          0          0       6103   stm32f4xx_hal_dma.o
       522         46          0          0          0       3005   stm32f4xx_hal_gpio.o
       392         16          0          0          0       3307   stm32f4xx_hal_i2c.o
        56          4          0          0          0        950   stm32f4xx_hal_msp.o
      1408         82          0          0          0       6213   stm32f4xx_hal_rcc.o
      1912        108          0          0          0      17377   stm32f4xx_hal_tim.o
       148         28          0          0          0       2657   stm32f4xx_hal_tim_ex.o
       140         20          0          0         72       1559   stm32f4xx_hal_timebase_tim.o
       368         10          0          0          0       2168   stm32f4xx_hal_uart.o
        36         12          0          0          0       4086   stm32f4xx_it.o
         0          0          0          0          0        432   stream_buffer.o
        16          4         24          4          0       1255   system_stm32f4xx.o
      1618        110          0         68        240      20742   tasks.o
       496         48          0          0        144       4027   tim.o
       408         54          0          0        216       3376   usart.o

    ----------------------------------------------------------------------
     12746        882        896        176      17920     958305   Object Totals
         0          0         32          0          0          0   (incl. Generated)
        32          0          2          0          0          0   (incl. Padding)

    ----------------------------------------------------------------------

      Code (inc. data)   RO Data    RW Data    ZI Data      Debug   Library Member Name

         0          0          0          0          0          0   entry.o
         0          0          0          0          0          0   entry10a.o
         0          0          0          0          0          0   entry11a.o
         4          0          0          0          0          0   entry12b.o
         8          4          0          0          0          0   entry2.o
         4          0          0          0          0          0   entry5.o
         0          0          0          0          0          0   entry7b.o
         0          0          0          0          0          0   entry8b.o
         8          4          0          0          0          0   entry9a.o
        30          0          0          0          0          0   handlers.o
        36          8          0          0          0         68   init.o
        30          0          0          0          0         68   llshl.o
        32          0          0          0          0         68   llushr.o
        36          0          0          0          0         68   memcpya.o
        36          0          0          0          0        108   memseta.o
        98          0          0          0          0         92   uldiv.o

    ----------------------------------------------------------------------
       322         16          0          0          0        472   Library Totals
         0          0          0          0          0          0   (incl. Padding)

    ----------------------------------------------------------------------

      Code (inc. data)   RO Data    RW Data    ZI Data      Debug   Library Name

       322         16          0          0          0        472   mc_w.l

    ----------------------------------------------------------------------
       322         16          0          0          0        472   Library Totals

    ----------------------------------------------------------------------

==============================================================================


      Code (inc. data)   RO Data    RW Data    ZI Data      Debug   

     13068        898        896        176      17920     945325   Grand Totals
     13068        898        896        176      17920     945325   ELF Image Totals
     13068        898        896        176          0          0   ROM Totals

==============================================================================

    Total RO  Size (Code + RO Data)                13964 (  13.64kB)
    Total RW  Size (RW Data + ZI Data)             18096 (  17.67kB)
    Total ROM Size (Code + RO Data + RW Data)      14140 (  13.81kB)

==============================================================================

